../Core/Src/TM1637.c:28:6:TM1637_ClkHigh	8	static
../Core/Src/TM1637.c:33:6:TM1637_ClkLow	8	static
../Core/Src/TM1637.c:38:6:TM1637_DataHigh	8	static
../Core/Src/TM1637.c:43:6:TM1637_DataLow	8	static
../Core/Src/TM1637.c:48:6:TM1637_Demo	16	static
../Core/Src/TM1637.c:56:6:TM1637_DisplayDecimal	32	static
../Core/Src/TM1637.c:86:6:TM1637_SetBrightness	16	static
../Core/Src/TM1637.c:99:6:TM1637_Start	8	static
../Core/Src/TM1637.c:107:6:TM1637_Stop	8	static
../Core/Src/TM1637.c:118:6:TM1637_ReadResult	8	static
../Core/Src/TM1637.c:128:6:TM1637_WriteByte	24	static
../Core/Src/TM1637.c:145:6:TM1637_DelayUsec	24	static,ignoring_inline_asm
