../Lib/Handler.c:23:6:peripherialsInit	8	static
../Lib/Handler.c:31:6:switchMode	4	static
../Lib/Handler.c:44:6:Compute	16	static
../Lib/Handler.c:72:6:singleMode	16	static
../Lib/Handler.c:81:6:continuousMode	16	static
../Lib/Handler.c:120:6:readMeasure	8	static
../Lib/Handler.c:137:6:Display	16	static
../Lib/Handler.c:143:6:saveToMem	16	static
../Lib/Handler.c:149:6:HAL_GPIO_EXTI_Callback	16	static
../Lib/Handler.c:171:6:HAL_TIM_PeriodElapsedCallback	16	static
../Lib/Handler.c:180:6:HAL_UART_RxCpltCallback	24	static
