../Core/Lib/Handler.c:32:6:peripherialsInit	8	static
../Core/Lib/Handler.c:40:6:switchMode	4	static
../Core/Lib/Handler.c:53:6:Compute	16	static
../Core/Lib/Handler.c:74:6:singleMode	16	static
../Core/Lib/Handler.c:83:6:continuousMode	16	static
../Core/Lib/Handler.c:122:6:readMeasure	8	static
../Core/Lib/Handler.c:139:6:Display	16	static
../Core/Lib/Handler.c:145:6:saveToMem	16	static
../Core/Lib/Handler.c:151:6:HAL_GPIO_EXTI_Callback	16	static
../Core/Lib/Handler.c:173:6:HAL_TIM_PeriodElapsedCallback	24	static
../Core/Lib/Handler.c:188:6:HAL_UARTEx_RxEventCallback	16	static
