../Core/Lib/Handler.c:32:6:hardwareInit	4	static
../Core/Lib/Handler.c:41:6:peripherialsInit	8	static
../Core/Lib/Handler.c:50:6:switchMode	4	static
../Core/Lib/Handler.c:63:6:Compute	16	static
../Core/Lib/Handler.c:75:6:singleMode	16	static
../Core/Lib/Handler.c:84:6:continuousMode	16	static
../Core/Lib/Handler.c:100:6:readMeasure	8	static
../Core/Lib/Handler.c:117:6:Display	16	static
../Core/Lib/Handler.c:123:6:saveToMem	16	static
../Core/Lib/Handler.c:129:6:HAL_GPIO_EXTI_Callback	16	static
../Core/Lib/Handler.c:151:6:HAL_TIM_PeriodElapsedCallback	24	static
../Core/Lib/Handler.c:166:6:HAL_UARTEx_RxEventCallback	16	static
