Archive member included to satisfy reference by file (symbol)

C:/Programy/STM/IDE/STM32CubeIDE_1.13.2/STM32CubeIDE/plugins/com.st.stm32cube.ide.mcu.externaltools.gnu-tools-for-stm32.11.3.rel1.win32_1.1.1.202309131626/tools/bin/../lib/gcc/arm-none-eabi/11.3.1/../../../../arm-none-eabi/lib/thumb/v7-m/nofp\libc_nano.a(libc_a-exit.o)
                              C:/Programy/STM/IDE/STM32CubeIDE_1.13.2/STM32CubeIDE/plugins/com.st.stm32cube.ide.mcu.externaltools.gnu-tools-for-stm32.11.3.rel1.win32_1.1.1.202309131626/tools/bin/../lib/gcc/arm-none-eabi/11.3.1/../../../../arm-none-eabi/lib/thumb/v7-m/nofp/crt0.o (exit)
C:/Programy/STM/IDE/STM32CubeIDE_1.13.2/STM32CubeIDE/plugins/com.st.stm32cube.ide.mcu.externaltools.gnu-tools-for-stm32.11.3.rel1.win32_1.1.1.202309131626/tools/bin/../lib/gcc/arm-none-eabi/11.3.1/../../../../arm-none-eabi/lib/thumb/v7-m/nofp\libc_nano.a(libc_a-findfp.o)
                              C:/Programy/STM/IDE/STM32CubeIDE_1.13.2/STM32CubeIDE/plugins/com.st.stm32cube.ide.mcu.externaltools.gnu-tools-for-stm32.11.3.rel1.win32_1.1.1.202309131626/tools/bin/../lib/gcc/arm-none-eabi/11.3.1/../../../../arm-none-eabi/lib/thumb/v7-m/nofp\libc_nano.a(libc_a-exit.o) (__stdio_exit_handler)
C:/Programy/STM/IDE/STM32CubeIDE_1.13.2/STM32CubeIDE/plugins/com.st.stm32cube.ide.mcu.externaltools.gnu-tools-for-stm32.11.3.rel1.win32_1.1.1.202309131626/tools/bin/../lib/gcc/arm-none-eabi/11.3.1/../../../../arm-none-eabi/lib/thumb/v7-m/nofp\libc_nano.a(libc_a-fwalk.o)
                              C:/Programy/STM/IDE/STM32CubeIDE_1.13.2/STM32CubeIDE/plugins/com.st.stm32cube.ide.mcu.externaltools.gnu-tools-for-stm32.11.3.rel1.win32_1.1.1.202309131626/tools/bin/../lib/gcc/arm-none-eabi/11.3.1/../../../../arm-none-eabi/lib/thumb/v7-m/nofp\libc_nano.a(libc_a-findfp.o) (_fwalk_sglue)
C:/Programy/STM/IDE/STM32CubeIDE_1.13.2/STM32CubeIDE/plugins/com.st.stm32cube.ide.mcu.externaltools.gnu-tools-for-stm32.11.3.rel1.win32_1.1.1.202309131626/tools/bin/../lib/gcc/arm-none-eabi/11.3.1/../../../../arm-none-eabi/lib/thumb/v7-m/nofp\libc_nano.a(libc_a-stdio.o)
                              C:/Programy/STM/IDE/STM32CubeIDE_1.13.2/STM32CubeIDE/plugins/com.st.stm32cube.ide.mcu.externaltools.gnu-tools-for-stm32.11.3.rel1.win32_1.1.1.202309131626/tools/bin/../lib/gcc/arm-none-eabi/11.3.1/../../../../arm-none-eabi/lib/thumb/v7-m/nofp\libc_nano.a(libc_a-findfp.o) (__sread)
C:/Programy/STM/IDE/STM32CubeIDE_1.13.2/STM32CubeIDE/plugins/com.st.stm32cube.ide.mcu.externaltools.gnu-tools-for-stm32.11.3.rel1.win32_1.1.1.202309131626/tools/bin/../lib/gcc/arm-none-eabi/11.3.1/../../../../arm-none-eabi/lib/thumb/v7-m/nofp\libc_nano.a(libc_a-memset.o)
                              C:/Programy/STM/IDE/STM32CubeIDE_1.13.2/STM32CubeIDE/plugins/com.st.stm32cube.ide.mcu.externaltools.gnu-tools-for-stm32.11.3.rel1.win32_1.1.1.202309131626/tools/bin/../lib/gcc/arm-none-eabi/11.3.1/../../../../arm-none-eabi/lib/thumb/v7-m/nofp/crt0.o (memset)
C:/Programy/STM/IDE/STM32CubeIDE_1.13.2/STM32CubeIDE/plugins/com.st.stm32cube.ide.mcu.externaltools.gnu-tools-for-stm32.11.3.rel1.win32_1.1.1.202309131626/tools/bin/../lib/gcc/arm-none-eabi/11.3.1/../../../../arm-none-eabi/lib/thumb/v7-m/nofp\libc_nano.a(libc_a-closer.o)
                              C:/Programy/STM/IDE/STM32CubeIDE_1.13.2/STM32CubeIDE/plugins/com.st.stm32cube.ide.mcu.externaltools.gnu-tools-for-stm32.11.3.rel1.win32_1.1.1.202309131626/tools/bin/../lib/gcc/arm-none-eabi/11.3.1/../../../../arm-none-eabi/lib/thumb/v7-m/nofp\libc_nano.a(libc_a-stdio.o) (_close_r)
C:/Programy/STM/IDE/STM32CubeIDE_1.13.2/STM32CubeIDE/plugins/com.st.stm32cube.ide.mcu.externaltools.gnu-tools-for-stm32.11.3.rel1.win32_1.1.1.202309131626/tools/bin/../lib/gcc/arm-none-eabi/11.3.1/../../../../arm-none-eabi/lib/thumb/v7-m/nofp\libc_nano.a(libc_a-reent.o)
                              C:/Programy/STM/IDE/STM32CubeIDE_1.13.2/STM32CubeIDE/plugins/com.st.stm32cube.ide.mcu.externaltools.gnu-tools-for-stm32.11.3.rel1.win32_1.1.1.202309131626/tools/bin/../lib/gcc/arm-none-eabi/11.3.1/../../../../arm-none-eabi/lib/thumb/v7-m/nofp\libc_nano.a(libc_a-closer.o) (errno)
C:/Programy/STM/IDE/STM32CubeIDE_1.13.2/STM32CubeIDE/plugins/com.st.stm32cube.ide.mcu.externaltools.gnu-tools-for-stm32.11.3.rel1.win32_1.1.1.202309131626/tools/bin/../lib/gcc/arm-none-eabi/11.3.1/../../../../arm-none-eabi/lib/thumb/v7-m/nofp\libc_nano.a(libc_a-impure.o)
                              C:/Programy/STM/IDE/STM32CubeIDE_1.13.2/STM32CubeIDE/plugins/com.st.stm32cube.ide.mcu.externaltools.gnu-tools-for-stm32.11.3.rel1.win32_1.1.1.202309131626/tools/bin/../lib/gcc/arm-none-eabi/11.3.1/../../../../arm-none-eabi/lib/thumb/v7-m/nofp\libc_nano.a(libc_a-reent.o) (_impure_ptr)
C:/Programy/STM/IDE/STM32CubeIDE_1.13.2/STM32CubeIDE/plugins/com.st.stm32cube.ide.mcu.externaltools.gnu-tools-for-stm32.11.3.rel1.win32_1.1.1.202309131626/tools/bin/../lib/gcc/arm-none-eabi/11.3.1/../../../../arm-none-eabi/lib/thumb/v7-m/nofp\libc_nano.a(libc_a-lseekr.o)
[...]
Memory Configuration

Name             Origin             Length             Attributes
RAM              0x0000000020000000 0x0000000000005000 xrw
FLASH            0x0000000008000000 0x0000000000020000 xr
*default*        0x0000000000000000 0xffffffffffffffff

Linker script and memory map

LOAD C:/Programy/STM/IDE/STM32CubeIDE_1.13.2/STM32CubeIDE/plugins/com.st.stm32cube.ide.mcu.externaltools.gnu-tools-for-stm32.11.3.rel1.win32_1.1.1.202309131626/tools/bin/../lib/gcc/arm-none-eabi/11.3.1/thumb/v7-m/nofp/crti.o
LOAD C:/Programy/STM/IDE/STM32CubeIDE_1.13.2/STM32CubeIDE/plugins/com.st.stm32cube.ide.mcu.externaltools.gnu-tools-for-stm32.11.3.rel1.win32_1.1.1.202309131626/tools/bin/../lib/gcc/arm-none-eabi/11.3.1/thumb/v7-m/nofp/crtbegin.o
LOAD C:/Programy/STM/IDE/STM32CubeIDE_1.13.2/STM32CubeIDE/plugins/com.st.stm32cube.ide.mcu.externaltools.gnu-tools-for-stm32.11.3.rel1.win32_1.1.1.202309131626/tools/bin/../lib/gcc/arm-none-eabi/11.3.1/../../../../arm-none-eabi/lib/thumb/v7-m/nofp/crt0.o
LOAD ./Core/Src/gpio.o
LOAD ./Core/Src/i2c.o
LOAD ./Core/Src/main.o
LOAD ./Core/Src/stm32f1xx_hal_msp.o
LOAD ./Core/Src/stm32f1xx_it.o
LOAD ./Core/Src/syscalls.o
LOAD ./Core/Src/sysmem.o
LOAD ./Core/Src/system_stm32f1xx.o
LOAD ./Core/Src/usart.o
LOAD ./Core/Startup/startup_stm32f103rbtx.o
LOAD ./Drivers/STM32F1xx_HAL_Driver/Src/stm32f1xx_hal.o
LOAD ./Drivers/STM32F1xx_HAL_Driver/Src/stm32f1xx_hal_cortex.o
LOAD ./Drivers/STM32F1xx_HAL_Driver/Src/stm32f1xx_hal_dma.o
LOAD ./Drivers/STM32F1xx_HAL_Driver/Src/stm32f1xx_hal_exti.o
LOAD ./Drivers/STM32F1xx_HAL_Driver/Src/stm32f1xx_hal_flash.o
LOAD ./Drivers/STM32F1xx_HAL_Driver/Src/stm32f1xx_hal_flash_ex.o
LOAD ./Drivers/STM32F1xx_HAL_Driver/Src/stm32f1xx_hal_gpio.o
LOAD ./Drivers/STM32F1xx_HAL_Driver/Src/stm32f1xx_hal_gpio_ex.o
LOAD ./Drivers/STM32F1xx_HAL_Driver/Src/stm32f1xx_hal_i2c.o
LOAD ./Drivers/STM32F1xx_HAL_Driver/Src/stm32f1xx_hal_pwr.o
LOAD ./Drivers/STM32F1xx_HAL_Driver/Src/stm32f1xx_hal_rcc.o
LOAD ./Drivers/STM32F1xx_HAL_Driver/Src/stm32f1xx_hal_rcc_ex.o
LOAD ./Drivers/STM32F1xx_HAL_Driver/Src/stm32f1xx_hal_tim.o
LOAD ./Drivers/STM32F1xx_HAL_Driver/Src/stm32f1xx_hal_tim_ex.o
LOAD ./Drivers/STM32F1xx_HAL_Driver/Src/stm32f1xx_hal_uart.o
LOAD ./Drivers/VL53L0X/core/src/vl53l0x_api.o
LOAD ./Drivers/VL53L0X/core/src/vl53l0x_api_calibration.o
LOAD ./Drivers/VL53L0X/core/src/vl53l0x_api_core.o
LOAD ./Drivers/VL53L0X/core/src/vl53l0x_api_ranging.o
LOAD ./Drivers/VL53L0X/core/src/vl53l0x_api_strings.o
LOAD ./Drivers/VL53L0X/platform/src/vl53l0x_platform.o
LOAD ./Drivers/VL53L0X/platform/src/vl53l0x_platform_log.o
LOAD ./Lib/EEPROM.o
LOAD ./Lib/Handler.o
LOAD ./Lib/TM1637.o
LOAD ./Lib/VL53_API_Interface.o
START GROUP
LOAD C:/Programy/STM/IDE/STM32CubeIDE_1.13.2/STM32CubeIDE/plugins/com.st.stm32cube.ide.mcu.externaltools.gnu-tools-for-stm32.11.3.rel1.win32_1.1.1.202309131626/tools/bin/../lib/gcc/arm-none-eabi/11.3.1/../../../../arm-none-eabi/lib/thumb/v7-m/nofp\libc_nano.a
LOAD C:/Programy/STM/IDE/STM32CubeIDE_1.13.2/STM32CubeIDE/plugins/com.st.stm32cube.ide.mcu.externaltools.gnu-tools-for-stm32.11.3.rel1.win32_1.1.1.202309131626/tools/bin/../lib/gcc/arm-none-eabi/11.3.1/../../../../arm-none-eabi/lib/thumb/v7-m/nofp\libm.a
END GROUP
START GROUP
LOAD C:/Programy/STM/IDE/STM32CubeIDE_1.13.2/STM32CubeIDE/plugins/com.st.stm32cube.ide.mcu.externaltools.gnu-tools-for-stm32.11.3.rel1.win32_1.1.1.202309131626/tools/bin/../lib/gcc/arm-none-eabi/11.3.1/thumb/v7-m/nofp\libgcc.a
LOAD C:/Programy/STM/IDE/STM32CubeIDE_1.13.2/STM32CubeIDE/plugins/com.st.stm32cube.ide.mcu.externaltools.gnu-tools-for-stm32.11.3.rel1.win32_1.1.1.202309131626/tools/bin/../lib/gcc/arm-none-eabi/11.3.1/../../../../arm-none-eabi/lib/thumb/v7-m/nofp\libc_nano.a
END GROUP
START GROUP
LOAD C:/Programy/STM/IDE/STM32CubeIDE_1.13.2/STM32CubeIDE/plugins/com.st.stm32cube.ide.mcu.externaltools.gnu-tools-for-stm32.11.3.rel1.win32_1.1.1.202309131626/tools/bin/../lib/gcc/arm-none-eabi/11.3.1/thumb/v7-m/nofp\libgcc.a
LOAD C:/Programy/STM/IDE/STM32CubeIDE_1.13.2/STM32CubeIDE/plugins/com.st.stm32cube.ide.mcu.externaltools.gnu-tools-for-stm32.11.3.rel1.win32_1.1.1.202309131626/tools/bin/../lib/gcc/arm-none-eabi/11.3.1/../../../../arm-none-eabi/lib/thumb/v7-m/nofp\libc_nano.a
LOAD C:/Programy/STM/IDE/STM32CubeIDE_1.13.2/STM32CubeIDE/plugins/com.st.stm32cube.ide.mcu.externaltools.gnu-tools-for-stm32.11.3.rel1.win32_1.1.1.202309131626/tools/bin/../lib/gcc/arm-none-eabi/11.3.1/../../../../arm-none-eabi/lib/thumb/v7-m/nofp\libnosys.a
END GROUP
START GROUP
LOAD C:/Programy/STM/IDE/STM32CubeIDE_1.13.2/STM32CubeIDE/plugins/com.st.stm32cube.ide.mcu.externaltools.gnu-tools-for-stm32.11.3.rel1.win32_1.1.1.202309131626/tools/bin/../lib/gcc/arm-none-eabi/11.3.1/thumb/v7-m/nofp\libgcc.a
LOAD C:/Programy/STM/IDE/STM32CubeIDE_1.13.2/STM32CubeIDE/plugins/com.st.stm32cube.ide.mcu.externaltools.gnu-tools-for-stm32.11.3.rel1.win32_1.1.1.202309131626/tools/bin/../lib/gcc/arm-none-eabi/11.3.1/../../../../arm-none-eabi/lib/thumb/v7-m/nofp\libc_nano.a
LOAD C:/Programy/STM/IDE/STM32CubeIDE_1.13.2/STM32CubeIDE/plugins/com.st.stm32cube.ide.mcu.externaltools.gnu-tools-for-stm32.11.3.rel1.win32_1.1.1.202309131626/tools/bin/../lib/gcc/arm-none-eabi/11.3.1/../../../../arm-none-eabi/lib/thumb/v7-m/nofp\libnosys.a
END GROUP
LOAD C:/Programy/STM/IDE/STM32CubeIDE_1.13.2/STM32CubeIDE/plugins/com.st.stm32cube.ide.mcu.externaltools.gnu-tools-for-stm32.11.3.rel1.win32_1.1.1.202309131626/tools/bin/../lib/gcc/arm-none-eabi/11.3.1/thumb/v7-m/nofp/crtend.o
LOAD C:/Programy/STM/IDE/STM32CubeIDE_1.13.2/STM32CubeIDE/plugins/com.st.stm32cube.ide.mcu.externaltools.gnu-tools-for-stm32.11.3.rel1.win32_1.1.1.202309131626/tools/bin/../lib/gcc/arm-none-eabi/11.3.1/thumb/v7-m/nofp/crtn.o
                0x0000000020005000                _estack = (ORIGIN (RAM) + LENGTH (RAM))
                0x0000000000000200                _Min_Heap_Size = 0x200
                0x0000000000000400                _Min_Stack_Size = 0x400

.isr_vector     0x0000000008000000      0x10c
                0x0000000008000000                . = ALIGN (0x4)
 *(.isr_vector)
 .isr_vector    0x0000000008000000      0x10c ./Core/Startup/startup_stm32f103rbtx.o
                0x0000000008000000                g_pfnVectors
                0x000000000800010c                . = ALIGN (0x4)

.text           0x000000000800010c     0x75ec
                0x000000000800010c                . = ALIGN (0x4)
 *(.text)
 .text          0x000000000800010c       0x40 C:/Programy/STM/IDE/STM32CubeIDE_1.13.2/STM32CubeIDE/plugins/com.st.stm32cube.ide.mcu.externaltools.gnu-tools-for-stm32.11.3.rel1.win32_1.1.1.202309131626/tools/bin/../lib/gcc/arm-none-eabi/11.3.1/thumb/v7-m/nofp/crtbegin.o
 *(.text*)
 .text.MX_GPIO_Init
                0x000000000800014c      0x178 ./Core/Src/gpio.o
                0x000000000800014c                MX_GPIO_Init
 .text.MX_I2C1_Init
                0x00000000080002c4       0x5c ./Core/Src/i2c.o
                0x00000000080002c4                MX_I2C1_Init
 .text.MX_I2C2_Init
                0x0000000008000320       0x5c ./Core/Src/i2c.o
                0x0000000008000320                MX_I2C2_Init
 .text.HAL_I2C_MspInit
                0x000000000800037c       0xd8 ./Core/Src/i2c.o
                0x000000000800037c                HAL_I2C_MspInit
 .text.main     0x0000000008000454       0x50 ./Core/Src/main.o
                0x0000000008000454                main
 .text.SystemClock_Config
                0x00000000080004a4       0x82 ./Core/Src/main.o
                0x00000000080004a4                SystemClock_Config
 *fill*         0x0000000008000526        0x2 
 .text.HAL_GPIO_EXTI_Callback
                0x0000000008000528       0x28 ./Core/Src/main.o
                0x0000000008000528                HAL_GPIO_EXTI_Callback
 .text.Error_Handler
                0x0000000008000550        0xa ./Core/Src/main.o
                0x0000000008000550                Error_Handler
 *fill*         0x000000000800055a        0x2 
 .text.HAL_MspInit
                0x000000000800055c       0x64 ./Core/Src/stm32f1xx_hal_msp.o
                0x000000000800055c                HAL_MspInit
 .text.NMI_Handler
                0x00000000080005c0        0x6 ./Core/Src/stm32f1xx_it.o
                0x00000000080005c0                NMI_Handler
 .text.HardFault_Handler
                0x00000000080005c6        0x6 ./Core/Src/stm32f1xx_it.o
                0x00000000080005c6                HardFault_Handler
 .text.MemManage_Handler
                0x00000000080005cc        0x6 ./Core/Src/stm32f1xx_it.o
                0x00000000080005cc                MemManage_Handler
 .text.BusFault_Handler
                0x00000000080005d2        0x6 ./Core/Src/stm32f1xx_it.o
                0x00000000080005d2                BusFault_Handler
 .text.UsageFault_Handler
                0x00000000080005d8        0x6 ./Core/Src/stm32f1xx_it.o
                0x00000000080005d8                UsageFault_Handler
 .text.SVC_Handler
                0x00000000080005de        0xc ./Core/Src/stm32f1xx_it.o
                0x00000000080005de                SVC_Handler
 .text.DebugMon_Handler
                0x00000000080005ea        0xc ./Core/Src/stm32f1xx_it.o
                0x00000000080005ea                DebugMon_Handler
 .text.PendSV_Handler
                0x00000000080005f6        0xc ./Core/Src/stm32f1xx_it.o
                0x00000000080005f6                PendSV_Handler
 .text.SysTick_Handler
                0x0000000008000602        0xc ./Core/Src/stm32f1xx_it.o
                0x0000000008000602                SysTick_Handler
 .text.EXTI1_IRQHandler
                0x000000000800060e        0xe ./Core/Src/stm32f1xx_it.o
                0x000000000800060e                EXTI1_IRQHandler
 .text.EXTI15_10_IRQHandler
                0x000000000800061c       0x18 ./Core/Src/stm32f1xx_it.o
                0x000000000800061c                EXTI15_10_IRQHandler
 .text.SystemInit
                0x0000000008000634        0xc ./Core/Src/system_stm32f1xx.o
                0x0000000008000634                SystemInit
 .text.MX_USART2_UART_Init
                0x0000000008000640       0x54 ./Core/Src/usart.o
                0x0000000008000640                MX_USART2_UART_Init
 .text.HAL_UART_MspInit
                0x0000000008000694       0x7c ./Core/Src/usart.o
                0x0000000008000694                HAL_UART_MspInit
 .text.Reset_Handler
                0x0000000008000710       0x48 ./Core/Startup/startup_stm32f103rbtx.o
                0x0000000008000710                Reset_Handler
 .text.Default_Handler
                0x0000000008000758        0x2 ./Core/Startup/startup_stm32f103rbtx.o
                0x0000000008000758                RTC_Alarm_IRQHandler
                0x0000000008000758                EXTI2_IRQHandler
                0x0000000008000758                TIM1_CC_IRQHandler
                0x0000000008000758                PVD_IRQHandler
                0x0000000008000758                EXTI3_IRQHandler
                0x0000000008000758                EXTI0_IRQHandler
                0x0000000008000758                I2C2_EV_IRQHandler
                0x0000000008000758                ADC1_2_IRQHandler
                0x0000000008000758                SPI1_IRQHandler
                0x0000000008000758                TAMPER_IRQHandler
                0x0000000008000758                DMA1_Channel4_IRQHandler
                0x0000000008000758                USART3_IRQHandler
                0x0000000008000758                RTC_IRQHandler
                0x0000000008000758                DMA1_Channel7_IRQHandler
                0x0000000008000758                CAN1_RX1_IRQHandler
                0x0000000008000758                TIM4_IRQHandler
                0x0000000008000758                I2C1_EV_IRQHandler
                0x0000000008000758                DMA1_Channel6_IRQHandler
                0x0000000008000758                TIM3_IRQHandler
                0x0000000008000758                RCC_IRQHandler
                0x0000000008000758                TIM1_TRG_COM_IRQHandler
                0x0000000008000758                DMA1_Channel1_IRQHandler
                0x0000000008000758                Default_Handler
                0x0000000008000758                EXTI9_5_IRQHandler
                0x0000000008000758                SPI2_IRQHandler
                0x0000000008000758                DMA1_Channel5_IRQHandler
                0x0000000008000758                EXTI4_IRQHandler
                0x0000000008000758                USB_LP_CAN1_RX0_IRQHandler
                0x0000000008000758                USB_HP_CAN1_TX_IRQHandler
                0x0000000008000758                DMA1_Channel3_IRQHandler
                0x0000000008000758                TIM1_UP_IRQHandler
                0x0000000008000758                WWDG_IRQHandler
                0x0000000008000758                TIM2_IRQHandler
                0x0000000008000758                TIM1_BRK_IRQHandler
                0x0000000008000758                USART2_IRQHandler
                0x0000000008000758                I2C2_ER_IRQHandler
                0x0000000008000758                DMA1_Channel2_IRQHandler
                0x0000000008000758                CAN1_SCE_IRQHandler
                0x0000000008000758                FLASH_IRQHandler
                0x0000000008000758                USART1_IRQHandler
                0x0000000008000758                I2C1_ER_IRQHandler
                0x0000000008000758                USBWakeUp_IRQHandler
 *fill*         0x000000000800075a        0x2 
 .text.HAL_Init
                0x000000000800075c       0x2c ./Drivers/STM32F1xx_HAL_Driver/Src/stm32f1xx_hal.o
                0x000000000800075c                HAL_Init
 .text.HAL_InitTick
                0x0000000008000788       0x60 ./Drivers/STM32F1xx_HAL_Driver/Src/stm32f1xx_hal.o
                0x0000000008000788                HAL_InitTick
 .text.HAL_IncTick
                0x00000000080007e8       0x24 ./Drivers/STM32F1xx_HAL_Driver/Src/stm32f1xx_hal.o
                0x00000000080007e8                HAL_IncTick
 .text.HAL_GetTick
                0x000000000800080c       0x14 ./Drivers/STM32F1xx_HAL_Driver/Src/stm32f1xx_hal.o
                0x000000000800080c                HAL_GetTick
 .text.HAL_Delay
                0x0000000008000820       0x48 ./Drivers/STM32F1xx_HAL_Driver/Src/stm32f1xx_hal.o
                0x0000000008000820                HAL_Delay
 .text.__NVIC_SetPriorityGrouping
                0x0000000008000868       0x48 ./Drivers/STM32F1xx_HAL_Driver/Src/stm32f1xx_hal_cortex.o
 .text.__NVIC_GetPriorityGrouping
                0x00000000080008b0       0x1c ./Drivers/STM32F1xx_HAL_Driver/Src/stm32f1xx_hal_cortex.o
 .text.__NVIC_EnableIRQ
                0x00000000080008cc       0x38 ./Drivers/STM32F1xx_HAL_Driver/Src/stm32f1xx_hal_cortex.o
 .text.__NVIC_DisableIRQ
                0x0000000008000904       0x48 ./Drivers/STM32F1xx_HAL_Driver/Src/stm32f1xx_hal_cortex.o
 .text.__NVIC_SetPriority
                0x000000000800094c       0x54 ./Drivers/STM32F1xx_HAL_Driver/Src/stm32f1xx_hal_cortex.o
 .text.NVIC_EncodePriority
                0x00000000080009a0       0x64 ./Drivers/STM32F1xx_HAL_Driver/Src/stm32f1xx_hal_cortex.o
 .text.SysTick_Config
                0x0000000008000a04       0x44 ./Drivers/STM32F1xx_HAL_Driver/Src/stm32f1xx_hal_cortex.o
 .text.HAL_NVIC_SetPriorityGrouping
                0x0000000008000a48       0x16 ./Drivers/STM32F1xx_HAL_Driver/Src/stm32f1xx_hal_cortex.o
                0x0000000008000a48                HAL_NVIC_SetPriorityGrouping
 .text.HAL_NVIC_SetPriority
                0x0000000008000a5e       0x38 ./Drivers/STM32F1xx_HAL_Driver/Src/stm32f1xx_hal_cortex.o
                0x0000000008000a5e                HAL_NVIC_SetPriority
 .text.HAL_NVIC_EnableIRQ
                0x0000000008000a96       0x1c ./Drivers/STM32F1xx_HAL_Driver/Src/stm32f1xx_hal_cortex.o
                0x0000000008000a96                HAL_NVIC_EnableIRQ
 .text.HAL_NVIC_DisableIRQ
                0x0000000008000ab2       0x1c ./Drivers/STM32F1xx_HAL_Driver/Src/stm32f1xx_hal_cortex.o
                0x0000000008000ab2                HAL_NVIC_DisableIRQ
 .text.HAL_SYSTICK_Config
                0x0000000008000ace       0x18 ./Drivers/STM32F1xx_HAL_Driver/Src/stm32f1xx_hal_cortex.o
                0x0000000008000ace                HAL_SYSTICK_Config
 *fill*         0x0000000008000ae6        0x2 
 .text.HAL_GPIO_Init
                0x0000000008000ae8      0x308 ./Drivers/STM32F1xx_HAL_Driver/Src/stm32f1xx_hal_gpio.o
                0x0000000008000ae8                HAL_GPIO_Init
 .text.HAL_GPIO_WritePin
                0x0000000008000df0       0x30 ./Drivers/STM32F1xx_HAL_Driver/Src/stm32f1xx_hal_gpio.o
                0x0000000008000df0                HAL_GPIO_WritePin
 .text.HAL_GPIO_EXTI_IRQHandler
                0x0000000008000e20       0x30 ./Drivers/STM32F1xx_HAL_Driver/Src/stm32f1xx_hal_gpio.o
                0x0000000008000e20                HAL_GPIO_EXTI_IRQHandler
 .text.HAL_I2C_Init
                0x0000000008000e50      0x288 ./Drivers/STM32F1xx_HAL_Driver/Src/stm32f1xx_hal_i2c.o
                0x0000000008000e50                HAL_I2C_Init
 .text.HAL_I2C_Master_Transmit
                0x00000000080010d8      0x1fc ./Drivers/STM32F1xx_HAL_Driver/Src/stm32f1xx_hal_i2c.o
                0x00000000080010d8                HAL_I2C_Master_Transmit
 .text.HAL_I2C_Master_Receive
                0x00000000080012d4      0x4d8 ./Drivers/STM32F1xx_HAL_Driver/Src/stm32f1xx_hal_i2c.o
                0x00000000080012d4                HAL_I2C_Master_Receive
 .text.I2C_MasterRequestWrite
                0x00000000080017ac      0x104 ./Drivers/STM32F1xx_HAL_Driver/Src/stm32f1xx_hal_i2c.o
 .text.I2C_MasterRequestRead
                0x00000000080018b0      0x19c ./Drivers/STM32F1xx_HAL_Driver/Src/stm32f1xx_hal_i2c.o
 .text.I2C_WaitOnFlagUntilTimeout
                0x0000000008001a4c       0xf4 ./Drivers/STM32F1xx_HAL_Driver/Src/stm32f1xx_hal_i2c.o
 .text.I2C_WaitOnMasterAddressFlagUntilTimeout
                0x0000000008001b40      0x140 ./Drivers/STM32F1xx_HAL_Driver/Src/stm32f1xx_hal_i2c.o
 .text.I2C_WaitOnTXEFlagUntilTimeout
                0x0000000008001c80       0x90 ./Drivers/STM32F1xx_HAL_Driver/Src/stm32f1xx_hal_i2c.o
 .text.I2C_WaitOnBTFFlagUntilTimeout
                0x0000000008001d10       0x90 ./Drivers/STM32F1xx_HAL_Driver/Src/stm32f1xx_hal_i2c.o
 .text.I2C_WaitOnRXNEFlagUntilTimeout
                0x0000000008001da0       0xba ./Drivers/STM32F1xx_HAL_Driver/Src/stm32f1xx_hal_i2c.o
 .text.I2C_IsAcknowledgeFailed
                0x0000000008001e5a       0x5c ./Drivers/STM32F1xx_HAL_Driver/Src/stm32f1xx_hal_i2c.o
 *fill*         0x0000000008001eb6        0x2 
 .text.HAL_RCC_OscConfig
                0x0000000008001eb8      0x504 ./Drivers/STM32F1xx_HAL_Driver/Src/stm32f1xx_hal_rcc.o
                0x0000000008001eb8                HAL_RCC_OscConfig
 .text.HAL_RCC_ClockConfig
                0x00000000080023bc      0x1d4 ./Drivers/STM32F1xx_HAL_Driver/Src/stm32f1xx_hal_rcc.o
                0x00000000080023bc                HAL_RCC_ClockConfig
 .text.HAL_RCC_GetSysClockFreq
                0x0000000008002590       0xa8 ./Drivers/STM32F1xx_HAL_Driver/Src/stm32f1xx_hal_rcc.o
                0x0000000008002590                HAL_RCC_GetSysClockFreq
 .text.HAL_RCC_GetHCLKFreq
                0x0000000008002638       0x14 ./Drivers/STM32F1xx_HAL_Driver/Src/stm32f1xx_hal_rcc.o
                0x0000000008002638                HAL_RCC_GetHCLKFreq
 .text.HAL_RCC_GetPCLK1Freq
                0x000000000800264c       0x28 ./Drivers/STM32F1xx_HAL_Driver/Src/stm32f1xx_hal_rcc.o
                0x000000000800264c                HAL_RCC_GetPCLK1Freq
 .text.HAL_RCC_GetPCLK2Freq
                0x0000000008002674       0x28 ./Drivers/STM32F1xx_HAL_Driver/Src/stm32f1xx_hal_rcc.o
                0x0000000008002674                HAL_RCC_GetPCLK2Freq
 .text.RCC_Delay
                0x000000000800269c       0x3c ./Drivers/STM32F1xx_HAL_Driver/Src/stm32f1xx_hal_rcc.o
 .text.HAL_UART_Init
                0x00000000080026d8       0xa0 ./Drivers/STM32F1xx_HAL_Driver/Src/stm32f1xx_hal_uart.o
                0x00000000080026d8                HAL_UART_Init
 .text.UART_SetConfig
                0x0000000008002778      0x11c ./Drivers/STM32F1xx_HAL_Driver/Src/stm32f1xx_hal_uart.o
 .text.VL53L0X_GetOffsetCalibrationDataMicroMeter
                0x0000000008002894       0x26 ./Drivers/VL53L0X/core/src/vl53l0x_api.o
                0x0000000008002894                VL53L0X_GetOffsetCalibrationDataMicroMeter
 *fill*         0x00000000080028ba        0x2 
 .text.VL53L0X_DataInit
                0x00000000080028bc      0x2c8 ./Drivers/VL53L0X/core/src/vl53l0x_api.o
                0x00000000080028bc                VL53L0X_DataInit
 .text.VL53L0X_StaticInit
                0x0000000008002b84      0x304 ./Drivers/VL53L0X/core/src/vl53l0x_api.o
                0x0000000008002b84                VL53L0X_StaticInit
 .text.VL53L0X_WaitDeviceBooted
                0x0000000008002e88       0x1a ./Drivers/VL53L0X/core/src/vl53l0x_api.o
                0x0000000008002e88                VL53L0X_WaitDeviceBooted
 .text.VL53L0X_GetDeviceParameters
                0x0000000008002ea2      0x120 ./Drivers/VL53L0X/core/src/vl53l0x_api.o
                0x0000000008002ea2                VL53L0X_GetDeviceParameters
 *fill*         0x0000000008002fc2        0x2 
 .text.VL53L0X_SetDeviceMode
                0x0000000008002fc4       0x58 ./Drivers/VL53L0X/core/src/vl53l0x_api.o
                0x0000000008002fc4                VL53L0X_SetDeviceMode
 .text.VL53L0X_GetDeviceMode
                0x000000000800301c       0x24 ./Drivers/VL53L0X/core/src/vl53l0x_api.o
                0x000000000800301c                VL53L0X_GetDeviceMode
 .text.VL53L0X_GetFractionEnable
                0x0000000008003040       0x3e ./Drivers/VL53L0X/core/src/vl53l0x_api.o
                0x0000000008003040                VL53L0X_GetFractionEnable
 .text.VL53L0X_SetMeasurementTimingBudgetMicroSeconds
                0x000000000800307e       0x26 ./Drivers/VL53L0X/core/src/vl53l0x_api.o
                0x000000000800307e                VL53L0X_SetMeasurementTimingBudgetMicroSeconds
 .text.VL53L0X_GetMeasurementTimingBudgetMicroSeconds
                0x00000000080030a4       0x26 ./Drivers/VL53L0X/core/src/vl53l0x_api.o
                0x00000000080030a4                VL53L0X_GetMeasurementTimingBudgetMicroSeconds
 .text.VL53L0X_GetVcselPulsePeriod
                0x00000000080030ca       0x2e ./Drivers/VL53L0X/core/src/vl53l0x_api.o
                0x00000000080030ca                VL53L0X_GetVcselPulsePeriod
 .text.VL53L0X_SetSequenceStepEnable
                0x00000000080030f8      0x140 ./Drivers/VL53L0X/core/src/vl53l0x_api.o
                0x00000000080030f8                VL53L0X_SetSequenceStepEnable
 .text.sequence_step_enabled
                0x0000000008003238       0xa4 ./Drivers/VL53L0X/core/src/vl53l0x_api.o
                0x0000000008003238                sequence_step_enabled
 .text.VL53L0X_GetSequenceStepEnables
                0x00000000080032dc       0xb0 ./Drivers/VL53L0X/core/src/vl53l0x_api.o
                0x00000000080032dc                VL53L0X_GetSequenceStepEnables
 .text.VL53L0X_GetInterMeasurementPeriodMilliSeconds
                0x000000000800338c       0x68 ./Drivers/VL53L0X/core/src/vl53l0x_api.o
                0x000000000800338c                VL53L0X_GetInterMeasurementPeriodMilliSeconds
 .text.VL53L0X_GetXTalkCompensationEnable
                0x00000000080033f4       0x28 ./Drivers/VL53L0X/core/src/vl53l0x_api.o
                0x00000000080033f4                VL53L0X_GetXTalkCompensationEnable
 .text.VL53L0X_GetXTalkCompensationRateMegaCps
                0x000000000800341c       0x66 ./Drivers/VL53L0X/core/src/vl53l0x_api.o
                0x000000000800341c                VL53L0X_GetXTalkCompensationRateMegaCps
 *fill*         0x0000000008003482        0x2 
 .text.VL53L0X_SetLimitCheckEnable
                0x0000000008003484      0x118 ./Drivers/VL53L0X/core/src/vl53l0x_api.o
                0x0000000008003484                VL53L0X_SetLimitCheckEnable
 .text.VL53L0X_GetLimitCheckEnable
                0x000000000800359c       0x44 ./Drivers/VL53L0X/core/src/vl53l0x_api.o
                0x000000000800359c                VL53L0X_GetLimitCheckEnable
 .text.VL53L0X_SetLimitCheckValue
                0x00000000080035e0       0xc4 ./Drivers/VL53L0X/core/src/vl53l0x_api.o
                0x00000000080035e0                VL53L0X_SetLimitCheckValue
 .text.VL53L0X_GetLimitCheckValue
                0x00000000080036a4      0x11c ./Drivers/VL53L0X/core/src/vl53l0x_api.o
                0x00000000080036a4                VL53L0X_GetLimitCheckValue
 .text.VL53L0X_GetWrapAroundCheckEnable
                0x00000000080037c0       0x64 ./Drivers/VL53L0X/core/src/vl53l0x_api.o
                0x00000000080037c0                VL53L0X_GetWrapAroundCheckEnable
 .text.VL53L0X_PerformSingleMeasurement
                0x0000000008003824       0x68 ./Drivers/VL53L0X/core/src/vl53l0x_api.o
                0x0000000008003824                VL53L0X_PerformSingleMeasurement
 .text.VL53L0X_PerformRefCalibration
                0x000000000800388c       0x2c ./Drivers/VL53L0X/core/src/vl53l0x_api.o
                0x000000000800388c                VL53L0X_PerformRefCalibration
 .text.VL53L0X_CheckAndLoadInterruptSettings
                0x00000000080038b8       0xcc ./Drivers/VL53L0X/core/src/vl53l0x_api.o
                0x00000000080038b8                VL53L0X_CheckAndLoadInterruptSettings
 .text.VL53L0X_StartMeasurement
                0x0000000008003984      0x184 ./Drivers/VL53L0X/core/src/vl53l0x_api.o
                0x0000000008003984                VL53L0X_StartMeasurement
 .text.VL53L0X_GetMeasurementDataReady
                0x0000000008003b08       0x80 ./Drivers/VL53L0X/core/src/vl53l0x_api.o
                0x0000000008003b08                VL53L0X_GetMeasurementDataReady
 .text.VL53L0X_GetRangingMeasurementData
                0x0000000008003b88      0x248 ./Drivers/VL53L0X/core/src/vl53l0x_api.o
                0x0000000008003b88                VL53L0X_GetRangingMeasurementData
 .text.VL53L0X_PerformSingleRangingMeasurement
                0x0000000008003dd0       0x60 ./Drivers/VL53L0X/core/src/vl53l0x_api.o
                0x0000000008003dd0                VL53L0X_PerformSingleRangingMeasurement
 .text.VL53L0X_SetGpioConfig
                0x0000000008003e30      0x244 ./Drivers/VL53L0X/core/src/vl53l0x_api.o
                0x0000000008003e30                VL53L0X_SetGpioConfig
 .text.VL53L0X_GetInterruptThresholds
                0x0000000008004074       0x6c ./Drivers/VL53L0X/core/src/vl53l0x_api.o
                0x0000000008004074                VL53L0X_GetInterruptThresholds
 .text.VL53L0X_ClearInterruptMask
                0x00000000080040e0       0x80 ./Drivers/VL53L0X/core/src/vl53l0x_api.o
                0x00000000080040e0                VL53L0X_ClearInterruptMask
 .text.VL53L0X_GetInterruptMaskStatus
                0x0000000008004160       0x44 ./Drivers/VL53L0X/core/src/vl53l0x_api.o
                0x0000000008004160                VL53L0X_GetInterruptMaskStatus
 .text.VL53L0X_PerformRefSpadManagement
                0x00000000080041a4       0x2a ./Drivers/VL53L0X/core/src/vl53l0x_api.o
                0x00000000080041a4                VL53L0X_PerformRefSpadManagement
 .text.VL53L0X_get_offset_calibration_data_micro_meter
                0x00000000080041ce       0x7e ./Drivers/VL53L0X/core/src/vl53l0x_api_calibration.o
                0x00000000080041ce                VL53L0X_get_offset_calibration_data_micro_meter
 .text.get_next_good_spad
                0x000000000800424c       0xba ./Drivers/VL53L0X/core/src/vl53l0x_api_calibration.o
                0x000000000800424c                get_next_good_spad
 *fill*         0x0000000008004306        0x2 
 .text.is_aperture
                0x0000000008004308       0x34 ./Drivers/VL53L0X/core/src/vl53l0x_api_calibration.o
                0x0000000008004308                is_aperture
 .text.enable_spad_bit
                0x000000000800433c       0x6e ./Drivers/VL53L0X/core/src/vl53l0x_api_calibration.o
                0x000000000800433c                enable_spad_bit
 .text.set_ref_spad_map
                0x00000000080043aa       0x26 ./Drivers/VL53L0X/core/src/vl53l0x_api_calibration.o
                0x00000000080043aa                set_ref_spad_map
 .text.get_ref_spad_map
                0x00000000080043d0       0x26 ./Drivers/VL53L0X/core/src/vl53l0x_api_calibration.o
                0x00000000080043d0                get_ref_spad_map
 .text.enable_ref_spads
                0x00000000080043f6       0xf8 ./Drivers/VL53L0X/core/src/vl53l0x_api_calibration.o
                0x00000000080043f6                enable_ref_spads
 .text.perform_ref_signal_measurement
                0x00000000080044ee       0xd4 ./Drivers/VL53L0X/core/src/vl53l0x_api_calibration.o
                0x00000000080044ee                perform_ref_signal_measurement
 .text.VL53L0X_perform_ref_spad_management
                0x00000000080045c2      0x418 ./Drivers/VL53L0X/core/src/vl53l0x_api_calibration.o
                0x00000000080045c2                VL53L0X_perform_ref_spad_management
 .text.VL53L0X_set_reference_spads
                0x00000000080049da      0x14a ./Drivers/VL53L0X/core/src/vl53l0x_api_calibration.o
                0x00000000080049da                VL53L0X_set_reference_spads
 .text.VL53L0X_perform_single_ref_calibration
                0x0000000008004b24       0x76 ./Drivers/VL53L0X/core/src/vl53l0x_api_calibration.o
                0x0000000008004b24                VL53L0X_perform_single_ref_calibration
 .text.VL53L0X_ref_calibration_io
                0x0000000008004b9a      0x132 ./Drivers/VL53L0X/core/src/vl53l0x_api_calibration.o
                0x0000000008004b9a                VL53L0X_ref_calibration_io
 .text.VL53L0X_perform_vhv_calibration
                0x0000000008004ccc       0xce ./Drivers/VL53L0X/core/src/vl53l0x_api_calibration.o
                0x0000000008004ccc                VL53L0X_perform_vhv_calibration
 .text.VL53L0X_perform_phase_calibration
                0x0000000008004d9a       0xca ./Drivers/VL53L0X/core/src/vl53l0x_api_calibration.o
                0x0000000008004d9a                VL53L0X_perform_phase_calibration
 .text.VL53L0X_perform_ref_calibration
                0x0000000008004e64       0x7a ./Drivers/VL53L0X/core/src/vl53l0x_api_calibration.o
                0x0000000008004e64                VL53L0X_perform_ref_calibration
 .text.VL53L0X_measurement_poll_for_completion
                0x0000000008004ede       0x60 ./Drivers/VL53L0X/core/src/vl53l0x_api_core.o
                0x0000000008004ede                VL53L0X_measurement_poll_for_completion
 .text.VL53L0X_decode_vcsel_period
                0x0000000008004f3e       0x24 ./Drivers/VL53L0X/core/src/vl53l0x_api_core.o
                0x0000000008004f3e                VL53L0X_decode_vcsel_period
 .text.VL53L0X_isqrt
                0x0000000008004f62       0x66 ./Drivers/VL53L0X/core/src/vl53l0x_api_core.o
                0x0000000008004f62                VL53L0X_isqrt
 .text.VL53L0X_device_read_strobe
                0x0000000008004fc8       0x86 ./Drivers/VL53L0X/core/src/vl53l0x_api_core.o
                0x0000000008004fc8                VL53L0X_device_read_strobe
 .text.VL53L0X_get_info_from_device
                0x000000000800504e      0x99a ./Drivers/VL53L0X/core/src/vl53l0x_api_core.o
                0x000000000800504e                VL53L0X_get_info_from_device
 .text.VL53L0X_calc_macro_period_ps
                0x00000000080059e8       0x3a ./Drivers/VL53L0X/core/src/vl53l0x_api_core.o
                0x00000000080059e8                VL53L0X_calc_macro_period_ps
 .text.VL53L0X_encode_timeout
                0x0000000008005a22       0x56 ./Drivers/VL53L0X/core/src/vl53l0x_api_core.o
                0x0000000008005a22                VL53L0X_encode_timeout
 .text.VL53L0X_decode_timeout
                0x0000000008005a78       0x2a ./Drivers/VL53L0X/core/src/vl53l0x_api_core.o
                0x0000000008005a78                VL53L0X_decode_timeout
 *fill*         0x0000000008005aa2        0x2 
 .text.VL53L0X_calc_timeout_mclks
                0x0000000008005aa4       0x54 ./Drivers/VL53L0X/core/src/vl53l0x_api_core.o
                0x0000000008005aa4                VL53L0X_calc_timeout_mclks
 .text.VL53L0X_calc_timeout_us
                0x0000000008005af8       0x54 ./Drivers/VL53L0X/core/src/vl53l0x_api_core.o
                0x0000000008005af8                VL53L0X_calc_timeout_us
 .text.get_sequence_step_timeout
                0x0000000008005b4c      0x1c2 ./Drivers/VL53L0X/core/src/vl53l0x_api_core.o
                0x0000000008005b4c                get_sequence_step_timeout
 .text.set_sequence_step_timeout
                0x0000000008005d0e      0x1e4 ./Drivers/VL53L0X/core/src/vl53l0x_api_core.o
                0x0000000008005d0e                set_sequence_step_timeout
 .text.VL53L0X_get_vcsel_pulse_period
                0x0000000008005ef2       0x6e ./Drivers/VL53L0X/core/src/vl53l0x_api_core.o
                0x0000000008005ef2                VL53L0X_get_vcsel_pulse_period
 .text.VL53L0X_set_measurement_timing_budget_micro_seconds
                0x0000000008005f60      0x1c0 ./Drivers/VL53L0X/core/src/vl53l0x_api_core.o
                0x0000000008005f60                VL53L0X_set_measurement_timing_budget_micro_seconds
 .text.VL53L0X_get_measurement_timing_budget_micro_seconds
                0x0000000008006120      0x162 ./Drivers/VL53L0X/core/src/vl53l0x_api_core.o
                0x0000000008006120                VL53L0X_get_measurement_timing_budget_micro_seconds
 *fill*         0x0000000008006282        0x2 
 .text.VL53L0X_load_tuning_settings
                0x0000000008006284      0x1c4 ./Drivers/VL53L0X/core/src/vl53l0x_api_core.o
                0x0000000008006284                VL53L0X_load_tuning_settings
 .text.VL53L0X_get_total_xtalk_rate
                0x0000000008006448       0x5e ./Drivers/VL53L0X/core/src/vl53l0x_api_core.o
                0x0000000008006448                VL53L0X_get_total_xtalk_rate
 .text.VL53L0X_get_total_signal_rate
                0x00000000080064a6       0x4a ./Drivers/VL53L0X/core/src/vl53l0x_api_core.o
                0x00000000080064a6                VL53L0X_get_total_signal_rate
 .text.VL53L0X_calc_dmax
                0x00000000080064f0      0x238 ./Drivers/VL53L0X/core/src/vl53l0x_api_core.o
                0x00000000080064f0                VL53L0X_calc_dmax
 .text.VL53L0X_calc_sigma_estimate
                0x0000000008006728      0x498 ./Drivers/VL53L0X/core/src/vl53l0x_api_core.o
                0x0000000008006728                VL53L0X_calc_sigma_estimate
 .text.VL53L0X_get_pal_range_status
                0x0000000008006bc0      0x3b6 ./Drivers/VL53L0X/core/src/vl53l0x_api_core.o
                0x0000000008006bc0                VL53L0X_get_pal_range_status
 .text._I2CWrite
                0x0000000008006f76       0x3e ./Drivers/VL53L0X/platform/src/vl53l0x_platform.o
                0x0000000008006f76                _I2CWrite
 .text._I2CRead
                0x0000000008006fb4       0x44 ./Drivers/VL53L0X/platform/src/vl53l0x_platform.o
                0x0000000008006fb4                _I2CRead
 .text.VL53L0X_WriteMulti
                0x0000000008006ff8       0x60 ./Drivers/VL53L0X/platform/src/vl53l0x_platform.o
                0x0000000008006ff8                VL53L0X_WriteMulti
 .text.VL53L0X_ReadMulti
                0x0000000008007058       0x56 ./Drivers/VL53L0X/platform/src/vl53l0x_platform.o
                0x0000000008007058                VL53L0X_ReadMulti
 *fill*         0x00000000080070ae        0x2 
 .text.VL53L0X_WrByte
                0x00000000080070b0       0x48 ./Drivers/VL53L0X/platform/src/vl53l0x_platform.o
                0x00000000080070b0                VL53L0X_WrByte
 .text.VL53L0X_WrWord
                0x00000000080070f8       0x54 ./Drivers/VL53L0X/platform/src/vl53l0x_platform.o
                0x00000000080070f8                VL53L0X_WrWord
 .text.VL53L0X_UpdateByte
                0x000000000800714c       0x68 ./Drivers/VL53L0X/platform/src/vl53l0x_platform.o
                0x000000000800714c                VL53L0X_UpdateByte
 .text.VL53L0X_RdByte
                0x00000000080071b4       0x54 ./Drivers/VL53L0X/platform/src/vl53l0x_platform.o
                0x00000000080071b4                VL53L0X_RdByte
 .text.VL53L0X_RdWord
                0x0000000008007208       0x70 ./Drivers/VL53L0X/platform/src/vl53l0x_platform.o
                0x0000000008007208                VL53L0X_RdWord
 .text.VL53L0X_RdDWord
                0x0000000008007278       0x78 ./Drivers/VL53L0X/platform/src/vl53l0x_platform.o
                0x0000000008007278                VL53L0X_RdDWord
 .text.VL53L0X_PollingDelay
                0x00000000080072f0       0x1e ./Drivers/VL53L0X/platform/src/vl53l0x_platform.o
                0x00000000080072f0                VL53L0X_PollingDelay
 *fill*         0x000000000800730e        0x2 
 .text.TM1637_ClkHigh
                0x0000000008007310       0x18 ./Lib/TM1637.o
                0x0000000008007310                TM1637_ClkHigh
 .text.TM1637_ClkLow
                0x0000000008007328       0x18 ./Lib/TM1637.o
                0x0000000008007328                TM1637_ClkLow
 .text.TM1637_DataHigh
                0x0000000008007340       0x18 ./Lib/TM1637.o
                0x0000000008007340                TM1637_DataHigh
 .text.TM1637_DataLow
                0x0000000008007358       0x18 ./Lib/TM1637.o
                0x0000000008007358                TM1637_DataLow
 .text.TM1637_DisplayDecimal
                0x0000000008007370       0xdc ./Lib/TM1637.o
                0x0000000008007370                TM1637_DisplayDecimal
 .text.TM1637_SetBrightness
                0x000000000800744c       0x2a ./Lib/TM1637.o
                0x000000000800744c                TM1637_SetBrightness
 .text.TM1637_Start
                0x0000000008007476       0x1a ./Lib/TM1637.o
                0x0000000008007476                TM1637_Start
 .text.TM1637_Stop
                0x0000000008007490       0x2a ./Lib/TM1637.o
                0x0000000008007490                TM1637_Stop
 .text.TM1637_ReadResult
                0x00000000080074ba       0x20 ./Lib/TM1637.o
                0x00000000080074ba                TM1637_ReadResult
 .text.TM1637_WriteByte
                0x00000000080074da       0x54 ./Lib/TM1637.o
                0x00000000080074da                TM1637_WriteByte
 .text.TM1637_DelayUsec
                0x000000000800752e       0x38 ./Lib/TM1637.o
                0x000000000800752e                TM1637_DelayUsec
 *fill*         0x0000000008007566        0x2 
 .text.VL53_init
                0x0000000008007568       0xb0 ./Lib/VL53_API_Interface.o
                0x0000000008007568                VL53_init
 .text.VL53_MEASURE
                0x0000000008007618       0x1c ./Lib/VL53_API_Interface.o
                0x0000000008007618                VL53_MEASURE
 .text.VL53_CLEAR_INTERRUPT_DATA
                0x0000000008007634       0x28 ./Lib/VL53_API_Interface.o
                0x0000000008007634                VL53_CLEAR_INTERRUPT_DATA
 .text.memset   0x000000000800765c       0x10 C:/Programy/STM/IDE/STM32CubeIDE_1.13.2/STM32CubeIDE/plugins/com.st.stm32cube.ide.mcu.externaltools.gnu-tools-for-stm32.11.3.rel1.win32_1.1.1.202309131626/tools/bin/../lib/gcc/arm-none-eabi/11.3.1/../../../../arm-none-eabi/lib/thumb/v7-m/nofp\libc_nano.a(libc_a-memset.o)
                0x000000000800765c                memset
 .text.__libc_init_array
                0x000000000800766c       0x48 C:/Programy/STM/IDE/STM32CubeIDE_1.13.2/STM32CubeIDE/plugins/com.st.stm32cube.ide.mcu.externaltools.gnu-tools-for-stm32.11.3.rel1.win32_1.1.1.202309131626/tools/bin/../lib/gcc/arm-none-eabi/11.3.1/../../../../arm-none-eabi/lib/thumb/v7-m/nofp\libc_nano.a(libc_a-init.o)
                0x000000000800766c                __libc_init_array
 .text.strcpy   0x00000000080076b4       0x10 C:/Programy/STM/IDE/STM32CubeIDE_1.13.2/STM32CubeIDE/plugins/com.st.stm32cube.ide.mcu.externaltools.gnu-tools-for-stm32.11.3.rel1.win32_1.1.1.202309131626/tools/bin/../lib/gcc/arm-none-eabi/11.3.1/../../../../arm-none-eabi/lib/thumb/v7-m/nofp\libc_nano.a(libc_a-strcpy.o)
                0x00000000080076b4                strcpy
 .text.memcpy   0x00000000080076c4       0x1c C:/Programy/STM/IDE/STM32CubeIDE_1.13.2/STM32CubeIDE/plugins/com.st.stm32cube.ide.mcu.externaltools.gnu-tools-for-stm32.11.3.rel1.win32_1.1.1.202309131626/tools/bin/../lib/gcc/arm-none-eabi/11.3.1/../../../../arm-none-eabi/lib/thumb/v7-m/nofp\libc_nano.a(libc_a-memcpy-stub.o)
                0x00000000080076c4                memcpy
 *(.glue_7)
 .glue_7        0x00000000080076e0        0x0 linker stubs
 *(.glue_7t)
 .glue_7t       0x00000000080076e0        0x0 linker stubs
 *(.eh_frame)
 .eh_frame      0x00000000080076e0        0x0 C:/Programy/STM/IDE/STM32CubeIDE_1.13.2/STM32CubeIDE/plugins/com.st.stm32cube.ide.mcu.externaltools.gnu-tools-for-stm32.11.3.rel1.win32_1.1.1.202309131626/tools/bin/../lib/gcc/arm-none-eabi/11.3.1/thumb/v7-m/nofp/crtbegin.o
 *(.init)
 .init          0x00000000080076e0        0x4 C:/Programy/STM/IDE/STM32CubeIDE_1.13.2/STM32CubeIDE/plugins/com.st.stm32cube.ide.mcu.externaltools.gnu-tools-for-stm32.11.3.rel1.win32_1.1.1.202309131626/tools/bin/../lib/gcc/arm-none-eabi/11.3.1/thumb/v7-m/nofp/crti.o
                0x00000000080076e0                _init
 .init          0x00000000080076e4        0x8 C:/Programy/STM/IDE/STM32CubeIDE_1.13.2/STM32CubeIDE/plugins/com.st.stm32cube.ide.mcu.externaltools.gnu-tools-for-stm32.11.3.rel1.win32_1.1.1.202309131626/tools/bin/../lib/gcc/arm-none-eabi/11.3.1/thumb/v7-m/nofp/crtn.o
 *(.fini)
 .fini          0x00000000080076ec        0x4 C:/Programy/STM/IDE/STM32CubeIDE_1.13.2/STM32CubeIDE/plugins/com.st.stm32cube.ide.mcu.externaltools.gnu-tools-for-stm32.11.3.rel1.win32_1.1.1.202309131626/tools/bin/../lib/gcc/arm-none-eabi/11.3.1/thumb/v7-m/nofp/crti.o
                0x00000000080076ec                _fini
 .fini          0x00000000080076f0        0x8 C:/Programy/STM/IDE/STM32CubeIDE_1.13.2/STM32CubeIDE/plugins/com.st.stm32cube.ide.mcu.externaltools.gnu-tools-for-stm32.11.3.rel1.win32_1.1.1.202309131626/tools/bin/../lib/gcc/arm-none-eabi/11.3.1/thumb/v7-m/nofp/crtn.o
                0x00000000080076f8                . = ALIGN (0x4)
                0x00000000080076f8                _etext = .

.vfp11_veneer   0x00000000080076f8        0x0
 .vfp11_veneer  0x00000000080076f8        0x0 linker stubs

.v4_bx          0x00000000080076f8        0x0
 .v4_bx         0x00000000080076f8        0x0 linker stubs

.iplt           0x00000000080076f8        0x0
 .iplt          0x00000000080076f8        0x0 C:/Programy/STM/IDE/STM32CubeIDE_1.13.2/STM32CubeIDE/plugins/com.st.stm32cube.ide.mcu.externaltools.gnu-tools-for-stm32.11.3.rel1.win32_1.1.1.202309131626/tools/bin/../lib/gcc/arm-none-eabi/11.3.1/thumb/v7-m/nofp/crtbegin.o

.rodata         0x00000000080076f8       0x40
                0x00000000080076f8                . = ALIGN (0x4)
 *(.rodata)
 *(.rodata*)
 .rodata.AHBPrescTable
                0x00000000080076f8       0x10 ./Core/Src/system_stm32f1xx.o
                0x00000000080076f8                AHBPrescTable
 .rodata.APBPrescTable
                0x0000000008007708        0x8 ./Core/Src/system_stm32f1xx.o
                0x0000000008007708                APBPrescTable
 .rodata.aPLLMULFactorTable.1
                0x0000000008007710       0x10 ./Drivers/STM32F1xx_HAL_Driver/Src/stm32f1xx_hal_rcc.o
 .rodata.aPredivFactorTable.0
                0x0000000008007720        0x2 ./Drivers/STM32F1xx_HAL_Driver/Src/stm32f1xx_hal_rcc.o
 *fill*         0x0000000008007722        0x2 
 .rodata.segmentMap
                0x0000000008007724       0x11 ./Lib/TM1637.o
                0x0000000008007724                segmentMap
                0x0000000008007738                . = ALIGN (0x4)
 *fill*         0x0000000008007735        0x3 

.rel.dyn        0x0000000008007738        0x0
 .rel.iplt      0x0000000008007738        0x0 C:/Programy/STM/IDE/STM32CubeIDE_1.13.2/STM32CubeIDE/plugins/com.st.stm32cube.ide.mcu.externaltools.gnu-tools-for-stm32.11.3.rel1.win32_1.1.1.202309131626/tools/bin/../lib/gcc/arm-none-eabi/11.3.1/thumb/v7-m/nofp/crtbegin.o

.ARM.extab      0x0000000008007738        0x0
                0x0000000008007738                . = ALIGN (0x4)
 *(.ARM.extab* .gnu.linkonce.armextab.*)
                0x0000000008007738                . = ALIGN (0x4)

.ARM            0x0000000008007738        0x0
                0x0000000008007738                . = ALIGN (0x4)
                0x0000000008007738                __exidx_start = .
 *(.ARM.exidx*)
                0x0000000008007738                __exidx_end = .
                0x0000000008007738                . = ALIGN (0x4)

.preinit_array  0x0000000008007738        0x0
                0x0000000008007738                . = ALIGN (0x4)
                0x0000000008007738                PROVIDE (__preinit_array_start = .)
 *(.preinit_array*)
                0x0000000008007738                PROVIDE (__preinit_array_end = .)
                0x0000000008007738                . = ALIGN (0x4)

.init_array     0x0000000008007738        0x4
                0x0000000008007738                . = ALIGN (0x4)
                0x0000000008007738                PROVIDE (__init_array_start = .)
 *(SORT_BY_NAME(.init_array.*))
 *(.init_array*)
 .init_array    0x0000000008007738        0x4 C:/Programy/STM/IDE/STM32CubeIDE_1.13.2/STM32CubeIDE/plugins/com.st.stm32cube.ide.mcu.externaltools.gnu-tools-for-stm32.11.3.rel1.win32_1.1.1.202309131626/tools/bin/../lib/gcc/arm-none-eabi/11.3.1/thumb/v7-m/nofp/crtbegin.o
                0x000000000800773c                PROVIDE (__init_array_end = .)
                0x000000000800773c                . = ALIGN (0x4)

.fini_array     0x000000000800773c        0x4
                0x000000000800773c                . = ALIGN (0x4)
                [!provide]                        PROVIDE (__fini_array_start = .)
 *(SORT_BY_NAME(.fini_array.*))
 *(.fini_array*)
 .fini_array    0x000000000800773c        0x4 C:/Programy/STM/IDE/STM32CubeIDE_1.13.2/STM32CubeIDE/plugins/com.st.stm32cube.ide.mcu.externaltools.gnu-tools-for-stm32.11.3.rel1.win32_1.1.1.202309131626/tools/bin/../lib/gcc/arm-none-eabi/11.3.1/thumb/v7-m/nofp/crtbegin.o
                [!provide]                        PROVIDE (__fini_array_end = .)
                0x0000000008007740                . = ALIGN (0x4)
                0x0000000008007740                _sidata = LOADADDR (.data)

.data           0x0000000020000000      0x2cc load address 0x0000000008007740
                0x0000000020000000                . = ALIGN (0x4)
                0x0000000020000000                _sdata = .
 *(.data)
 *(.data*)
 .data.SystemCoreClock
                0x0000000020000000        0x4 ./Core/Src/system_stm32f1xx.o
                0x0000000020000000                SystemCoreClock
 .data.uwTickPrio
                0x0000000020000004        0x4 ./Drivers/STM32F1xx_HAL_Driver/Src/stm32f1xx_hal.o
                0x0000000020000004                uwTickPrio
 .data.uwTickFreq
                0x0000000020000008        0x1 ./Drivers/STM32F1xx_HAL_Driver/Src/stm32f1xx_hal.o
                0x0000000020000008                uwTickFreq
 *fill*         0x0000000020000009        0x3 
 .data.DefaultTuningSettings
                0x000000002000000c       0xf3 ./Drivers/VL53L0X/core/src/vl53l0x_api.o
                0x000000002000000c                DefaultTuningSettings
 *fill*         0x00000000200000ff        0x1 
 .data.InterruptThresholdSettings
                0x0000000020000100      0x1b6 ./Drivers/VL53L0X/core/src/vl53l0x_api.o
                0x0000000020000100                InterruptThresholdSettings
 *fill*         0x00000000200002b6        0x2 
 .data.refArrayQuadrants
                0x00000000200002b8       0x10 ./Drivers/VL53L0X/core/src/vl53l0x_api_calibration.o
                0x00000000200002b8                refArrayQuadrants
 .data.Dev      0x00000000200002c8        0x4 ./Lib/VL53_API_Interface.o
                0x00000000200002c8                Dev
 *(.RamFunc)
 *(.RamFunc*)
                0x00000000200002cc                . = ALIGN (0x4)
                0x00000000200002cc                _edata = .

.igot.plt       0x00000000200002cc        0x0 load address 0x0000000008007a0c
 .igot.plt      0x00000000200002cc        0x0 C:/Programy/STM/IDE/STM32CubeIDE_1.13.2/STM32CubeIDE/plugins/com.st.stm32cube.ide.mcu.externaltools.gnu-tools-for-stm32.11.3.rel1.win32_1.1.1.202309131626/tools/bin/../lib/gcc/arm-none-eabi/11.3.1/thumb/v7-m/nofp/crtbegin.o
                0x00000000200002cc                . = ALIGN (0x4)

.bss            0x00000000200002cc      0x300 load address 0x0000000008007a0c
                0x00000000200002cc                _sbss = .
                0x00000000200002cc                __bss_start__ = _sbss
 *(.bss)
 .bss           0x00000000200002cc       0x1c C:/Programy/STM/IDE/STM32CubeIDE_1.13.2/STM32CubeIDE/plugins/com.st.stm32cube.ide.mcu.externaltools.gnu-tools-for-stm32.11.3.rel1.win32_1.1.1.202309131626/tools/bin/../lib/gcc/arm-none-eabi/11.3.1/thumb/v7-m/nofp/crtbegin.o
 *(.bss*)
 .bss.hi2c1     0x00000000200002e8       0x54 ./Core/Src/i2c.o
                0x00000000200002e8                hi2c1
 .bss.hi2c2     0x000000002000033c       0x54 ./Core/Src/i2c.o
                0x000000002000033c                hi2c2
 .bss.TofDataRead
                0x0000000020000390        0x1 ./Core/Src/main.o
                0x0000000020000390                TofDataRead
 *fill*         0x0000000020000391        0x3 
 .bss.huart2    0x0000000020000394       0x48 ./Core/Src/usart.o
                0x0000000020000394                huart2
 .bss.uwTick    0x00000000200003dc        0x4 ./Drivers/STM32F1xx_HAL_Driver/Src/stm32f1xx_hal.o
                0x00000000200003dc                uwTick
 .bss._I2CBuffer
                0x00000000200003e0       0x40 ./Drivers/VL53L0X/platform/src/vl53l0x_platform.o
                0x00000000200003e0                _I2CBuffer
 .bss.RangingData
                0x0000000020000420       0x1c ./Lib/VL53_API_Interface.o
                0x0000000020000420                RangingData
 .bss.vl53l0x_c
                0x000000002000043c      0x190 ./Lib/VL53_API_Interface.o
                0x000000002000043c                vl53l0x_c
 *(COMMON)
                0x00000000200005cc                . = ALIGN (0x4)
                0x00000000200005cc                _ebss = .
                0x00000000200005cc                __bss_end__ = _ebss

._user_heap_stack
                0x00000000200005cc      0x604 load address 0x0000000008007a0c
                0x00000000200005d0                . = ALIGN (0x8)
 *fill*         0x00000000200005cc        0x4 
                [!provide]                        PROVIDE (end = .)
                0x00000000200005d0                PROVIDE (_end = .)
                0x00000000200007d0                . = (. + _Min_Heap_Size)
 *fill*         0x00000000200005d0      0x200 
                0x0000000020000bd0                . = (. + _Min_Stack_Size)
 *fill*         0x00000000200007d0      0x400 
                0x0000000020000bd0                . = ALIGN (0x8)

/DISCARD/
 libc.a(*)
 libm.a(*)
 libgcc.a(*)

.ARM.attributes
                0x0000000000000000       0x29
 *(.ARM.attributes)
 .ARM.attributes
                0x0000000000000000       0x1d C:/Programy/STM/IDE/STM32CubeIDE_1.13.2/STM32CubeIDE/plugins/com.st.stm32cube.ide.mcu.externaltools.gnu-tools-for-stm32.11.3.rel1.win32_1.1.1.202309131626/tools/bin/../lib/gcc/arm-none-eabi/11.3.1/thumb/v7-m/nofp/crti.o
 .ARM.attributes
                0x000000000000001d       0x2d C:/Programy/STM/IDE/STM32CubeIDE_1.13.2/STM32CubeIDE/plugins/com.st.stm32cube.ide.mcu.externaltools.gnu-tools-for-stm32.11.3.rel1.win32_1.1.1.202309131626/tools/bin/../lib/gcc/arm-none-eabi/11.3.1/thumb/v7-m/nofp/crtbegin.o
 .ARM.attributes
                0x000000000000004a       0x2d ./Core/Src/gpio.o
 .ARM.attributes
                0x0000000000000077       0x2d ./Core/Src/i2c.o
 .ARM.attributes
                0x00000000000000a4       0x2d ./Core/Src/main.o
 .ARM.attributes
                0x00000000000000d1       0x2d ./Core/Src/stm32f1xx_hal_msp.o
 .ARM.attributes
                0x00000000000000fe       0x2d ./Core/Src/stm32f1xx_it.o
 .ARM.attributes
                0x000000000000012b       0x2d ./Core/Src/system_stm32f1xx.o
 .ARM.attributes
                0x0000000000000158       0x2d ./Core/Src/usart.o
 .ARM.attributes
                0x0000000000000185       0x21 ./Core/Startup/startup_stm32f103rbtx.o
 .ARM.attributes
                0x00000000000001a6       0x2d ./Drivers/STM32F1xx_HAL_Driver/Src/stm32f1xx_hal.o
 .ARM.attributes
                0x00000000000001d3       0x2d ./Drivers/STM32F1xx_HAL_Driver/Src/stm32f1xx_hal_cortex.o
 .ARM.attributes
                0x0000000000000200       0x2d ./Drivers/STM32F1xx_HAL_Driver/Src/stm32f1xx_hal_gpio.o
 .ARM.attributes
                0x000000000000022d       0x2d ./Drivers/STM32F1xx_HAL_Driver/Src/stm32f1xx_hal_i2c.o
 .ARM.attributes
                0x000000000000025a       0x2d ./Drivers/STM32F1xx_HAL_Driver/Src/stm32f1xx_hal_rcc.o
 .ARM.attributes
                0x0000000000000287       0x2d ./Drivers/STM32F1xx_HAL_Driver/Src/stm32f1xx_hal_uart.o
 .ARM.attributes
                0x00000000000002b4       0x2d ./Drivers/VL53L0X/core/src/vl53l0x_api.o
 .ARM.attributes
                0x00000000000002e1       0x2d ./Drivers/VL53L0X/core/src/vl53l0x_api_calibration.o
 .ARM.attributes
                0x000000000000030e       0x2d ./Drivers/VL53L0X/core/src/vl53l0x_api_core.o
 .ARM.attributes
                0x000000000000033b       0x2d ./Drivers/VL53L0X/platform/src/vl53l0x_platform.o
 .ARM.attributes
                0x0000000000000368       0x2d ./Lib/TM1637.o
 .ARM.attributes
                0x0000000000000395       0x2d ./Lib/VL53_API_Interface.o
 .ARM.attributes
                0x00000000000003c2       0x2d C:/Programy/STM/IDE/STM32CubeIDE_1.13.2/STM32CubeIDE/plugins/com.st.stm32cube.ide.mcu.externaltools.gnu-tools-for-stm32.11.3.rel1.win32_1.1.1.202309131626/tools/bin/../lib/gcc/arm-none-eabi/11.3.1/../../../../arm-none-eabi/lib/thumb/v7-m/nofp\libc_nano.a(libc_a-memset.o)
 .ARM.attributes
                0x00000000000003ef       0x2d C:/Programy/STM/IDE/STM32CubeIDE_1.13.2/STM32CubeIDE/plugins/com.st.stm32cube.ide.mcu.externaltools.gnu-tools-for-stm32.11.3.rel1.win32_1.1.1.202309131626/tools/bin/../lib/gcc/arm-none-eabi/11.3.1/../../../../arm-none-eabi/lib/thumb/v7-m/nofp\libc_nano.a(libc_a-init.o)
 .ARM.attributes
                0x000000000000041c       0x2d C:/Programy/STM/IDE/STM32CubeIDE_1.13.2/STM32CubeIDE/plugins/com.st.stm32cube.ide.mcu.externaltools.gnu-tools-for-stm32.11.3.rel1.win32_1.1.1.202309131626/tools/bin/../lib/gcc/arm-none-eabi/11.3.1/../../../../arm-none-eabi/lib/thumb/v7-m/nofp\libc_nano.a(libc_a-strcpy.o)
 .ARM.attributes
                0x0000000000000449       0x2d C:/Programy/STM/IDE/STM32CubeIDE_1.13.2/STM32CubeIDE/plugins/com.st.stm32cube.ide.mcu.externaltools.gnu-tools-for-stm32.11.3.rel1.win32_1.1.1.202309131626/tools/bin/../lib/gcc/arm-none-eabi/11.3.1/../../../../arm-none-eabi/lib/thumb/v7-m/nofp\libc_nano.a(libc_a-memcpy-stub.o)
 .ARM.attributes
                0x0000000000000476       0x1d C:/Programy/STM/IDE/STM32CubeIDE_1.13.2/STM32CubeIDE/plugins/com.st.stm32cube.ide.mcu.externaltools.gnu-tools-for-stm32.11.3.rel1.win32_1.1.1.202309131626/tools/bin/../lib/gcc/arm-none-eabi/11.3.1/thumb/v7-m/nofp/crtn.o
OUTPUT(Projekt_PMIK.elf elf32-littlearm)
LOAD linker stubs
LOAD C:/Programy/STM/IDE/STM32CubeIDE_1.13.2/STM32CubeIDE/plugins/com.st.stm32cube.ide.mcu.externaltools.gnu-tools-for-stm32.11.3.rel1.win32_1.1.1.202309131626/tools/bin/../lib/gcc/arm-none-eabi/11.3.1/../../../../arm-none-eabi/lib/thumb/v7-m/nofp\libc.a
LOAD C:/Programy/STM/IDE/STM32CubeIDE_1.13.2/STM32CubeIDE/plugins/com.st.stm32cube.ide.mcu.externaltools.gnu-tools-for-stm32.11.3.rel1.win32_1.1.1.202309131626/tools/bin/../lib/gcc/arm-none-eabi/11.3.1/../../../../arm-none-eabi/lib/thumb/v7-m/nofp\libm.a
LOAD C:/Programy/STM/IDE/STM32CubeIDE_1.13.2/STM32CubeIDE/plugins/com.st.stm32cube.ide.mcu.externaltools.gnu-tools-for-stm32.11.3.rel1.win32_1.1.1.202309131626/tools/bin/../lib/gcc/arm-none-eabi/11.3.1/thumb/v7-m/nofp\libgcc.a

.comment        0x0000000000000000       0x43
 .comment       0x0000000000000000       0x43 C:/Programy/STM/IDE/STM32CubeIDE_1.13.2/STM32CubeIDE/plugins/com.st.stm32cube.ide.mcu.externaltools.gnu-tools-for-stm32.11.3.rel1.win32_1.1.1.202309131626/tools/bin/../lib/gcc/arm-none-eabi/11.3.1/thumb/v7-m/nofp/crtbegin.o
                                         0x44 (size before relaxing)
 .comment       0x0000000000000043       0x44 ./Core/Src/gpio.o
 .comment       0x0000000000000043       0x44 ./Core/Src/i2c.o
 .comment       0x0000000000000043       0x44 ./Core/Src/main.o
 .comment       0x0000000000000043       0x44 ./Core/Src/stm32f1xx_hal_msp.o
 .comment       0x0000000000000043       0x44 ./Core/Src/stm32f1xx_it.o
 .comment       0x0000000000000043       0x44 ./Core/Src/system_stm32f1xx.o
 .comment       0x0000000000000043       0x44 ./Core/Src/usart.o
 .comment       0x0000000000000043       0x44 ./Drivers/STM32F1xx_HAL_Driver/Src/stm32f1xx_hal.o
 .comment       0x0000000000000043       0x44 ./Drivers/STM32F1xx_HAL_Driver/Src/stm32f1xx_hal_cortex.o
 .comment       0x0000000000000043       0x44 ./Drivers/STM32F1xx_HAL_Driver/Src/stm32f1xx_hal_gpio.o
 .comment       0x0000000000000043       0x44 ./Drivers/STM32F1xx_HAL_Driver/Src/stm32f1xx_hal_i2c.o
 .comment       0x0000000000000043       0x44 ./Drivers/STM32F1xx_HAL_Driver/Src/stm32f1xx_hal_rcc.o
 .comment       0x0000000000000043       0x44 ./Drivers/STM32F1xx_HAL_Driver/Src/stm32f1xx_hal_uart.o
 .comment       0x0000000000000043       0x44 ./Drivers/VL53L0X/core/src/vl53l0x_api.o
 .comment       0x0000000000000043       0x44 ./Drivers/VL53L0X/core/src/vl53l0x_api_calibration.o
 .comment       0x0000000000000043       0x44 ./Drivers/VL53L0X/core/src/vl53l0x_api_core.o
 .comment       0x0000000000000043       0x44 ./Drivers/VL53L0X/platform/src/vl53l0x_platform.o
 .comment       0x0000000000000043       0x44 ./Lib/TM1637.o
 .comment       0x0000000000000043       0x44 ./Lib/VL53_API_Interface.o

.debug_info     0x0000000000000000    0x12975
 .debug_info    0x0000000000000000      0x44e ./Core/Src/gpio.o
 .debug_info    0x000000000000044e      0x83b ./Core/Src/i2c.o
 .debug_info    0x0000000000000c89      0x36a ./Core/Src/main.o
 .debug_info    0x0000000000000ff3      0x1f1 ./Core/Src/stm32f1xx_hal_msp.o
 .debug_info    0x00000000000011e4      0x15b ./Core/Src/stm32f1xx_it.o
 .debug_info    0x000000000000133f      0x222 ./Core/Src/system_stm32f1xx.o
 .debug_info    0x0000000000001561      0x798 ./Core/Src/usart.o
 .debug_info    0x0000000000001cf9       0x23 ./Core/Startup/startup_stm32f103rbtx.o
 .debug_info    0x0000000000001d1c      0x704 ./Drivers/STM32F1xx_HAL_Driver/Src/stm32f1xx_hal.o
 .debug_info    0x0000000000002420      0xa87 ./Drivers/STM32F1xx_HAL_Driver/Src/stm32f1xx_hal_cortex.o
 .debug_info    0x0000000000002ea7      0x5ab ./Drivers/STM32F1xx_HAL_Driver/Src/stm32f1xx_hal_gpio.o
 .debug_info    0x0000000000003452     0x2515 ./Drivers/STM32F1xx_HAL_Driver/Src/stm32f1xx_hal_i2c.o
 .debug_info    0x0000000000005967      0x7d5 ./Drivers/STM32F1xx_HAL_Driver/Src/stm32f1xx_hal_rcc.o
 .debug_info    0x000000000000613c     0x2fa8 ./Drivers/STM32F1xx_HAL_Driver/Src/stm32f1xx_hal_uart.o
 .debug_info    0x00000000000090e4     0x3506 ./Drivers/VL53L0X/core/src/vl53l0x_api.o
 .debug_info    0x000000000000c5ea     0x1cd3 ./Drivers/VL53L0X/core/src/vl53l0x_api_calibration.o
 .debug_info    0x000000000000e2bd     0x2189 ./Drivers/VL53L0X/core/src/vl53l0x_api_core.o
 .debug_info    0x0000000000010446     0x11d5 ./Drivers/VL53L0X/platform/src/vl53l0x_platform.o
 .debug_info    0x000000000001161b      0x337 ./Lib/TM1637.o
 .debug_info    0x0000000000011952     0x1023 ./Lib/VL53_API_Interface.o

.debug_abbrev   0x0000000000000000     0x2702
 .debug_abbrev  0x0000000000000000      0x161 ./Core/Src/gpio.o
 .debug_abbrev  0x0000000000000161      0x1e4 ./Core/Src/i2c.o
 .debug_abbrev  0x0000000000000345      0x1dd ./Core/Src/main.o
 .debug_abbrev  0x0000000000000522       0xdb ./Core/Src/stm32f1xx_hal_msp.o
 .debug_abbrev  0x00000000000005fd       0xa0 ./Core/Src/stm32f1xx_it.o
 .debug_abbrev  0x000000000000069d      0x13f ./Core/Src/system_stm32f1xx.o
 .debug_abbrev  0x00000000000007dc      0x1e6 ./Core/Src/usart.o
 .debug_abbrev  0x00000000000009c2       0x12 ./Core/Startup/startup_stm32f103rbtx.o
 .debug_abbrev  0x00000000000009d4      0x201 ./Drivers/STM32F1xx_HAL_Driver/Src/stm32f1xx_hal.o
 .debug_abbrev  0x0000000000000bd5      0x2f8 ./Drivers/STM32F1xx_HAL_Driver/Src/stm32f1xx_hal_cortex.o
 .debug_abbrev  0x0000000000000ecd      0x1ca ./Drivers/STM32F1xx_HAL_Driver/Src/stm32f1xx_hal_gpio.o
 .debug_abbrev  0x0000000000001097      0x2a3 ./Drivers/STM32F1xx_HAL_Driver/Src/stm32f1xx_hal_i2c.o
 .debug_abbrev  0x000000000000133a      0x2b3 ./Drivers/STM32F1xx_HAL_Driver/Src/stm32f1xx_hal_rcc.o
 .debug_abbrev  0x00000000000015ed      0x2f8 ./Drivers/STM32F1xx_HAL_Driver/Src/stm32f1xx_hal_uart.o
 .debug_abbrev  0x00000000000018e5      0x2ae ./Drivers/VL53L0X/core/src/vl53l0x_api.o
 .debug_abbrev  0x0000000000001b93      0x29f ./Drivers/VL53L0X/core/src/vl53l0x_api_calibration.o
 .debug_abbrev  0x0000000000001e32      0x2b7 ./Drivers/VL53L0X/core/src/vl53l0x_api_core.o
 .debug_abbrev  0x00000000000020e9      0x239 ./Drivers/VL53L0X/platform/src/vl53l0x_platform.o
 .debug_abbrev  0x0000000000002322      0x1a1 ./Lib/TM1637.o
 .debug_abbrev  0x00000000000024c3      0x23f ./Lib/VL53_API_Interface.o

.debug_aranges  0x0000000000000000      0xf18
 .debug_aranges
                0x0000000000000000       0x20 ./Core/Src/gpio.o
 .debug_aranges
                0x0000000000000020       0x38 ./Core/Src/i2c.o
 .debug_aranges
                0x0000000000000058       0x38 ./Core/Src/main.o
 .debug_aranges
                0x0000000000000090       0x20 ./Core/Src/stm32f1xx_hal_msp.o
 .debug_aranges
                0x00000000000000b0       0x70 ./Core/Src/stm32f1xx_it.o
 .debug_aranges
                0x0000000000000120       0x28 ./Core/Src/system_stm32f1xx.o
 .debug_aranges
                0x0000000000000148       0x30 ./Core/Src/usart.o
 .debug_aranges
                0x0000000000000178       0x28 ./Core/Startup/startup_stm32f103rbtx.o
 .debug_aranges
                0x00000000000001a0       0xe0 ./Drivers/STM32F1xx_HAL_Driver/Src/stm32f1xx_hal.o
 .debug_aranges
                0x0000000000000280      0x100 ./Drivers/STM32F1xx_HAL_Driver/Src/stm32f1xx_hal_cortex.o
 .debug_aranges
                0x0000000000000380       0x58 ./Drivers/STM32F1xx_HAL_Driver/Src/stm32f1xx_hal_gpio.o
 .debug_aranges
                0x00000000000003d8      0x2a8 ./Drivers/STM32F1xx_HAL_Driver/Src/stm32f1xx_hal_i2c.o
 .debug_aranges
                0x0000000000000680       0x90 ./Drivers/STM32F1xx_HAL_Driver/Src/stm32f1xx_hal_rcc.o
 .debug_aranges
                0x0000000000000710      0x208 ./Drivers/STM32F1xx_HAL_Driver/Src/stm32f1xx_hal_uart.o
 .debug_aranges
                0x0000000000000918      0x330 ./Drivers/VL53L0X/core/src/vl53l0x_api.o
 .debug_aranges
                0x0000000000000c48       0xd0 ./Drivers/VL53L0X/core/src/vl53l0x_api_calibration.o
 .debug_aranges
                0x0000000000000d18       0xe0 ./Drivers/VL53L0X/core/src/vl53l0x_api_core.o
 .debug_aranges
                0x0000000000000df8       0x78 ./Drivers/VL53L0X/platform/src/vl53l0x_platform.o
 .debug_aranges
                0x0000000000000e70       0x78 ./Lib/TM1637.o
 .debug_aranges
                0x0000000000000ee8       0x30 ./Lib/VL53_API_Interface.o

.debug_rnglists
                0x0000000000000000      0xba8
 .debug_rnglists
                0x0000000000000000       0x14 ./Core/Src/gpio.o
 .debug_rnglists
                0x0000000000000014       0x26 ./Core/Src/i2c.o
 .debug_rnglists
                0x000000000000003a       0x26 ./Core/Src/main.o
 .debug_rnglists
                0x0000000000000060       0x13 ./Core/Src/stm32f1xx_hal_msp.o
 .debug_rnglists
                0x0000000000000073       0x4f ./Core/Src/stm32f1xx_it.o
 .debug_rnglists
                0x00000000000000c2       0x1a ./Core/Src/system_stm32f1xx.o
 .debug_rnglists
                0x00000000000000dc       0x1f ./Core/Src/usart.o
 .debug_rnglists
                0x00000000000000fb       0x19 ./Core/Startup/startup_stm32f103rbtx.o
 .debug_rnglists
                0x0000000000000114       0xa3 ./Drivers/STM32F1xx_HAL_Driver/Src/stm32f1xx_hal.o
 .debug_rnglists
                0x00000000000001b7       0xbb ./Drivers/STM32F1xx_HAL_Driver/Src/stm32f1xx_hal_cortex.o
 .debug_rnglists
                0x0000000000000272       0x3f ./Drivers/STM32F1xx_HAL_Driver/Src/stm32f1xx_hal_gpio.o
 .debug_rnglists
                0x00000000000002b1      0x23c ./Drivers/STM32F1xx_HAL_Driver/Src/stm32f1xx_hal_i2c.o
 .debug_rnglists
                0x00000000000004ed       0x6c ./Drivers/STM32F1xx_HAL_Driver/Src/stm32f1xx_hal_rcc.o
 .debug_rnglists
                0x0000000000000559      0x1bc ./Drivers/STM32F1xx_HAL_Driver/Src/stm32f1xx_hal_uart.o
 .debug_rnglists
                0x0000000000000715      0x276 ./Drivers/VL53L0X/core/src/vl53l0x_api.o
 .debug_rnglists
                0x000000000000098b       0xa4 ./Drivers/VL53L0X/core/src/vl53l0x_api_calibration.o
 .debug_rnglists
                0x0000000000000a2f       0xae ./Drivers/VL53L0X/core/src/vl53l0x_api_core.o
 .debug_rnglists
                0x0000000000000add       0x55 ./Drivers/VL53L0X/platform/src/vl53l0x_platform.o
 .debug_rnglists
                0x0000000000000b32       0x56 ./Lib/TM1637.o
 .debug_rnglists
                0x0000000000000b88       0x20 ./Lib/VL53_API_Interface.o

.debug_macro    0x0000000000000000    0x182ea
 .debug_macro   0x0000000000000000      0x1b1 ./Core/Src/gpio.o
 .debug_macro   0x00000000000001b1      0xa9c ./Core/Src/gpio.o
 .debug_macro   0x0000000000000c4d      0x21b ./Core/Src/gpio.o
 .debug_macro   0x0000000000000e68       0x2e ./Core/Src/gpio.o
 .debug_macro   0x0000000000000e96       0x22 ./Core/Src/gpio.o
 .debug_macro   0x0000000000000eb8       0x22 ./Core/Src/gpio.o
 .debug_macro   0x0000000000000eda       0x8e ./Core/Src/gpio.o
 .debug_macro   0x0000000000000f68       0x51 ./Core/Src/gpio.o
 .debug_macro   0x0000000000000fb9      0x103 ./Core/Src/gpio.o
 .debug_macro   0x00000000000010bc       0x6a ./Core/Src/gpio.o
 .debug_macro   0x0000000000001126      0x1df ./Core/Src/gpio.o
 .debug_macro   0x0000000000001305       0x1c ./Core/Src/gpio.o
 .debug_macro   0x0000000000001321       0x22 ./Core/Src/gpio.o
 .debug_macro   0x0000000000001343       0xbd ./Core/Src/gpio.o
 .debug_macro   0x0000000000001400      0xd23 ./Core/Src/gpio.o
 .debug_macro   0x0000000000002123     0xe09e ./Core/Src/gpio.o
 .debug_macro   0x00000000000101c1       0x6d ./Core/Src/gpio.o
 .debug_macro   0x000000000001022e     0x348d ./Core/Src/gpio.o
 .debug_macro   0x00000000000136bb      0x174 ./Core/Src/gpio.o
 .debug_macro   0x000000000001382f       0x5c ./Core/Src/gpio.o
 .debug_macro   0x000000000001388b      0x5bc ./Core/Src/gpio.o
 .debug_macro   0x0000000000013e47      0x289 ./Core/Src/gpio.o
 .debug_macro   0x00000000000140d0      0x1cb ./Core/Src/gpio.o
 .debug_macro   0x000000000001429b      0x114 ./Core/Src/gpio.o
 .debug_macro   0x00000000000143af      0x1b2 ./Core/Src/gpio.o
 .debug_macro   0x0000000000014561       0x27 ./Core/Src/gpio.o
 .debug_macro   0x0000000000014588      0x136 ./Core/Src/gpio.o
 .debug_macro   0x00000000000146be      0x1bc ./Core/Src/gpio.o
 .debug_macro   0x000000000001487a       0x34 ./Core/Src/gpio.o
 .debug_macro   0x00000000000148ae       0x3c ./Core/Src/gpio.o
 .debug_macro   0x00000000000148ea       0x57 ./Core/Src/gpio.o
 .debug_macro   0x0000000000014941       0x87 ./Core/Src/gpio.o
 .debug_macro   0x00000000000149c8      0x240 ./Core/Src/gpio.o
 .debug_macro   0x0000000000014c08      0x287 ./Core/Src/gpio.o
 .debug_macro   0x0000000000014e8f      0x140 ./Core/Src/gpio.o
 .debug_macro   0x0000000000014fcf      0x28e ./Core/Src/gpio.o
 .debug_macro   0x000000000001525d       0x83 ./Core/Src/gpio.o
 .debug_macro   0x00000000000152e0       0xa6 ./Core/Src/gpio.o
 .debug_macro   0x0000000000015386      0x1b1 ./Core/Src/i2c.o
 .debug_macro   0x0000000000015537      0x1eb ./Core/Src/main.o
 .debug_macro   0x0000000000015722      0x1a7 ./Core/Src/stm32f1xx_hal_msp.o
 .debug_macro   0x00000000000158c9      0x1b1 ./Core/Src/stm32f1xx_it.o
 .debug_macro   0x0000000000015a7a      0x198 ./Core/Src/system_stm32f1xx.o
 .debug_macro   0x0000000000015c12      0x1b1 ./Core/Src/usart.o
 .debug_macro   0x0000000000015dc3      0x1bc ./Drivers/STM32F1xx_HAL_Driver/Src/stm32f1xx_hal.o
 .debug_macro   0x0000000000015f7f      0x198 ./Drivers/STM32F1xx_HAL_Driver/Src/stm32f1xx_hal_cortex.o
 .debug_macro   0x0000000000016117      0x203 ./Drivers/STM32F1xx_HAL_Driver/Src/stm32f1xx_hal_gpio.o
 .debug_macro   0x000000000001631a      0x1e6 ./Drivers/STM32F1xx_HAL_Driver/Src/stm32f1xx_hal_i2c.o
 .debug_macro   0x0000000000016500      0x1aa ./Drivers/STM32F1xx_HAL_Driver/Src/stm32f1xx_hal_rcc.o
 .debug_macro   0x00000000000166aa      0x199 ./Drivers/STM32F1xx_HAL_Driver/Src/stm32f1xx_hal_uart.o
 .debug_macro   0x0000000000016843      0x37e ./Drivers/VL53L0X/core/src/vl53l0x_api.o
 .debug_macro   0x0000000000016bc1       0x76 ./Drivers/VL53L0X/core/src/vl53l0x_api.o
 .debug_macro   0x0000000000016c37      0x29c ./Drivers/VL53L0X/core/src/vl53l0x_api.o
 .debug_macro   0x0000000000016ed3      0x203 ./Drivers/VL53L0X/core/src/vl53l0x_api.o
 .debug_macro   0x00000000000170d6       0x61 ./Drivers/VL53L0X/core/src/vl53l0x_api.o
 .debug_macro   0x0000000000017137       0x16 ./Drivers/VL53L0X/core/src/vl53l0x_api.o
 .debug_macro   0x000000000001714d       0x16 ./Drivers/VL53L0X/core/src/vl53l0x_api.o
 .debug_macro   0x0000000000017163       0x16 ./Drivers/VL53L0X/core/src/vl53l0x_api.o
 .debug_macro   0x0000000000017179       0x20 ./Drivers/VL53L0X/core/src/vl53l0x_api.o
 .debug_macro   0x0000000000017199       0x2e ./Drivers/VL53L0X/core/src/vl53l0x_api.o
 .debug_macro   0x00000000000171c7       0x56 ./Drivers/VL53L0X/core/src/vl53l0x_api.o
 .debug_macro   0x000000000001721d       0x17 ./Drivers/VL53L0X/core/src/vl53l0x_api.o
 .debug_macro   0x0000000000017234      0x1d2 ./Drivers/VL53L0X/core/src/vl53l0x_api.o
 .debug_macro   0x0000000000017406      0x378 ./Drivers/VL53L0X/core/src/vl53l0x_api_calibration.o
 .debug_macro   0x000000000001777e      0x366 ./Drivers/VL53L0X/core/src/vl53l0x_api_core.o
 .debug_macro   0x0000000000017ae4      0x32a ./Drivers/VL53L0X/platform/src/vl53l0x_platform.o
 .debug_macro   0x0000000000017e0e      0x1ab ./Lib/TM1637.o
 .debug_macro   0x0000000000017fb9      0x331 ./Lib/VL53_API_Interface.o

.debug_line     0x0000000000000000    0x141d4
 .debug_line    0x0000000000000000      0x7ee ./Core/Src/gpio.o
 .debug_line    0x00000000000007ee      0x871 ./Core/Src/i2c.o
 .debug_line    0x000000000000105f      0x8aa ./Core/Src/main.o
 .debug_line    0x0000000000001909      0x7a3 ./Core/Src/stm32f1xx_hal_msp.o
 .debug_line    0x00000000000020ac      0x895 ./Core/Src/stm32f1xx_it.o
 .debug_line    0x0000000000002941      0x820 ./Core/Src/system_stm32f1xx.o
 .debug_line    0x0000000000003161      0x807 ./Core/Src/usart.o
 .debug_line    0x0000000000003968       0x78 ./Core/Startup/startup_stm32f103rbtx.o
 .debug_line    0x00000000000039e0      0xa4d ./Drivers/STM32F1xx_HAL_Driver/Src/stm32f1xx_hal.o
 .debug_line    0x000000000000442d      0xc35 ./Drivers/STM32F1xx_HAL_Driver/Src/stm32f1xx_hal_cortex.o
 .debug_line    0x0000000000005062      0xae6 ./Drivers/STM32F1xx_HAL_Driver/Src/stm32f1xx_hal_gpio.o
 .debug_line    0x0000000000005b48     0x3bc4 ./Drivers/STM32F1xx_HAL_Driver/Src/stm32f1xx_hal_i2c.o
 .debug_line    0x000000000000970c      0xe56 ./Drivers/STM32F1xx_HAL_Driver/Src/stm32f1xx_hal_rcc.o
 .debug_line    0x000000000000a562     0x297b ./Drivers/STM32F1xx_HAL_Driver/Src/stm32f1xx_hal_uart.o
 .debug_line    0x000000000000cedd     0x20b8 ./Drivers/VL53L0X/core/src/vl53l0x_api.o
 .debug_line    0x000000000000ef95     0x14aa ./Drivers/VL53L0X/core/src/vl53l0x_api_calibration.o
 .debug_line    0x000000000001043f     0x1b93 ./Drivers/VL53L0X/core/src/vl53l0x_api_core.o
 .debug_line    0x0000000000011fd2      0xd27 ./Drivers/VL53L0X/platform/src/vl53l0x_platform.o
 .debug_line    0x0000000000012cf9      0x97c ./Lib/TM1637.o
 .debug_line    0x0000000000013675      0xb5f ./Lib/VL53_API_Interface.o

.debug_str      0x0000000000000000    0x8b07f
 .debug_str     0x0000000000000000    0x7e373 ./Core/Src/gpio.o
                                      0x7e741 (size before relaxing)
 .debug_str     0x000000000007e373      0x4a3 ./Core/Src/i2c.o
                                      0x7e907 (size before relaxing)
 .debug_str     0x000000000007e816      0x249 ./Core/Src/main.o
                                      0x7e61d (size before relaxing)
 .debug_str     0x000000000007ea5f       0x5a ./Core/Src/stm32f1xx_hal_msp.o
                                      0x7e3c2 (size before relaxing)
 .debug_str     0x000000000007eab9      0x108 ./Core/Src/stm32f1xx_it.o
                                      0x7e42a (size before relaxing)
 .debug_str     0x000000000007ebc1       0x7e ./Core/Src/system_stm32f1xx.o
                                      0x7e199 (size before relaxing)
 .debug_str     0x000000000007ec3f      0x228 ./Core/Src/usart.o
                                      0x7e882 (size before relaxing)
 .debug_str     0x000000000007ee67       0x34 ./Core/Startup/startup_stm32f103rbtx.o
                                         0x5a (size before relaxing)
 .debug_str     0x000000000007ee9b      0x38e ./Drivers/STM32F1xx_HAL_Driver/Src/stm32f1xx_hal.o
                                      0x7e8cc (size before relaxing)
 .debug_str     0x000000000007f229      0x2a8 ./Drivers/STM32F1xx_HAL_Driver/Src/stm32f1xx_hal_cortex.o
                                      0x7e818 (size before relaxing)
 .debug_str     0x000000000007f4d1      0x2ad ./Drivers/STM32F1xx_HAL_Driver/Src/stm32f1xx_hal_gpio.o
                                      0x7e51f (size before relaxing)
 .debug_str     0x000000000007f77e      0xbd4 ./Drivers/STM32F1xx_HAL_Driver/Src/stm32f1xx_hal_i2c.o
                                      0x7f260 (size before relaxing)
 .debug_str     0x0000000000080352      0x209 ./Drivers/STM32F1xx_HAL_Driver/Src/stm32f1xx_hal_rcc.o
                                      0x7e5c8 (size before relaxing)
 .debug_str     0x000000000008055b      0x633 ./Drivers/STM32F1xx_HAL_Driver/Src/stm32f1xx_hal_uart.o
                                      0x7ec39 (size before relaxing)
 .debug_str     0x0000000000080b8e     0x907a ./Drivers/VL53L0X/core/src/vl53l0x_api.o
                                      0x87971 (size before relaxing)
 .debug_str     0x0000000000089c08      0x678 ./Drivers/VL53L0X/core/src/vl53l0x_api_calibration.o
                                      0x86a29 (size before relaxing)
 .debug_str     0x000000000008a280      0xbec ./Drivers/VL53L0X/core/src/vl53l0x_api_core.o
                                      0x86ffb (size before relaxing)
 .debug_str     0x000000000008ae6c      0x10c ./Drivers/VL53L0X/platform/src/vl53l0x_platform.o
                                      0x85efb (size before relaxing)
 .debug_str     0x000000000008af78       0xd5 ./Lib/TM1637.o
                                      0x7e494 (size before relaxing)
 .debug_str     0x000000000008b04d       0x32 ./Lib/VL53_API_Interface.o
                                      0x8640b (size before relaxing)

.debug_frame    0x0000000000000000     0x3e3c
 .debug_frame   0x0000000000000000       0x34 ./Core/Src/gpio.o
 .debug_frame   0x0000000000000034       0x90 ./Core/Src/i2c.o
 .debug_frame   0x00000000000000c4       0x90 ./Core/Src/main.o
 .debug_frame   0x0000000000000154       0x38 ./Core/Src/stm32f1xx_hal_msp.o
 .debug_frame   0x000000000000018c      0x13c ./Core/Src/stm32f1xx_it.o
 .debug_frame   0x00000000000002c8       0x58 ./Core/Src/system_stm32f1xx.o
 .debug_frame   0x0000000000000320       0x74 ./Core/Src/usart.o
 .debug_frame   0x0000000000000394      0x334 ./Drivers/STM32F1xx_HAL_Driver/Src/stm32f1xx_hal.o
 .debug_frame   0x00000000000006c8      0x428 ./Drivers/STM32F1xx_HAL_Driver/Src/stm32f1xx_hal_cortex.o
 .debug_frame   0x0000000000000af0      0x14c ./Drivers/STM32F1xx_HAL_Driver/Src/stm32f1xx_hal_gpio.o
 .debug_frame   0x0000000000000c3c      0xc84 ./Drivers/STM32F1xx_HAL_Driver/Src/stm32f1xx_hal_i2c.o
 .debug_frame   0x00000000000018c0      0x218 ./Drivers/STM32F1xx_HAL_Driver/Src/stm32f1xx_hal_rcc.o
 .debug_frame   0x0000000000001ad8      0x944 ./Drivers/STM32F1xx_HAL_Driver/Src/stm32f1xx_hal_uart.o
 .debug_frame   0x000000000000241c      0xe94 ./Drivers/VL53L0X/core/src/vl53l0x_api.o
 .debug_frame   0x00000000000032b0      0x374 ./Drivers/VL53L0X/core/src/vl53l0x_api_calibration.o
 .debug_frame   0x0000000000003624      0x3c4 ./Drivers/VL53L0X/core/src/vl53l0x_api_core.o
 .debug_frame   0x00000000000039e8      0x1c0 ./Drivers/VL53L0X/platform/src/vl53l0x_platform.o
 .debug_frame   0x0000000000003ba8      0x188 ./Lib/TM1637.o
 .debug_frame   0x0000000000003d30       0x78 ./Lib/VL53_API_Interface.o
 .debug_frame   0x0000000000003da8       0x20 C:/Programy/STM/IDE/STM32CubeIDE_1.13.2/STM32CubeIDE/plugins/com.st.stm32cube.ide.mcu.externaltools.gnu-tools-for-stm32.11.3.rel1.win32_1.1.1.202309131626/tools/bin/../lib/gcc/arm-none-eabi/11.3.1/../../../../arm-none-eabi/lib/thumb/v7-m/nofp\libc_nano.a(libc_a-memset.o)
 .debug_frame   0x0000000000003dc8       0x2c C:/Programy/STM/IDE/STM32CubeIDE_1.13.2/STM32CubeIDE/plugins/com.st.stm32cube.ide.mcu.externaltools.gnu-tools-for-stm32.11.3.rel1.win32_1.1.1.202309131626/tools/bin/../lib/gcc/arm-none-eabi/11.3.1/../../../../arm-none-eabi/lib/thumb/v7-m/nofp\libc_nano.a(libc_a-init.o)
 .debug_frame   0x0000000000003df4       0x20 C:/Programy/STM/IDE/STM32CubeIDE_1.13.2/STM32CubeIDE/plugins/com.st.stm32cube.ide.mcu.externaltools.gnu-tools-for-stm32.11.3.rel1.win32_1.1.1.202309131626/tools/bin/../lib/gcc/arm-none-eabi/11.3.1/../../../../arm-none-eabi/lib/thumb/v7-m/nofp\libc_nano.a(libc_a-strcpy.o)
 .debug_frame   0x0000000000003e14       0x28 C:/Programy/STM/IDE/STM32CubeIDE_1.13.2/STM32CubeIDE/plugins/com.st.stm32cube.ide.mcu.externaltools.gnu-tools-for-stm32.11.3.rel1.win32_1.1.1.202309131626/tools/bin/../lib/gcc/arm-none-eabi/11.3.1/../../../../arm-none-eabi/lib/thumb/v7-m/nofp\libc_nano.a(libc_a-memcpy-stub.o)

.debug_line_str
                0x0000000000000000       0x4e
 .debug_line_str
                0x0000000000000000       0x4e ./Core/Startup/startup_stm32f103rbtx.o
                                         0x66 (size before relaxing)
