Archive member included to satisfy reference by file (symbol)

D:/Programy/ST/STM32CubeIDE_1.13.2/STM32CubeIDE/plugins/com.st.stm32cube.ide.mcu.externaltools.gnu-tools-for-stm32.11.3.rel1.win32_1.1.1.202309131626/tools/bin/../lib/gcc/arm-none-eabi/11.3.1/../../../../arm-none-eabi/lib/thumb/v7-m/nofp\libc_nano.a(libc_a-exit.o)
                              D:/Programy/ST/STM32CubeIDE_1.13.2/STM32CubeIDE/plugins/com.st.stm32cube.ide.mcu.externaltools.gnu-tools-for-stm32.11.3.rel1.win32_1.1.1.202309131626/tools/bin/../lib/gcc/arm-none-eabi/11.3.1/../../../../arm-none-eabi/lib/thumb/v7-m/nofp/crt0.o (exit)
D:/Programy/ST/STM32CubeIDE_1.13.2/STM32CubeIDE/plugins/com.st.stm32cube.ide.mcu.externaltools.gnu-tools-for-stm32.11.3.rel1.win32_1.1.1.202309131626/tools/bin/../lib/gcc/arm-none-eabi/11.3.1/../../../../arm-none-eabi/lib/thumb/v7-m/nofp\libc_nano.a(libc_a-findfp.o)
                              D:/Programy/ST/STM32CubeIDE_1.13.2/STM32CubeIDE/plugins/com.st.stm32cube.ide.mcu.externaltools.gnu-tools-for-stm32.11.3.rel1.win32_1.1.1.202309131626/tools/bin/../lib/gcc/arm-none-eabi/11.3.1/../../../../arm-none-eabi/lib/thumb/v7-m/nofp\libc_nano.a(libc_a-exit.o) (__stdio_exit_handler)
D:/Programy/ST/STM32CubeIDE_1.13.2/STM32CubeIDE/plugins/com.st.stm32cube.ide.mcu.externaltools.gnu-tools-for-stm32.11.3.rel1.win32_1.1.1.202309131626/tools/bin/../lib/gcc/arm-none-eabi/11.3.1/../../../../arm-none-eabi/lib/thumb/v7-m/nofp\libc_nano.a(libc_a-fwalk.o)
                              D:/Programy/ST/STM32CubeIDE_1.13.2/STM32CubeIDE/plugins/com.st.stm32cube.ide.mcu.externaltools.gnu-tools-for-stm32.11.3.rel1.win32_1.1.1.202309131626/tools/bin/../lib/gcc/arm-none-eabi/11.3.1/../../../../arm-none-eabi/lib/thumb/v7-m/nofp\libc_nano.a(libc_a-findfp.o) (_fwalk_sglue)
D:/Programy/ST/STM32CubeIDE_1.13.2/STM32CubeIDE/plugins/com.st.stm32cube.ide.mcu.externaltools.gnu-tools-for-stm32.11.3.rel1.win32_1.1.1.202309131626/tools/bin/../lib/gcc/arm-none-eabi/11.3.1/../../../../arm-none-eabi/lib/thumb/v7-m/nofp\libc_nano.a(libc_a-sprintf.o)
                              ./Core/Lib/Handler.o (sprintf)
D:/Programy/ST/STM32CubeIDE_1.13.2/STM32CubeIDE/plugins/com.st.stm32cube.ide.mcu.externaltools.gnu-tools-for-stm32.11.3.rel1.win32_1.1.1.202309131626/tools/bin/../lib/gcc/arm-none-eabi/11.3.1/../../../../arm-none-eabi/lib/thumb/v7-m/nofp\libc_nano.a(libc_a-stdio.o)
                              D:/Programy/ST/STM32CubeIDE_1.13.2/STM32CubeIDE/plugins/com.st.stm32cube.ide.mcu.externaltools.gnu-tools-for-stm32.11.3.rel1.win32_1.1.1.202309131626/tools/bin/../lib/gcc/arm-none-eabi/11.3.1/../../../../arm-none-eabi/lib/thumb/v7-m/nofp\libc_nano.a(libc_a-findfp.o) (__sread)
D:/Programy/ST/STM32CubeIDE_1.13.2/STM32CubeIDE/plugins/com.st.stm32cube.ide.mcu.externaltools.gnu-tools-for-stm32.11.3.rel1.win32_1.1.1.202309131626/tools/bin/../lib/gcc/arm-none-eabi/11.3.1/../../../../arm-none-eabi/lib/thumb/v7-m/nofp\libc_nano.a(libc_a-memset.o)
                              D:/Programy/ST/STM32CubeIDE_1.13.2/STM32CubeIDE/plugins/com.st.stm32cube.ide.mcu.externaltools.gnu-tools-for-stm32.11.3.rel1.win32_1.1.1.202309131626/tools/bin/../lib/gcc/arm-none-eabi/11.3.1/../../../../arm-none-eabi/lib/thumb/v7-m/nofp/crt0.o (memset)
D:/Programy/ST/STM32CubeIDE_1.13.2/STM32CubeIDE/plugins/com.st.stm32cube.ide.mcu.externaltools.gnu-tools-for-stm32.11.3.rel1.win32_1.1.1.202309131626/tools/bin/../lib/gcc/arm-none-eabi/11.3.1/../../../../arm-none-eabi/lib/thumb/v7-m/nofp\libc_nano.a(libc_a-closer.o)
                              D:/Programy/ST/STM32CubeIDE_1.13.2/STM32CubeIDE/plugins/com.st.stm32cube.ide.mcu.externaltools.gnu-tools-for-stm32.11.3.rel1.win32_1.1.1.202309131626/tools/bin/../lib/gcc/arm-none-eabi/11.3.1/../../../../arm-none-eabi/lib/thumb/v7-m/nofp\libc_nano.a(libc_a-stdio.o) (_close_r)
D:/Programy/ST/STM32CubeIDE_1.13.2/STM32CubeIDE/plugins/com.st.stm32cube.ide.mcu.externaltools.gnu-tools-for-stm32.11.3.rel1.win32_1.1.1.202309131626/tools/bin/../lib/gcc/arm-none-eabi/11.3.1/../../../../arm-none-eabi/lib/thumb/v7-m/nofp\libc_nano.a(libc_a-reent.o)
                              D:/Programy/ST/STM32CubeIDE_1.13.2/STM32CubeIDE/plugins/com.st.stm32cube.ide.mcu.externaltools.gnu-tools-for-stm32.11.3.rel1.win32_1.1.1.202309131626/tools/bin/../lib/gcc/arm-none-eabi/11.3.1/../../../../arm-none-eabi/lib/thumb/v7-m/nofp\libc_nano.a(libc_a-closer.o) (errno)
D:/Programy/ST/STM32CubeIDE_1.13.2/STM32CubeIDE/plugins/com.st.stm32cube.ide.mcu.externaltools.gnu-tools-for-stm32.11.3.rel1.win32_1.1.1.202309131626/tools/bin/../lib/gcc/arm-none-eabi/11.3.1/../../../../arm-none-eabi/lib/thumb/v7-m/nofp\libc_nano.a(libc_a-impure.o)
                              D:/Programy/ST/STM32CubeIDE_1.13.2/STM32CubeIDE/plugins/com.st.stm32cube.ide.mcu.externaltools.gnu-tools-for-stm32.11.3.rel1.win32_1.1.1.202309131626/tools/bin/../lib/gcc/arm-none-eabi/11.3.1/../../../../arm-none-eabi/lib/thumb/v7-m/nofp\libc_nano.a(libc_a-sprintf.o) (_impure_ptr)
[...]
Memory Configuration

Name             Origin             Length             Attributes
RAM              0x0000000020000000 0x0000000000005000 xrw
FLASH            0x0000000008000000 0x0000000000020000 xr
*default*        0x0000000000000000 0xffffffffffffffff

Linker script and memory map

LOAD D:/Programy/ST/STM32CubeIDE_1.13.2/STM32CubeIDE/plugins/com.st.stm32cube.ide.mcu.externaltools.gnu-tools-for-stm32.11.3.rel1.win32_1.1.1.202309131626/tools/bin/../lib/gcc/arm-none-eabi/11.3.1/thumb/v7-m/nofp/crti.o
LOAD D:/Programy/ST/STM32CubeIDE_1.13.2/STM32CubeIDE/plugins/com.st.stm32cube.ide.mcu.externaltools.gnu-tools-for-stm32.11.3.rel1.win32_1.1.1.202309131626/tools/bin/../lib/gcc/arm-none-eabi/11.3.1/thumb/v7-m/nofp/crtbegin.o
LOAD D:/Programy/ST/STM32CubeIDE_1.13.2/STM32CubeIDE/plugins/com.st.stm32cube.ide.mcu.externaltools.gnu-tools-for-stm32.11.3.rel1.win32_1.1.1.202309131626/tools/bin/../lib/gcc/arm-none-eabi/11.3.1/../../../../arm-none-eabi/lib/thumb/v7-m/nofp/crt0.o
LOAD ./Core/Lib/EEPROM.o
LOAD ./Core/Lib/Handler.o
LOAD ./Core/Lib/TM1637.o
LOAD ./Core/Lib/VL53_API_Interface.o
LOAD ./Core/Src/gpio.o
LOAD ./Core/Src/i2c.o
LOAD ./Core/Src/main.o
LOAD ./Core/Src/stm32f1xx_hal_msp.o
LOAD ./Core/Src/stm32f1xx_it.o
LOAD ./Core/Src/syscalls.o
LOAD ./Core/Src/sysmem.o
LOAD ./Core/Src/system_stm32f1xx.o
LOAD ./Core/Src/tim.o
LOAD ./Core/Src/usart.o
LOAD ./Core/Startup/startup_stm32f103rbtx.o
LOAD ./Drivers/STM32F1xx_HAL_Driver/Src/stm32f1xx_hal.o
LOAD ./Drivers/STM32F1xx_HAL_Driver/Src/stm32f1xx_hal_cortex.o
LOAD ./Drivers/STM32F1xx_HAL_Driver/Src/stm32f1xx_hal_dma.o
LOAD ./Drivers/STM32F1xx_HAL_Driver/Src/stm32f1xx_hal_exti.o
LOAD ./Drivers/STM32F1xx_HAL_Driver/Src/stm32f1xx_hal_flash.o
LOAD ./Drivers/STM32F1xx_HAL_Driver/Src/stm32f1xx_hal_flash_ex.o
LOAD ./Drivers/STM32F1xx_HAL_Driver/Src/stm32f1xx_hal_gpio.o
LOAD ./Drivers/STM32F1xx_HAL_Driver/Src/stm32f1xx_hal_gpio_ex.o
LOAD ./Drivers/STM32F1xx_HAL_Driver/Src/stm32f1xx_hal_i2c.o
LOAD ./Drivers/STM32F1xx_HAL_Driver/Src/stm32f1xx_hal_pwr.o
LOAD ./Drivers/STM32F1xx_HAL_Driver/Src/stm32f1xx_hal_rcc.o
LOAD ./Drivers/STM32F1xx_HAL_Driver/Src/stm32f1xx_hal_rcc_ex.o
LOAD ./Drivers/STM32F1xx_HAL_Driver/Src/stm32f1xx_hal_tim.o
LOAD ./Drivers/STM32F1xx_HAL_Driver/Src/stm32f1xx_hal_tim_ex.o
LOAD ./Drivers/STM32F1xx_HAL_Driver/Src/stm32f1xx_hal_uart.o
LOAD ./Drivers/VL53L0X/core/src/vl53l0x_api.o
LOAD ./Drivers/VL53L0X/core/src/vl53l0x_api_calibration.o
LOAD ./Drivers/VL53L0X/core/src/vl53l0x_api_core.o
LOAD ./Drivers/VL53L0X/core/src/vl53l0x_api_ranging.o
LOAD ./Drivers/VL53L0X/core/src/vl53l0x_api_strings.o
LOAD ./Drivers/VL53L0X/platform/src/vl53l0x_platform.o
LOAD ./Drivers/VL53L0X/platform/src/vl53l0x_platform_log.o
START GROUP
LOAD D:/Programy/ST/STM32CubeIDE_1.13.2/STM32CubeIDE/plugins/com.st.stm32cube.ide.mcu.externaltools.gnu-tools-for-stm32.11.3.rel1.win32_1.1.1.202309131626/tools/bin/../lib/gcc/arm-none-eabi/11.3.1/../../../../arm-none-eabi/lib/thumb/v7-m/nofp\libc_nano.a
LOAD D:/Programy/ST/STM32CubeIDE_1.13.2/STM32CubeIDE/plugins/com.st.stm32cube.ide.mcu.externaltools.gnu-tools-for-stm32.11.3.rel1.win32_1.1.1.202309131626/tools/bin/../lib/gcc/arm-none-eabi/11.3.1/../../../../arm-none-eabi/lib/thumb/v7-m/nofp\libm.a
END GROUP
START GROUP
LOAD D:/Programy/ST/STM32CubeIDE_1.13.2/STM32CubeIDE/plugins/com.st.stm32cube.ide.mcu.externaltools.gnu-tools-for-stm32.11.3.rel1.win32_1.1.1.202309131626/tools/bin/../lib/gcc/arm-none-eabi/11.3.1/thumb/v7-m/nofp\libgcc.a
LOAD D:/Programy/ST/STM32CubeIDE_1.13.2/STM32CubeIDE/plugins/com.st.stm32cube.ide.mcu.externaltools.gnu-tools-for-stm32.11.3.rel1.win32_1.1.1.202309131626/tools/bin/../lib/gcc/arm-none-eabi/11.3.1/../../../../arm-none-eabi/lib/thumb/v7-m/nofp\libc_nano.a
END GROUP
START GROUP
LOAD D:/Programy/ST/STM32CubeIDE_1.13.2/STM32CubeIDE/plugins/com.st.stm32cube.ide.mcu.externaltools.gnu-tools-for-stm32.11.3.rel1.win32_1.1.1.202309131626/tools/bin/../lib/gcc/arm-none-eabi/11.3.1/thumb/v7-m/nofp\libgcc.a
LOAD D:/Programy/ST/STM32CubeIDE_1.13.2/STM32CubeIDE/plugins/com.st.stm32cube.ide.mcu.externaltools.gnu-tools-for-stm32.11.3.rel1.win32_1.1.1.202309131626/tools/bin/../lib/gcc/arm-none-eabi/11.3.1/../../../../arm-none-eabi/lib/thumb/v7-m/nofp\libc_nano.a
LOAD D:/Programy/ST/STM32CubeIDE_1.13.2/STM32CubeIDE/plugins/com.st.stm32cube.ide.mcu.externaltools.gnu-tools-for-stm32.11.3.rel1.win32_1.1.1.202309131626/tools/bin/../lib/gcc/arm-none-eabi/11.3.1/../../../../arm-none-eabi/lib/thumb/v7-m/nofp\libnosys.a
END GROUP
START GROUP
LOAD D:/Programy/ST/STM32CubeIDE_1.13.2/STM32CubeIDE/plugins/com.st.stm32cube.ide.mcu.externaltools.gnu-tools-for-stm32.11.3.rel1.win32_1.1.1.202309131626/tools/bin/../lib/gcc/arm-none-eabi/11.3.1/thumb/v7-m/nofp\libgcc.a
LOAD D:/Programy/ST/STM32CubeIDE_1.13.2/STM32CubeIDE/plugins/com.st.stm32cube.ide.mcu.externaltools.gnu-tools-for-stm32.11.3.rel1.win32_1.1.1.202309131626/tools/bin/../lib/gcc/arm-none-eabi/11.3.1/../../../../arm-none-eabi/lib/thumb/v7-m/nofp\libc_nano.a
LOAD D:/Programy/ST/STM32CubeIDE_1.13.2/STM32CubeIDE/plugins/com.st.stm32cube.ide.mcu.externaltools.gnu-tools-for-stm32.11.3.rel1.win32_1.1.1.202309131626/tools/bin/../lib/gcc/arm-none-eabi/11.3.1/../../../../arm-none-eabi/lib/thumb/v7-m/nofp\libnosys.a
END GROUP
LOAD D:/Programy/ST/STM32CubeIDE_1.13.2/STM32CubeIDE/plugins/com.st.stm32cube.ide.mcu.externaltools.gnu-tools-for-stm32.11.3.rel1.win32_1.1.1.202309131626/tools/bin/../lib/gcc/arm-none-eabi/11.3.1/thumb/v7-m/nofp/crtend.o
LOAD D:/Programy/ST/STM32CubeIDE_1.13.2/STM32CubeIDE/plugins/com.st.stm32cube.ide.mcu.externaltools.gnu-tools-for-stm32.11.3.rel1.win32_1.1.1.202309131626/tools/bin/../lib/gcc/arm-none-eabi/11.3.1/thumb/v7-m/nofp/crtn.o
                0x0000000020005000                _estack = (ORIGIN (RAM) + LENGTH (RAM))
                0x0000000000000200                _Min_Heap_Size = 0x200
                0x0000000000000400                _Min_Stack_Size = 0x400

.isr_vector     0x0000000008000000      0x10c
                0x0000000008000000                . = ALIGN (0x4)
 *(.isr_vector)
 .isr_vector    0x0000000008000000      0x10c ./Core/Startup/startup_stm32f103rbtx.o
                0x0000000008000000                g_pfnVectors
                0x000000000800010c                . = ALIGN (0x4)

.text           0x000000000800010c     0x9ee0
                0x000000000800010c                . = ALIGN (0x4)
 *(.text)
 .text          0x000000000800010c       0x40 D:/Programy/ST/STM32CubeIDE_1.13.2/STM32CubeIDE/plugins/com.st.stm32cube.ide.mcu.externaltools.gnu-tools-for-stm32.11.3.rel1.win32_1.1.1.202309131626/tools/bin/../lib/gcc/arm-none-eabi/11.3.1/thumb/v7-m/nofp/crtbegin.o
 .text          0x000000000800014c       0x14 D:/Programy/ST/STM32CubeIDE_1.13.2/STM32CubeIDE/plugins/com.st.stm32cube.ide.mcu.externaltools.gnu-tools-for-stm32.11.3.rel1.win32_1.1.1.202309131626/tools/bin/../lib/gcc/arm-none-eabi/11.3.1/../../../../arm-none-eabi/lib/thumb/v7-m/nofp\libc_nano.a(libc_a-strcmp.o)
                0x000000000800014c                strcmp
 .text          0x0000000008000160       0x10 D:/Programy/ST/STM32CubeIDE_1.13.2/STM32CubeIDE/plugins/com.st.stm32cube.ide.mcu.externaltools.gnu-tools-for-stm32.11.3.rel1.win32_1.1.1.202309131626/tools/bin/../lib/gcc/arm-none-eabi/11.3.1/../../../../arm-none-eabi/lib/thumb/v7-m/nofp\libc_nano.a(libc_a-strlen.o)
                0x0000000008000160                strlen
 .text          0x0000000008000170      0x21c D:/Programy/ST/STM32CubeIDE_1.13.2/STM32CubeIDE/plugins/com.st.stm32cube.ide.mcu.externaltools.gnu-tools-for-stm32.11.3.rel1.win32_1.1.1.202309131626/tools/bin/../lib/gcc/arm-none-eabi/11.3.1/thumb/v7-m/nofp\libgcc.a(_arm_addsubsf3.o)
                0x0000000008000170                __aeabi_frsub
                0x0000000008000178                __subsf3
                0x0000000008000178                __aeabi_fsub
                0x000000000800017c                __aeabi_fadd
                0x000000000800017c                __addsf3
                0x00000000080002dc                __aeabi_ui2f
                0x00000000080002dc                __floatunsisf
                0x00000000080002e4                __aeabi_i2f
                0x00000000080002e4                __floatsisf
                0x0000000008000300                __aeabi_ul2f
                0x0000000008000300                __floatundisf
                0x0000000008000310                __aeabi_l2f
                0x0000000008000310                __floatdisf
 *(.text*)
 .text.bytestowrite
                0x000000000800038c       0x30 ./Core/Lib/EEPROM.o
                0x000000000800038c                bytestowrite
 .text.EEPROM_Write
                0x00000000080003bc       0xcc ./Core/Lib/EEPROM.o
                0x00000000080003bc                EEPROM_Write
 .text.float2Bytes
                0x0000000008000488       0x3e ./Core/Lib/EEPROM.o
                0x0000000008000488                float2Bytes
 *fill*         0x00000000080004c6        0x2 
 .text.EEPROM_Write_NUM
                0x00000000080004c8       0x30 ./Core/Lib/EEPROM.o
                0x00000000080004c8                EEPROM_Write_NUM
 .text.peripherialsInit
                0x00000000080004f8       0x30 ./Core/Lib/Handler.o
                0x00000000080004f8                peripherialsInit
 .text.switchMode
                0x0000000008000528       0x30 ./Core/Lib/Handler.o
                0x0000000008000528                switchMode
 .text.Compute  0x0000000008000558       0x36 ./Core/Lib/Handler.o
                0x0000000008000558                Compute
 *fill*         0x000000000800058e        0x2 
 .text.singleMode
                0x0000000008000590       0x34 ./Core/Lib/Handler.o
                0x0000000008000590                singleMode
 .text.continuousMode
                0x00000000080005c4       0x44 ./Core/Lib/Handler.o
                0x00000000080005c4                continuousMode
 .text.readMeasure
                0x0000000008000608       0x48 ./Core/Lib/Handler.o
                0x0000000008000608                readMeasure
 .text.Display  0x0000000008000650       0x28 ./Core/Lib/Handler.o
                0x0000000008000650                Display
 .text.saveToMem
                0x0000000008000678       0x30 ./Core/Lib/Handler.o
                0x0000000008000678                saveToMem
 .text.HAL_GPIO_EXTI_Callback
                0x00000000080006a8       0x60 ./Core/Lib/Handler.o
                0x00000000080006a8                HAL_GPIO_EXTI_Callback
 .text.HAL_TIM_PeriodElapsedCallback
                0x0000000008000708       0x78 ./Core/Lib/Handler.o
                0x0000000008000708                HAL_TIM_PeriodElapsedCallback
 .text.HAL_UARTEx_RxEventCallback
                0x0000000008000780       0xac ./Core/Lib/Handler.o
                0x0000000008000780                HAL_UARTEx_RxEventCallback
 .text.TM1637_ClkHigh
                0x000000000800082c       0x18 ./Core/Lib/TM1637.o
                0x000000000800082c                TM1637_ClkHigh
 .text.TM1637_ClkLow
                0x0000000008000844       0x18 ./Core/Lib/TM1637.o
                0x0000000008000844                TM1637_ClkLow
 .text.TM1637_DataHigh
                0x000000000800085c       0x18 ./Core/Lib/TM1637.o
                0x000000000800085c                TM1637_DataHigh
 .text.TM1637_DataLow
                0x0000000008000874       0x18 ./Core/Lib/TM1637.o
                0x0000000008000874                TM1637_DataLow
 .text.TM1637_DisplayDecimal
                0x000000000800088c       0xdc ./Core/Lib/TM1637.o
                0x000000000800088c                TM1637_DisplayDecimal
 .text.TM1637_SetBrightness
                0x0000000008000968       0x2a ./Core/Lib/TM1637.o
                0x0000000008000968                TM1637_SetBrightness
 .text.TM1637_Start
                0x0000000008000992       0x1a ./Core/Lib/TM1637.o
                0x0000000008000992                TM1637_Start
 .text.TM1637_Stop
                0x00000000080009ac       0x2a ./Core/Lib/TM1637.o
                0x00000000080009ac                TM1637_Stop
 .text.TM1637_ReadResult
                0x00000000080009d6       0x20 ./Core/Lib/TM1637.o
                0x00000000080009d6                TM1637_ReadResult
 .text.TM1637_WriteByte
                0x00000000080009f6       0x54 ./Core/Lib/TM1637.o
                0x00000000080009f6                TM1637_WriteByte
 .text.TM1637_DelayUsec
                0x0000000008000a4a       0x38 ./Core/Lib/TM1637.o
                0x0000000008000a4a                TM1637_DelayUsec
 *fill*         0x0000000008000a82        0x2 
 .text.VL53_init
                0x0000000008000a84       0xb0 ./Core/Lib/VL53_API_Interface.o
                0x0000000008000a84                VL53_init
 .text.VL53_MEASURE
                0x0000000008000b34       0x1c ./Core/Lib/VL53_API_Interface.o
                0x0000000008000b34                VL53_MEASURE
 .text.VL53_CLEAR_INTERRUPT_DATA
                0x0000000008000b50       0x28 ./Core/Lib/VL53_API_Interface.o
                0x0000000008000b50                VL53_CLEAR_INTERRUPT_DATA
 .text.MX_GPIO_Init
                0x0000000008000b78      0x178 ./Core/Src/gpio.o
                0x0000000008000b78                MX_GPIO_Init
 .text.MX_I2C1_Init
                0x0000000008000cf0       0x5c ./Core/Src/i2c.o
                0x0000000008000cf0                MX_I2C1_Init
 .text.MX_I2C2_Init
                0x0000000008000d4c       0x5c ./Core/Src/i2c.o
                0x0000000008000d4c                MX_I2C2_Init
 .text.HAL_I2C_MspInit
                0x0000000008000da8       0xd8 ./Core/Src/i2c.o
                0x0000000008000da8                HAL_I2C_MspInit
 .text.main     0x0000000008000e80       0x4c ./Core/Src/main.o
                0x0000000008000e80                main
 .text.SystemClock_Config
                0x0000000008000ecc       0x82 ./Core/Src/main.o
                0x0000000008000ecc                SystemClock_Config
 .text.Error_Handler
                0x0000000008000f4e        0xa ./Core/Src/main.o
                0x0000000008000f4e                Error_Handler
 .text.HAL_MspInit
                0x0000000008000f58       0x64 ./Core/Src/stm32f1xx_hal_msp.o
                0x0000000008000f58                HAL_MspInit
 .text.NMI_Handler
                0x0000000008000fbc        0x6 ./Core/Src/stm32f1xx_it.o
                0x0000000008000fbc                NMI_Handler
 .text.HardFault_Handler
                0x0000000008000fc2        0x6 ./Core/Src/stm32f1xx_it.o
                0x0000000008000fc2                HardFault_Handler
 .text.MemManage_Handler
                0x0000000008000fc8        0x6 ./Core/Src/stm32f1xx_it.o
                0x0000000008000fc8                MemManage_Handler
 .text.BusFault_Handler
                0x0000000008000fce        0x6 ./Core/Src/stm32f1xx_it.o
                0x0000000008000fce                BusFault_Handler
 .text.UsageFault_Handler
                0x0000000008000fd4        0x6 ./Core/Src/stm32f1xx_it.o
                0x0000000008000fd4                UsageFault_Handler
 .text.SVC_Handler
                0x0000000008000fda        0xc ./Core/Src/stm32f1xx_it.o
                0x0000000008000fda                SVC_Handler
 .text.DebugMon_Handler
                0x0000000008000fe6        0xc ./Core/Src/stm32f1xx_it.o
                0x0000000008000fe6                DebugMon_Handler
 .text.PendSV_Handler
                0x0000000008000ff2        0xc ./Core/Src/stm32f1xx_it.o
                0x0000000008000ff2                PendSV_Handler
 .text.SysTick_Handler
                0x0000000008000ffe        0xc ./Core/Src/stm32f1xx_it.o
                0x0000000008000ffe                SysTick_Handler
 .text.EXTI1_IRQHandler
                0x000000000800100a        0xe ./Core/Src/stm32f1xx_it.o
                0x000000000800100a                EXTI1_IRQHandler
 .text.TIM1_UP_IRQHandler
                0x0000000008001018       0x14 ./Core/Src/stm32f1xx_it.o
                0x0000000008001018                TIM1_UP_IRQHandler
 .text.TIM2_IRQHandler
                0x000000000800102c       0x14 ./Core/Src/stm32f1xx_it.o
                0x000000000800102c                TIM2_IRQHandler
 .text.USART2_IRQHandler
                0x0000000008001040       0x14 ./Core/Src/stm32f1xx_it.o
                0x0000000008001040                USART2_IRQHandler
 .text.EXTI15_10_IRQHandler
                0x0000000008001054       0x18 ./Core/Src/stm32f1xx_it.o
                0x0000000008001054                EXTI15_10_IRQHandler
 .text._sbrk    0x000000000800106c       0x6c ./Core/Src/sysmem.o
                0x000000000800106c                _sbrk
 .text.SystemInit
                0x00000000080010d8        0xc ./Core/Src/system_stm32f1xx.o
                0x00000000080010d8                SystemInit
 .text.MX_TIM1_Init
                0x00000000080010e4       0xa4 ./Core/Src/tim.o
                0x00000000080010e4                MX_TIM1_Init
 .text.MX_TIM2_Init
                0x0000000008001188       0x9c ./Core/Src/tim.o
                0x0000000008001188                MX_TIM2_Init
 .text.HAL_TIM_Base_MspInit
                0x0000000008001224       0x80 ./Core/Src/tim.o
                0x0000000008001224                HAL_TIM_Base_MspInit
 .text.MX_USART2_UART_Init
                0x00000000080012a4       0x54 ./Core/Src/usart.o
                0x00000000080012a4                MX_USART2_UART_Init
 .text.HAL_UART_MspInit
                0x00000000080012f8       0x8c ./Core/Src/usart.o
                0x00000000080012f8                HAL_UART_MspInit
 .text.Reset_Handler
                0x0000000008001384       0x48 ./Core/Startup/startup_stm32f103rbtx.o
                0x0000000008001384                Reset_Handler
 .text.Default_Handler
                0x00000000080013cc        0x2 ./Core/Startup/startup_stm32f103rbtx.o
                0x00000000080013cc                RTC_Alarm_IRQHandler
                0x00000000080013cc                EXTI2_IRQHandler
                0x00000000080013cc                TIM1_CC_IRQHandler
                0x00000000080013cc                PVD_IRQHandler
                0x00000000080013cc                EXTI3_IRQHandler
                0x00000000080013cc                EXTI0_IRQHandler
                0x00000000080013cc                I2C2_EV_IRQHandler
                0x00000000080013cc                ADC1_2_IRQHandler
                0x00000000080013cc                SPI1_IRQHandler
                0x00000000080013cc                TAMPER_IRQHandler
                0x00000000080013cc                DMA1_Channel4_IRQHandler
                0x00000000080013cc                USART3_IRQHandler
                0x00000000080013cc                RTC_IRQHandler
                0x00000000080013cc                DMA1_Channel7_IRQHandler
                0x00000000080013cc                CAN1_RX1_IRQHandler
                0x00000000080013cc                TIM4_IRQHandler
                0x00000000080013cc                I2C1_EV_IRQHandler
                0x00000000080013cc                DMA1_Channel6_IRQHandler
                0x00000000080013cc                TIM3_IRQHandler
                0x00000000080013cc                RCC_IRQHandler
                0x00000000080013cc                TIM1_TRG_COM_IRQHandler
                0x00000000080013cc                DMA1_Channel1_IRQHandler
                0x00000000080013cc                Default_Handler
                0x00000000080013cc                EXTI9_5_IRQHandler
                0x00000000080013cc                SPI2_IRQHandler
                0x00000000080013cc                DMA1_Channel5_IRQHandler
                0x00000000080013cc                EXTI4_IRQHandler
                0x00000000080013cc                USB_LP_CAN1_RX0_IRQHandler
                0x00000000080013cc                USB_HP_CAN1_TX_IRQHandler
                0x00000000080013cc                DMA1_Channel3_IRQHandler
                0x00000000080013cc                WWDG_IRQHandler
                0x00000000080013cc                TIM1_BRK_IRQHandler
                0x00000000080013cc                I2C2_ER_IRQHandler
                0x00000000080013cc                DMA1_Channel2_IRQHandler
                0x00000000080013cc                CAN1_SCE_IRQHandler
                0x00000000080013cc                FLASH_IRQHandler
                0x00000000080013cc                USART1_IRQHandler
                0x00000000080013cc                I2C1_ER_IRQHandler
                0x00000000080013cc                USBWakeUp_IRQHandler
 *fill*         0x00000000080013ce        0x2 
 .text.HAL_Init
                0x00000000080013d0       0x2c ./Drivers/STM32F1xx_HAL_Driver/Src/stm32f1xx_hal.o
                0x00000000080013d0                HAL_Init
 .text.HAL_InitTick
                0x00000000080013fc       0x60 ./Drivers/STM32F1xx_HAL_Driver/Src/stm32f1xx_hal.o
                0x00000000080013fc                HAL_InitTick
 .text.HAL_IncTick
                0x000000000800145c       0x24 ./Drivers/STM32F1xx_HAL_Driver/Src/stm32f1xx_hal.o
                0x000000000800145c                HAL_IncTick
 .text.HAL_GetTick
                0x0000000008001480       0x14 ./Drivers/STM32F1xx_HAL_Driver/Src/stm32f1xx_hal.o
                0x0000000008001480                HAL_GetTick
 .text.HAL_Delay
                0x0000000008001494       0x48 ./Drivers/STM32F1xx_HAL_Driver/Src/stm32f1xx_hal.o
                0x0000000008001494                HAL_Delay
 .text.__NVIC_SetPriorityGrouping
                0x00000000080014dc       0x48 ./Drivers/STM32F1xx_HAL_Driver/Src/stm32f1xx_hal_cortex.o
 .text.__NVIC_GetPriorityGrouping
                0x0000000008001524       0x1c ./Drivers/STM32F1xx_HAL_Driver/Src/stm32f1xx_hal_cortex.o
 .text.__NVIC_EnableIRQ
                0x0000000008001540       0x38 ./Drivers/STM32F1xx_HAL_Driver/Src/stm32f1xx_hal_cortex.o
 .text.__NVIC_DisableIRQ
                0x0000000008001578       0x48 ./Drivers/STM32F1xx_HAL_Driver/Src/stm32f1xx_hal_cortex.o
 .text.__NVIC_SetPriority
                0x00000000080015c0       0x54 ./Drivers/STM32F1xx_HAL_Driver/Src/stm32f1xx_hal_cortex.o
 .text.NVIC_EncodePriority
                0x0000000008001614       0x64 ./Drivers/STM32F1xx_HAL_Driver/Src/stm32f1xx_hal_cortex.o
 .text.SysTick_Config
                0x0000000008001678       0x44 ./Drivers/STM32F1xx_HAL_Driver/Src/stm32f1xx_hal_cortex.o
 .text.HAL_NVIC_SetPriorityGrouping
                0x00000000080016bc       0x16 ./Drivers/STM32F1xx_HAL_Driver/Src/stm32f1xx_hal_cortex.o
                0x00000000080016bc                HAL_NVIC_SetPriorityGrouping
 .text.HAL_NVIC_SetPriority
                0x00000000080016d2       0x38 ./Drivers/STM32F1xx_HAL_Driver/Src/stm32f1xx_hal_cortex.o
                0x00000000080016d2                HAL_NVIC_SetPriority
 .text.HAL_NVIC_EnableIRQ
                0x000000000800170a       0x1c ./Drivers/STM32F1xx_HAL_Driver/Src/stm32f1xx_hal_cortex.o
                0x000000000800170a                HAL_NVIC_EnableIRQ
 .text.HAL_NVIC_DisableIRQ
                0x0000000008001726       0x1c ./Drivers/STM32F1xx_HAL_Driver/Src/stm32f1xx_hal_cortex.o
                0x0000000008001726                HAL_NVIC_DisableIRQ
 .text.HAL_SYSTICK_Config
                0x0000000008001742       0x18 ./Drivers/STM32F1xx_HAL_Driver/Src/stm32f1xx_hal_cortex.o
                0x0000000008001742                HAL_SYSTICK_Config
 .text.HAL_DMA_Abort
                0x000000000800175a       0x76 ./Drivers/STM32F1xx_HAL_Driver/Src/stm32f1xx_hal_dma.o
                0x000000000800175a                HAL_DMA_Abort
 .text.HAL_DMA_Abort_IT
                0x00000000080017d0       0xf0 ./Drivers/STM32F1xx_HAL_Driver/Src/stm32f1xx_hal_dma.o
                0x00000000080017d0                HAL_DMA_Abort_IT
 .text.HAL_GPIO_Init
                0x00000000080018c0      0x308 ./Drivers/STM32F1xx_HAL_Driver/Src/stm32f1xx_hal_gpio.o
                0x00000000080018c0                HAL_GPIO_Init
 .text.HAL_GPIO_WritePin
                0x0000000008001bc8       0x30 ./Drivers/STM32F1xx_HAL_Driver/Src/stm32f1xx_hal_gpio.o
                0x0000000008001bc8                HAL_GPIO_WritePin
 .text.HAL_GPIO_TogglePin
                0x0000000008001bf8       0x32 ./Drivers/STM32F1xx_HAL_Driver/Src/stm32f1xx_hal_gpio.o
                0x0000000008001bf8                HAL_GPIO_TogglePin
 *fill*         0x0000000008001c2a        0x2 
 .text.HAL_GPIO_EXTI_IRQHandler
                0x0000000008001c2c       0x30 ./Drivers/STM32F1xx_HAL_Driver/Src/stm32f1xx_hal_gpio.o
                0x0000000008001c2c                HAL_GPIO_EXTI_IRQHandler
 .text.HAL_I2C_Init
                0x0000000008001c5c      0x288 ./Drivers/STM32F1xx_HAL_Driver/Src/stm32f1xx_hal_i2c.o
                0x0000000008001c5c                HAL_I2C_Init
 .text.HAL_I2C_Master_Transmit
                0x0000000008001ee4      0x1fc ./Drivers/STM32F1xx_HAL_Driver/Src/stm32f1xx_hal_i2c.o
                0x0000000008001ee4                HAL_I2C_Master_Transmit
 .text.HAL_I2C_Master_Receive
                0x00000000080020e0      0x4d8 ./Drivers/STM32F1xx_HAL_Driver/Src/stm32f1xx_hal_i2c.o
                0x00000000080020e0                HAL_I2C_Master_Receive
 .text.HAL_I2C_Mem_Write
                0x00000000080025b8      0x1f4 ./Drivers/STM32F1xx_HAL_Driver/Src/stm32f1xx_hal_i2c.o
                0x00000000080025b8                HAL_I2C_Mem_Write
 .text.I2C_MasterRequestWrite
                0x00000000080027ac      0x104 ./Drivers/STM32F1xx_HAL_Driver/Src/stm32f1xx_hal_i2c.o
 .text.I2C_MasterRequestRead
                0x00000000080028b0      0x19c ./Drivers/STM32F1xx_HAL_Driver/Src/stm32f1xx_hal_i2c.o
 .text.I2C_RequestMemoryWrite
                0x0000000008002a4c      0x12c ./Drivers/STM32F1xx_HAL_Driver/Src/stm32f1xx_hal_i2c.o
 .text.I2C_WaitOnFlagUntilTimeout
                0x0000000008002b78       0xf4 ./Drivers/STM32F1xx_HAL_Driver/Src/stm32f1xx_hal_i2c.o
 .text.I2C_WaitOnMasterAddressFlagUntilTimeout
                0x0000000008002c6c      0x140 ./Drivers/STM32F1xx_HAL_Driver/Src/stm32f1xx_hal_i2c.o
 .text.I2C_WaitOnTXEFlagUntilTimeout
                0x0000000008002dac       0x90 ./Drivers/STM32F1xx_HAL_Driver/Src/stm32f1xx_hal_i2c.o
 .text.I2C_WaitOnBTFFlagUntilTimeout
                0x0000000008002e3c       0x90 ./Drivers/STM32F1xx_HAL_Driver/Src/stm32f1xx_hal_i2c.o
 .text.I2C_WaitOnRXNEFlagUntilTimeout
                0x0000000008002ecc       0xba ./Drivers/STM32F1xx_HAL_Driver/Src/stm32f1xx_hal_i2c.o
 .text.I2C_IsAcknowledgeFailed
                0x0000000008002f86       0x5c ./Drivers/STM32F1xx_HAL_Driver/Src/stm32f1xx_hal_i2c.o
 *fill*         0x0000000008002fe2        0x2 
 .text.HAL_RCC_OscConfig
                0x0000000008002fe4      0x504 ./Drivers/STM32F1xx_HAL_Driver/Src/stm32f1xx_hal_rcc.o
                0x0000000008002fe4                HAL_RCC_OscConfig
 .text.HAL_RCC_ClockConfig
                0x00000000080034e8      0x1d4 ./Drivers/STM32F1xx_HAL_Driver/Src/stm32f1xx_hal_rcc.o
                0x00000000080034e8                HAL_RCC_ClockConfig
 .text.HAL_RCC_GetSysClockFreq
                0x00000000080036bc       0xa8 ./Drivers/STM32F1xx_HAL_Driver/Src/stm32f1xx_hal_rcc.o
                0x00000000080036bc                HAL_RCC_GetSysClockFreq
 .text.HAL_RCC_GetHCLKFreq
                0x0000000008003764       0x14 ./Drivers/STM32F1xx_HAL_Driver/Src/stm32f1xx_hal_rcc.o
                0x0000000008003764                HAL_RCC_GetHCLKFreq
 .text.HAL_RCC_GetPCLK1Freq
                0x0000000008003778       0x28 ./Drivers/STM32F1xx_HAL_Driver/Src/stm32f1xx_hal_rcc.o
                0x0000000008003778                HAL_RCC_GetPCLK1Freq
 .text.HAL_RCC_GetPCLK2Freq
                0x00000000080037a0       0x28 ./Drivers/STM32F1xx_HAL_Driver/Src/stm32f1xx_hal_rcc.o
                0x00000000080037a0                HAL_RCC_GetPCLK2Freq
 .text.RCC_Delay
                0x00000000080037c8       0x3c ./Drivers/STM32F1xx_HAL_Driver/Src/stm32f1xx_hal_rcc.o
 .text.HAL_TIM_Base_Init
                0x0000000008003804       0x9e ./Drivers/STM32F1xx_HAL_Driver/Src/stm32f1xx_hal_tim.o
                0x0000000008003804                HAL_TIM_Base_Init
 *fill*         0x00000000080038a2        0x2 
 .text.HAL_TIM_Base_Start_IT
                0x00000000080038a4       0xa4 ./Drivers/STM32F1xx_HAL_Driver/Src/stm32f1xx_hal_tim.o
                0x00000000080038a4                HAL_TIM_Base_Start_IT
 .text.HAL_TIM_IRQHandler
                0x0000000008003948      0x210 ./Drivers/STM32F1xx_HAL_Driver/Src/stm32f1xx_hal_tim.o
                0x0000000008003948                HAL_TIM_IRQHandler
 .text.HAL_TIM_ConfigClockSource
                0x0000000008003b58      0x18e ./Drivers/STM32F1xx_HAL_Driver/Src/stm32f1xx_hal_tim.o
                0x0000000008003b58                HAL_TIM_ConfigClockSource
 .text.HAL_TIM_OC_DelayElapsedCallback
                0x0000000008003ce6       0x12 ./Drivers/STM32F1xx_HAL_Driver/Src/stm32f1xx_hal_tim.o
                0x0000000008003ce6                HAL_TIM_OC_DelayElapsedCallback
 .text.HAL_TIM_IC_CaptureCallback
                0x0000000008003cf8       0x12 ./Drivers/STM32F1xx_HAL_Driver/Src/stm32f1xx_hal_tim.o
                0x0000000008003cf8                HAL_TIM_IC_CaptureCallback
 .text.HAL_TIM_PWM_PulseFinishedCallback
                0x0000000008003d0a       0x12 ./Drivers/STM32F1xx_HAL_Driver/Src/stm32f1xx_hal_tim.o
                0x0000000008003d0a                HAL_TIM_PWM_PulseFinishedCallback
 .text.HAL_TIM_TriggerCallback
                0x0000000008003d1c       0x12 ./Drivers/STM32F1xx_HAL_Driver/Src/stm32f1xx_hal_tim.o
                0x0000000008003d1c                HAL_TIM_TriggerCallback
 *fill*         0x0000000008003d2e        0x2 
 .text.TIM_Base_SetConfig
                0x0000000008003d30       0xc4 ./Drivers/STM32F1xx_HAL_Driver/Src/stm32f1xx_hal_tim.o
                0x0000000008003d30                TIM_Base_SetConfig
 .text.TIM_TI1_ConfigInputStage
                0x0000000008003df4       0x5c ./Drivers/STM32F1xx_HAL_Driver/Src/stm32f1xx_hal_tim.o
 .text.TIM_TI2_ConfigInputStage
                0x0000000008003e50       0x5e ./Drivers/STM32F1xx_HAL_Driver/Src/stm32f1xx_hal_tim.o
 .text.TIM_ITRx_SetConfig
                0x0000000008003eae       0x34 ./Drivers/STM32F1xx_HAL_Driver/Src/stm32f1xx_hal_tim.o
 .text.TIM_ETR_SetConfig
                0x0000000008003ee2       0x3e ./Drivers/STM32F1xx_HAL_Driver/Src/stm32f1xx_hal_tim.o
                0x0000000008003ee2                TIM_ETR_SetConfig
 .text.HAL_TIMEx_MasterConfigSynchronization
                0x0000000008003f20       0xbc ./Drivers/STM32F1xx_HAL_Driver/Src/stm32f1xx_hal_tim_ex.o
                0x0000000008003f20                HAL_TIMEx_MasterConfigSynchronization
 .text.HAL_TIMEx_CommutCallback
                0x0000000008003fdc       0x12 ./Drivers/STM32F1xx_HAL_Driver/Src/stm32f1xx_hal_tim_ex.o
                0x0000000008003fdc                HAL_TIMEx_CommutCallback
 .text.HAL_TIMEx_BreakCallback
                0x0000000008003fee       0x12 ./Drivers/STM32F1xx_HAL_Driver/Src/stm32f1xx_hal_tim_ex.o
                0x0000000008003fee                HAL_TIMEx_BreakCallback
 .text.HAL_UART_Init
                0x0000000008004000       0xa0 ./Drivers/STM32F1xx_HAL_Driver/Src/stm32f1xx_hal_uart.o
                0x0000000008004000                HAL_UART_Init
 .text.HAL_UART_Transmit_IT
                0x00000000080040a0       0x6a ./Drivers/STM32F1xx_HAL_Driver/Src/stm32f1xx_hal_uart.o
                0x00000000080040a0                HAL_UART_Transmit_IT
 .text.HAL_UARTEx_ReceiveToIdle_IT
                0x000000000800410a       0xba ./Drivers/STM32F1xx_HAL_Driver/Src/stm32f1xx_hal_uart.o
                0x000000000800410a                HAL_UARTEx_ReceiveToIdle_IT
 .text.HAL_UART_IRQHandler
                0x00000000080041c4      0x524 ./Drivers/STM32F1xx_HAL_Driver/Src/stm32f1xx_hal_uart.o
                0x00000000080041c4                HAL_UART_IRQHandler
 .text.HAL_UART_TxCpltCallback
                0x00000000080046e8       0x12 ./Drivers/STM32F1xx_HAL_Driver/Src/stm32f1xx_hal_uart.o
                0x00000000080046e8                HAL_UART_TxCpltCallback
 .text.HAL_UART_RxCpltCallback
                0x00000000080046fa       0x12 ./Drivers/STM32F1xx_HAL_Driver/Src/stm32f1xx_hal_uart.o
                0x00000000080046fa                HAL_UART_RxCpltCallback
 .text.HAL_UART_ErrorCallback
                0x000000000800470c       0x12 ./Drivers/STM32F1xx_HAL_Driver/Src/stm32f1xx_hal_uart.o
                0x000000000800470c                HAL_UART_ErrorCallback
 .text.UART_Start_Receive_IT
                0x000000000800471e       0x72 ./Drivers/STM32F1xx_HAL_Driver/Src/stm32f1xx_hal_uart.o
                0x000000000800471e                UART_Start_Receive_IT
 .text.UART_EndRxTransfer
                0x0000000008004790       0xc4 ./Drivers/STM32F1xx_HAL_Driver/Src/stm32f1xx_hal_uart.o
 .text.UART_DMAAbortOnError
                0x0000000008004854       0x28 ./Drivers/STM32F1xx_HAL_Driver/Src/stm32f1xx_hal_uart.o
 .text.UART_Transmit_IT
                0x000000000800487c       0x9e ./Drivers/STM32F1xx_HAL_Driver/Src/stm32f1xx_hal_uart.o
 .text.UART_EndTransmit_IT
                0x000000000800491a       0x30 ./Drivers/STM32F1xx_HAL_Driver/Src/stm32f1xx_hal_uart.o
 .text.UART_Receive_IT
                0x000000000800494a      0x17c ./Drivers/STM32F1xx_HAL_Driver/Src/stm32f1xx_hal_uart.o
 *fill*         0x0000000008004ac6        0x2 
 .text.UART_SetConfig
                0x0000000008004ac8      0x11c ./Drivers/STM32F1xx_HAL_Driver/Src/stm32f1xx_hal_uart.o
 .text.VL53L0X_GetOffsetCalibrationDataMicroMeter
                0x0000000008004be4       0x26 ./Drivers/VL53L0X/core/src/vl53l0x_api.o
                0x0000000008004be4                VL53L0X_GetOffsetCalibrationDataMicroMeter
 *fill*         0x0000000008004c0a        0x2 
 .text.VL53L0X_DataInit
                0x0000000008004c0c      0x2c8 ./Drivers/VL53L0X/core/src/vl53l0x_api.o
                0x0000000008004c0c                VL53L0X_DataInit
 .text.VL53L0X_StaticInit
                0x0000000008004ed4      0x304 ./Drivers/VL53L0X/core/src/vl53l0x_api.o
                0x0000000008004ed4                VL53L0X_StaticInit
 .text.VL53L0X_WaitDeviceBooted
                0x00000000080051d8       0x1a ./Drivers/VL53L0X/core/src/vl53l0x_api.o
                0x00000000080051d8                VL53L0X_WaitDeviceBooted
 .text.VL53L0X_GetDeviceParameters
                0x00000000080051f2      0x120 ./Drivers/VL53L0X/core/src/vl53l0x_api.o
                0x00000000080051f2                VL53L0X_GetDeviceParameters
 *fill*         0x0000000008005312        0x2 
 .text.VL53L0X_SetDeviceMode
                0x0000000008005314       0x58 ./Drivers/VL53L0X/core/src/vl53l0x_api.o
                0x0000000008005314                VL53L0X_SetDeviceMode
 .text.VL53L0X_GetDeviceMode
                0x000000000800536c       0x24 ./Drivers/VL53L0X/core/src/vl53l0x_api.o
                0x000000000800536c                VL53L0X_GetDeviceMode
 .text.VL53L0X_GetFractionEnable
                0x0000000008005390       0x3e ./Drivers/VL53L0X/core/src/vl53l0x_api.o
                0x0000000008005390                VL53L0X_GetFractionEnable
 .text.VL53L0X_SetMeasurementTimingBudgetMicroSeconds
                0x00000000080053ce       0x26 ./Drivers/VL53L0X/core/src/vl53l0x_api.o
                0x00000000080053ce                VL53L0X_SetMeasurementTimingBudgetMicroSeconds
 .text.VL53L0X_GetMeasurementTimingBudgetMicroSeconds
                0x00000000080053f4       0x26 ./Drivers/VL53L0X/core/src/vl53l0x_api.o
                0x00000000080053f4                VL53L0X_GetMeasurementTimingBudgetMicroSeconds
 .text.VL53L0X_GetVcselPulsePeriod
                0x000000000800541a       0x2e ./Drivers/VL53L0X/core/src/vl53l0x_api.o
                0x000000000800541a                VL53L0X_GetVcselPulsePeriod
 .text.VL53L0X_SetSequenceStepEnable
                0x0000000008005448      0x140 ./Drivers/VL53L0X/core/src/vl53l0x_api.o
                0x0000000008005448                VL53L0X_SetSequenceStepEnable
 .text.sequence_step_enabled
                0x0000000008005588       0xa4 ./Drivers/VL53L0X/core/src/vl53l0x_api.o
                0x0000000008005588                sequence_step_enabled
 .text.VL53L0X_GetSequenceStepEnables
                0x000000000800562c       0xb0 ./Drivers/VL53L0X/core/src/vl53l0x_api.o
                0x000000000800562c                VL53L0X_GetSequenceStepEnables
 .text.VL53L0X_GetInterMeasurementPeriodMilliSeconds
                0x00000000080056dc       0x68 ./Drivers/VL53L0X/core/src/vl53l0x_api.o
                0x00000000080056dc                VL53L0X_GetInterMeasurementPeriodMilliSeconds
 .text.VL53L0X_GetXTalkCompensationEnable
                0x0000000008005744       0x28 ./Drivers/VL53L0X/core/src/vl53l0x_api.o
                0x0000000008005744                VL53L0X_GetXTalkCompensationEnable
 .text.VL53L0X_GetXTalkCompensationRateMegaCps
                0x000000000800576c       0x66 ./Drivers/VL53L0X/core/src/vl53l0x_api.o
                0x000000000800576c                VL53L0X_GetXTalkCompensationRateMegaCps
 *fill*         0x00000000080057d2        0x2 
 .text.VL53L0X_SetLimitCheckEnable
                0x00000000080057d4      0x118 ./Drivers/VL53L0X/core/src/vl53l0x_api.o
                0x00000000080057d4                VL53L0X_SetLimitCheckEnable
 .text.VL53L0X_GetLimitCheckEnable
                0x00000000080058ec       0x44 ./Drivers/VL53L0X/core/src/vl53l0x_api.o
                0x00000000080058ec                VL53L0X_GetLimitCheckEnable
 .text.VL53L0X_SetLimitCheckValue
                0x0000000008005930       0xc4 ./Drivers/VL53L0X/core/src/vl53l0x_api.o
                0x0000000008005930                VL53L0X_SetLimitCheckValue
 .text.VL53L0X_GetLimitCheckValue
                0x00000000080059f4      0x11c ./Drivers/VL53L0X/core/src/vl53l0x_api.o
                0x00000000080059f4                VL53L0X_GetLimitCheckValue
 .text.VL53L0X_GetWrapAroundCheckEnable
                0x0000000008005b10       0x64 ./Drivers/VL53L0X/core/src/vl53l0x_api.o
                0x0000000008005b10                VL53L0X_GetWrapAroundCheckEnable
 .text.VL53L0X_PerformSingleMeasurement
                0x0000000008005b74       0x68 ./Drivers/VL53L0X/core/src/vl53l0x_api.o
                0x0000000008005b74                VL53L0X_PerformSingleMeasurement
 .text.VL53L0X_PerformRefCalibration
                0x0000000008005bdc       0x2c ./Drivers/VL53L0X/core/src/vl53l0x_api.o
                0x0000000008005bdc                VL53L0X_PerformRefCalibration
 .text.VL53L0X_CheckAndLoadInterruptSettings
                0x0000000008005c08       0xcc ./Drivers/VL53L0X/core/src/vl53l0x_api.o
                0x0000000008005c08                VL53L0X_CheckAndLoadInterruptSettings
 .text.VL53L0X_StartMeasurement
                0x0000000008005cd4      0x184 ./Drivers/VL53L0X/core/src/vl53l0x_api.o
                0x0000000008005cd4                VL53L0X_StartMeasurement
 .text.VL53L0X_GetMeasurementDataReady
                0x0000000008005e58       0x80 ./Drivers/VL53L0X/core/src/vl53l0x_api.o
                0x0000000008005e58                VL53L0X_GetMeasurementDataReady
 .text.VL53L0X_GetRangingMeasurementData
                0x0000000008005ed8      0x248 ./Drivers/VL53L0X/core/src/vl53l0x_api.o
                0x0000000008005ed8                VL53L0X_GetRangingMeasurementData
 .text.VL53L0X_PerformSingleRangingMeasurement
                0x0000000008006120       0x60 ./Drivers/VL53L0X/core/src/vl53l0x_api.o
                0x0000000008006120                VL53L0X_PerformSingleRangingMeasurement
 .text.VL53L0X_SetGpioConfig
                0x0000000008006180      0x244 ./Drivers/VL53L0X/core/src/vl53l0x_api.o
                0x0000000008006180                VL53L0X_SetGpioConfig
 .text.VL53L0X_GetInterruptThresholds
                0x00000000080063c4       0x6c ./Drivers/VL53L0X/core/src/vl53l0x_api.o
                0x00000000080063c4                VL53L0X_GetInterruptThresholds
 .text.VL53L0X_ClearInterruptMask
                0x0000000008006430       0x80 ./Drivers/VL53L0X/core/src/vl53l0x_api.o
                0x0000000008006430                VL53L0X_ClearInterruptMask
 .text.VL53L0X_GetInterruptMaskStatus
                0x00000000080064b0       0x44 ./Drivers/VL53L0X/core/src/vl53l0x_api.o
                0x00000000080064b0                VL53L0X_GetInterruptMaskStatus
 .text.VL53L0X_PerformRefSpadManagement
                0x00000000080064f4       0x2a ./Drivers/VL53L0X/core/src/vl53l0x_api.o
                0x00000000080064f4                VL53L0X_PerformRefSpadManagement
 .text.VL53L0X_get_offset_calibration_data_micro_meter
                0x000000000800651e       0x7e ./Drivers/VL53L0X/core/src/vl53l0x_api_calibration.o
                0x000000000800651e                VL53L0X_get_offset_calibration_data_micro_meter
 .text.get_next_good_spad
                0x000000000800659c       0xba ./Drivers/VL53L0X/core/src/vl53l0x_api_calibration.o
                0x000000000800659c                get_next_good_spad
 *fill*         0x0000000008006656        0x2 
 .text.is_aperture
                0x0000000008006658       0x34 ./Drivers/VL53L0X/core/src/vl53l0x_api_calibration.o
                0x0000000008006658                is_aperture
 .text.enable_spad_bit
                0x000000000800668c       0x6e ./Drivers/VL53L0X/core/src/vl53l0x_api_calibration.o
                0x000000000800668c                enable_spad_bit
 .text.set_ref_spad_map
                0x00000000080066fa       0x26 ./Drivers/VL53L0X/core/src/vl53l0x_api_calibration.o
                0x00000000080066fa                set_ref_spad_map
 .text.get_ref_spad_map
                0x0000000008006720       0x26 ./Drivers/VL53L0X/core/src/vl53l0x_api_calibration.o
                0x0000000008006720                get_ref_spad_map
 .text.enable_ref_spads
                0x0000000008006746       0xf8 ./Drivers/VL53L0X/core/src/vl53l0x_api_calibration.o
                0x0000000008006746                enable_ref_spads
 .text.perform_ref_signal_measurement
                0x000000000800683e       0xd4 ./Drivers/VL53L0X/core/src/vl53l0x_api_calibration.o
                0x000000000800683e                perform_ref_signal_measurement
 .text.VL53L0X_perform_ref_spad_management
                0x0000000008006912      0x418 ./Drivers/VL53L0X/core/src/vl53l0x_api_calibration.o
                0x0000000008006912                VL53L0X_perform_ref_spad_management
 .text.VL53L0X_set_reference_spads
                0x0000000008006d2a      0x14a ./Drivers/VL53L0X/core/src/vl53l0x_api_calibration.o
                0x0000000008006d2a                VL53L0X_set_reference_spads
 .text.VL53L0X_perform_single_ref_calibration
                0x0000000008006e74       0x76 ./Drivers/VL53L0X/core/src/vl53l0x_api_calibration.o
                0x0000000008006e74                VL53L0X_perform_single_ref_calibration
 .text.VL53L0X_ref_calibration_io
                0x0000000008006eea      0x132 ./Drivers/VL53L0X/core/src/vl53l0x_api_calibration.o
                0x0000000008006eea                VL53L0X_ref_calibration_io
 .text.VL53L0X_perform_vhv_calibration
                0x000000000800701c       0xce ./Drivers/VL53L0X/core/src/vl53l0x_api_calibration.o
                0x000000000800701c                VL53L0X_perform_vhv_calibration
 .text.VL53L0X_perform_phase_calibration
                0x00000000080070ea       0xca ./Drivers/VL53L0X/core/src/vl53l0x_api_calibration.o
                0x00000000080070ea                VL53L0X_perform_phase_calibration
 .text.VL53L0X_perform_ref_calibration
                0x00000000080071b4       0x7a ./Drivers/VL53L0X/core/src/vl53l0x_api_calibration.o
                0x00000000080071b4                VL53L0X_perform_ref_calibration
 .text.VL53L0X_measurement_poll_for_completion
                0x000000000800722e       0x60 ./Drivers/VL53L0X/core/src/vl53l0x_api_core.o
                0x000000000800722e                VL53L0X_measurement_poll_for_completion
 .text.VL53L0X_decode_vcsel_period
                0x000000000800728e       0x24 ./Drivers/VL53L0X/core/src/vl53l0x_api_core.o
                0x000000000800728e                VL53L0X_decode_vcsel_period
 .text.VL53L0X_isqrt
                0x00000000080072b2       0x66 ./Drivers/VL53L0X/core/src/vl53l0x_api_core.o
                0x00000000080072b2                VL53L0X_isqrt
 .text.VL53L0X_device_read_strobe
                0x0000000008007318       0x86 ./Drivers/VL53L0X/core/src/vl53l0x_api_core.o
                0x0000000008007318                VL53L0X_device_read_strobe
 .text.VL53L0X_get_info_from_device
                0x000000000800739e      0x99a ./Drivers/VL53L0X/core/src/vl53l0x_api_core.o
                0x000000000800739e                VL53L0X_get_info_from_device
 .text.VL53L0X_calc_macro_period_ps
                0x0000000008007d38       0x3a ./Drivers/VL53L0X/core/src/vl53l0x_api_core.o
                0x0000000008007d38                VL53L0X_calc_macro_period_ps
 .text.VL53L0X_encode_timeout
                0x0000000008007d72       0x56 ./Drivers/VL53L0X/core/src/vl53l0x_api_core.o
                0x0000000008007d72                VL53L0X_encode_timeout
 .text.VL53L0X_decode_timeout
                0x0000000008007dc8       0x2a ./Drivers/VL53L0X/core/src/vl53l0x_api_core.o
                0x0000000008007dc8                VL53L0X_decode_timeout
 *fill*         0x0000000008007df2        0x2 
 .text.VL53L0X_calc_timeout_mclks
                0x0000000008007df4       0x54 ./Drivers/VL53L0X/core/src/vl53l0x_api_core.o
                0x0000000008007df4                VL53L0X_calc_timeout_mclks
 .text.VL53L0X_calc_timeout_us
                0x0000000008007e48       0x54 ./Drivers/VL53L0X/core/src/vl53l0x_api_core.o
                0x0000000008007e48                VL53L0X_calc_timeout_us
 .text.get_sequence_step_timeout
                0x0000000008007e9c      0x1c2 ./Drivers/VL53L0X/core/src/vl53l0x_api_core.o
                0x0000000008007e9c                get_sequence_step_timeout
 .text.set_sequence_step_timeout
                0x000000000800805e      0x1e4 ./Drivers/VL53L0X/core/src/vl53l0x_api_core.o
                0x000000000800805e                set_sequence_step_timeout
 .text.VL53L0X_get_vcsel_pulse_period
                0x0000000008008242       0x6e ./Drivers/VL53L0X/core/src/vl53l0x_api_core.o
                0x0000000008008242                VL53L0X_get_vcsel_pulse_period
 .text.VL53L0X_set_measurement_timing_budget_micro_seconds
                0x00000000080082b0      0x1c0 ./Drivers/VL53L0X/core/src/vl53l0x_api_core.o
                0x00000000080082b0                VL53L0X_set_measurement_timing_budget_micro_seconds
 .text.VL53L0X_get_measurement_timing_budget_micro_seconds
                0x0000000008008470      0x162 ./Drivers/VL53L0X/core/src/vl53l0x_api_core.o
                0x0000000008008470                VL53L0X_get_measurement_timing_budget_micro_seconds
 *fill*         0x00000000080085d2        0x2 
 .text.VL53L0X_load_tuning_settings
                0x00000000080085d4      0x1c4 ./Drivers/VL53L0X/core/src/vl53l0x_api_core.o
                0x00000000080085d4                VL53L0X_load_tuning_settings
 .text.VL53L0X_get_total_xtalk_rate
                0x0000000008008798       0x5e ./Drivers/VL53L0X/core/src/vl53l0x_api_core.o
                0x0000000008008798                VL53L0X_get_total_xtalk_rate
 .text.VL53L0X_get_total_signal_rate
                0x00000000080087f6       0x4a ./Drivers/VL53L0X/core/src/vl53l0x_api_core.o
                0x00000000080087f6                VL53L0X_get_total_signal_rate
 .text.VL53L0X_calc_dmax
                0x0000000008008840      0x238 ./Drivers/VL53L0X/core/src/vl53l0x_api_core.o
                0x0000000008008840                VL53L0X_calc_dmax
 .text.VL53L0X_calc_sigma_estimate
                0x0000000008008a78      0x498 ./Drivers/VL53L0X/core/src/vl53l0x_api_core.o
                0x0000000008008a78                VL53L0X_calc_sigma_estimate
 .text.VL53L0X_get_pal_range_status
                0x0000000008008f10      0x3b6 ./Drivers/VL53L0X/core/src/vl53l0x_api_core.o
                0x0000000008008f10                VL53L0X_get_pal_range_status
 .text._I2CWrite
                0x00000000080092c6       0x3e ./Drivers/VL53L0X/platform/src/vl53l0x_platform.o
                0x00000000080092c6                _I2CWrite
 .text._I2CRead
                0x0000000008009304       0x44 ./Drivers/VL53L0X/platform/src/vl53l0x_platform.o
                0x0000000008009304                _I2CRead
 .text.VL53L0X_WriteMulti
                0x0000000008009348       0x60 ./Drivers/VL53L0X/platform/src/vl53l0x_platform.o
                0x0000000008009348                VL53L0X_WriteMulti
 .text.VL53L0X_ReadMulti
                0x00000000080093a8       0x56 ./Drivers/VL53L0X/platform/src/vl53l0x_platform.o
                0x00000000080093a8                VL53L0X_ReadMulti
 *fill*         0x00000000080093fe        0x2 
 .text.VL53L0X_WrByte
                0x0000000008009400       0x48 ./Drivers/VL53L0X/platform/src/vl53l0x_platform.o
                0x0000000008009400                VL53L0X_WrByte
 .text.VL53L0X_WrWord
                0x0000000008009448       0x54 ./Drivers/VL53L0X/platform/src/vl53l0x_platform.o
                0x0000000008009448                VL53L0X_WrWord
 .text.VL53L0X_UpdateByte
                0x000000000800949c       0x68 ./Drivers/VL53L0X/platform/src/vl53l0x_platform.o
                0x000000000800949c                VL53L0X_UpdateByte
 .text.VL53L0X_RdByte
                0x0000000008009504       0x54 ./Drivers/VL53L0X/platform/src/vl53l0x_platform.o
                0x0000000008009504                VL53L0X_RdByte
 .text.VL53L0X_RdWord
                0x0000000008009558       0x70 ./Drivers/VL53L0X/platform/src/vl53l0x_platform.o
                0x0000000008009558                VL53L0X_RdWord
 .text.VL53L0X_RdDWord
                0x00000000080095c8       0x78 ./Drivers/VL53L0X/platform/src/vl53l0x_platform.o
                0x00000000080095c8                VL53L0X_RdDWord
 .text.VL53L0X_PollingDelay
                0x0000000008009640       0x1e ./Drivers/VL53L0X/platform/src/vl53l0x_platform.o
                0x0000000008009640                VL53L0X_PollingDelay
 *fill*         0x000000000800965e        0x2 
 .text.sprintf  0x0000000008009660       0x40 D:/Programy/ST/STM32CubeIDE_1.13.2/STM32CubeIDE/plugins/com.st.stm32cube.ide.mcu.externaltools.gnu-tools-for-stm32.11.3.rel1.win32_1.1.1.202309131626/tools/bin/../lib/gcc/arm-none-eabi/11.3.1/../../../../arm-none-eabi/lib/thumb/v7-m/nofp\libc_nano.a(libc_a-sprintf.o)
                0x0000000008009660                siprintf
                0x0000000008009660                sprintf
 .text.memset   0x00000000080096a0       0x10 D:/Programy/ST/STM32CubeIDE_1.13.2/STM32CubeIDE/plugins/com.st.stm32cube.ide.mcu.externaltools.gnu-tools-for-stm32.11.3.rel1.win32_1.1.1.202309131626/tools/bin/../lib/gcc/arm-none-eabi/11.3.1/../../../../arm-none-eabi/lib/thumb/v7-m/nofp\libc_nano.a(libc_a-memset.o)
                0x00000000080096a0                memset
 .text.__errno  0x00000000080096b0        0xc D:/Programy/ST/STM32CubeIDE_1.13.2/STM32CubeIDE/plugins/com.st.stm32cube.ide.mcu.externaltools.gnu-tools-for-stm32.11.3.rel1.win32_1.1.1.202309131626/tools/bin/../lib/gcc/arm-none-eabi/11.3.1/../../../../arm-none-eabi/lib/thumb/v7-m/nofp\libc_nano.a(libc_a-errno.o)
                0x00000000080096b0                __errno
 .text.__libc_init_array
                0x00000000080096bc       0x48 D:/Programy/ST/STM32CubeIDE_1.13.2/STM32CubeIDE/plugins/com.st.stm32cube.ide.mcu.externaltools.gnu-tools-for-stm32.11.3.rel1.win32_1.1.1.202309131626/tools/bin/../lib/gcc/arm-none-eabi/11.3.1/../../../../arm-none-eabi/lib/thumb/v7-m/nofp\libc_nano.a(libc_a-init.o)
                0x00000000080096bc                __libc_init_array
 .text.__retarget_lock_acquire_recursive
                0x0000000008009704        0x2 D:/Programy/ST/STM32CubeIDE_1.13.2/STM32CubeIDE/plugins/com.st.stm32cube.ide.mcu.externaltools.gnu-tools-for-stm32.11.3.rel1.win32_1.1.1.202309131626/tools/bin/../lib/gcc/arm-none-eabi/11.3.1/../../../../arm-none-eabi/lib/thumb/v7-m/nofp\libc_nano.a(libc_a-lock.o)
                0x0000000008009704                __retarget_lock_acquire_recursive
 .text.__retarget_lock_release_recursive
                0x0000000008009706        0x2 D:/Programy/ST/STM32CubeIDE_1.13.2/STM32CubeIDE/plugins/com.st.stm32cube.ide.mcu.externaltools.gnu-tools-for-stm32.11.3.rel1.win32_1.1.1.202309131626/tools/bin/../lib/gcc/arm-none-eabi/11.3.1/../../../../arm-none-eabi/lib/thumb/v7-m/nofp\libc_nano.a(libc_a-lock.o)
                0x0000000008009706                __retarget_lock_release_recursive
 .text.strcpy   0x0000000008009708       0x10 D:/Programy/ST/STM32CubeIDE_1.13.2/STM32CubeIDE/plugins/com.st.stm32cube.ide.mcu.externaltools.gnu-tools-for-stm32.11.3.rel1.win32_1.1.1.202309131626/tools/bin/../lib/gcc/arm-none-eabi/11.3.1/../../../../arm-none-eabi/lib/thumb/v7-m/nofp\libc_nano.a(libc_a-strcpy.o)
                0x0000000008009708                strcpy
 .text.memcpy   0x0000000008009718       0x1c D:/Programy/ST/STM32CubeIDE_1.13.2/STM32CubeIDE/plugins/com.st.stm32cube.ide.mcu.externaltools.gnu-tools-for-stm32.11.3.rel1.win32_1.1.1.202309131626/tools/bin/../lib/gcc/arm-none-eabi/11.3.1/../../../../arm-none-eabi/lib/thumb/v7-m/nofp\libc_nano.a(libc_a-memcpy-stub.o)
                0x0000000008009718                memcpy
 .text._free_r  0x0000000008009734       0x90 D:/Programy/ST/STM32CubeIDE_1.13.2/STM32CubeIDE/plugins/com.st.stm32cube.ide.mcu.externaltools.gnu-tools-for-stm32.11.3.rel1.win32_1.1.1.202309131626/tools/bin/../lib/gcc/arm-none-eabi/11.3.1/../../../../arm-none-eabi/lib/thumb/v7-m/nofp\libc_nano.a(libc_a-freer.o)
                0x0000000008009734                _free_r
 .text.sbrk_aligned
                0x00000000080097c4       0x40 D:/Programy/ST/STM32CubeIDE_1.13.2/STM32CubeIDE/plugins/com.st.stm32cube.ide.mcu.externaltools.gnu-tools-for-stm32.11.3.rel1.win32_1.1.1.202309131626/tools/bin/../lib/gcc/arm-none-eabi/11.3.1/../../../../arm-none-eabi/lib/thumb/v7-m/nofp\libc_nano.a(libc_a-mallocr.o)
 .text._malloc_r
                0x0000000008009804      0x100 D:/Programy/ST/STM32CubeIDE_1.13.2/STM32CubeIDE/plugins/com.st.stm32cube.ide.mcu.externaltools.gnu-tools-for-stm32.11.3.rel1.win32_1.1.1.202309131626/tools/bin/../lib/gcc/arm-none-eabi/11.3.1/../../../../arm-none-eabi/lib/thumb/v7-m/nofp\libc_nano.a(libc_a-mallocr.o)
                0x0000000008009804                _malloc_r
 .text.__malloc_lock
                0x0000000008009904        0xc D:/Programy/ST/STM32CubeIDE_1.13.2/STM32CubeIDE/plugins/com.st.stm32cube.ide.mcu.externaltools.gnu-tools-for-stm32.11.3.rel1.win32_1.1.1.202309131626/tools/bin/../lib/gcc/arm-none-eabi/11.3.1/../../../../arm-none-eabi/lib/thumb/v7-m/nofp\libc_nano.a(libc_a-mlock.o)
                0x0000000008009904                __malloc_lock
 .text.__malloc_unlock
                0x0000000008009910        0xc D:/Programy/ST/STM32CubeIDE_1.13.2/STM32CubeIDE/plugins/com.st.stm32cube.ide.mcu.externaltools.gnu-tools-for-stm32.11.3.rel1.win32_1.1.1.202309131626/tools/bin/../lib/gcc/arm-none-eabi/11.3.1/../../../../arm-none-eabi/lib/thumb/v7-m/nofp\libc_nano.a(libc_a-mlock.o)
                0x0000000008009910                __malloc_unlock
 .text.__ssputs_r
                0x000000000800991c       0xb4 D:/Programy/ST/STM32CubeIDE_1.13.2/STM32CubeIDE/plugins/com.st.stm32cube.ide.mcu.externaltools.gnu-tools-for-stm32.11.3.rel1.win32_1.1.1.202309131626/tools/bin/../lib/gcc/arm-none-eabi/11.3.1/../../../../arm-none-eabi/lib/thumb/v7-m/nofp\libc_nano.a(libc_a-nano-svfprintf.o)
                0x000000000800991c                __ssputs_r
 .text._svfprintf_r
                0x00000000080099d0      0x1fc D:/Programy/ST/STM32CubeIDE_1.13.2/STM32CubeIDE/plugins/com.st.stm32cube.ide.mcu.externaltools.gnu-tools-for-stm32.11.3.rel1.win32_1.1.1.202309131626/tools/bin/../lib/gcc/arm-none-eabi/11.3.1/../../../../arm-none-eabi/lib/thumb/v7-m/nofp\libc_nano.a(libc_a-nano-svfprintf.o)
                0x00000000080099d0                _svfiprintf_r
                0x00000000080099d0                _svfprintf_r
 .text._printf_common
                0x0000000008009bcc       0xe4 D:/Programy/ST/STM32CubeIDE_1.13.2/STM32CubeIDE/plugins/com.st.stm32cube.ide.mcu.externaltools.gnu-tools-for-stm32.11.3.rel1.win32_1.1.1.202309131626/tools/bin/../lib/gcc/arm-none-eabi/11.3.1/../../../../arm-none-eabi/lib/thumb/v7-m/nofp\libc_nano.a(libc_a-nano-vfprintf_i.o)
                0x0000000008009bcc                _printf_common
 .text._printf_i
                0x0000000008009cb0      0x244 D:/Programy/ST/STM32CubeIDE_1.13.2/STM32CubeIDE/plugins/com.st.stm32cube.ide.mcu.externaltools.gnu-tools-for-stm32.11.3.rel1.win32_1.1.1.202309131626/tools/bin/../lib/gcc/arm-none-eabi/11.3.1/../../../../arm-none-eabi/lib/thumb/v7-m/nofp\libc_nano.a(libc_a-nano-vfprintf_i.o)
                0x0000000008009cb0                _printf_i
 .text.memmove  0x0000000008009ef4       0x34 D:/Programy/ST/STM32CubeIDE_1.13.2/STM32CubeIDE/plugins/com.st.stm32cube.ide.mcu.externaltools.gnu-tools-for-stm32.11.3.rel1.win32_1.1.1.202309131626/tools/bin/../lib/gcc/arm-none-eabi/11.3.1/../../../../arm-none-eabi/lib/thumb/v7-m/nofp\libc_nano.a(libc_a-memmove.o)
                0x0000000008009ef4                memmove
 .text._sbrk_r  0x0000000008009f28       0x20 D:/Programy/ST/STM32CubeIDE_1.13.2/STM32CubeIDE/plugins/com.st.stm32cube.ide.mcu.externaltools.gnu-tools-for-stm32.11.3.rel1.win32_1.1.1.202309131626/tools/bin/../lib/gcc/arm-none-eabi/11.3.1/../../../../arm-none-eabi/lib/thumb/v7-m/nofp\libc_nano.a(libc_a-sbrkr.o)
                0x0000000008009f28                _sbrk_r
 .text.memchr   0x0000000008009f48       0x1c D:/Programy/ST/STM32CubeIDE_1.13.2/STM32CubeIDE/plugins/com.st.stm32cube.ide.mcu.externaltools.gnu-tools-for-stm32.11.3.rel1.win32_1.1.1.202309131626/tools/bin/../lib/gcc/arm-none-eabi/11.3.1/../../../../arm-none-eabi/lib/thumb/v7-m/nofp\libc_nano.a(libc_a-memchr-stub.o)
                0x0000000008009f48                memchr
 .text._realloc_r
                0x0000000008009f64       0x5e D:/Programy/ST/STM32CubeIDE_1.13.2/STM32CubeIDE/plugins/com.st.stm32cube.ide.mcu.externaltools.gnu-tools-for-stm32.11.3.rel1.win32_1.1.1.202309131626/tools/bin/../lib/gcc/arm-none-eabi/11.3.1/../../../../arm-none-eabi/lib/thumb/v7-m/nofp\libc_nano.a(libc_a-reallocr.o)
                0x0000000008009f64                _realloc_r
 .text._malloc_usable_size_r
                0x0000000008009fc2       0x10 D:/Programy/ST/STM32CubeIDE_1.13.2/STM32CubeIDE/plugins/com.st.stm32cube.ide.mcu.externaltools.gnu-tools-for-stm32.11.3.rel1.win32_1.1.1.202309131626/tools/bin/../lib/gcc/arm-none-eabi/11.3.1/../../../../arm-none-eabi/lib/thumb/v7-m/nofp\libc_nano.a(libc_a-msizer.o)
                0x0000000008009fc2                _malloc_usable_size_r
 *(.glue_7)
 .glue_7        0x0000000008009fd2        0x0 linker stubs
 *(.glue_7t)
 .glue_7t       0x0000000008009fd2        0x0 linker stubs
 *(.eh_frame)
 *fill*         0x0000000008009fd2        0x2 
 .eh_frame      0x0000000008009fd4        0x0 D:/Programy/ST/STM32CubeIDE_1.13.2/STM32CubeIDE/plugins/com.st.stm32cube.ide.mcu.externaltools.gnu-tools-for-stm32.11.3.rel1.win32_1.1.1.202309131626/tools/bin/../lib/gcc/arm-none-eabi/11.3.1/thumb/v7-m/nofp/crtbegin.o
 *(.init)
 .init          0x0000000008009fd4        0x4 D:/Programy/ST/STM32CubeIDE_1.13.2/STM32CubeIDE/plugins/com.st.stm32cube.ide.mcu.externaltools.gnu-tools-for-stm32.11.3.rel1.win32_1.1.1.202309131626/tools/bin/../lib/gcc/arm-none-eabi/11.3.1/thumb/v7-m/nofp/crti.o
                0x0000000008009fd4                _init
 .init          0x0000000008009fd8        0x8 D:/Programy/ST/STM32CubeIDE_1.13.2/STM32CubeIDE/plugins/com.st.stm32cube.ide.mcu.externaltools.gnu-tools-for-stm32.11.3.rel1.win32_1.1.1.202309131626/tools/bin/../lib/gcc/arm-none-eabi/11.3.1/thumb/v7-m/nofp/crtn.o
 *(.fini)
 .fini          0x0000000008009fe0        0x4 D:/Programy/ST/STM32CubeIDE_1.13.2/STM32CubeIDE/plugins/com.st.stm32cube.ide.mcu.externaltools.gnu-tools-for-stm32.11.3.rel1.win32_1.1.1.202309131626/tools/bin/../lib/gcc/arm-none-eabi/11.3.1/thumb/v7-m/nofp/crti.o
                0x0000000008009fe0                _fini
 .fini          0x0000000008009fe4        0x8 D:/Programy/ST/STM32CubeIDE_1.13.2/STM32CubeIDE/plugins/com.st.stm32cube.ide.mcu.externaltools.gnu-tools-for-stm32.11.3.rel1.win32_1.1.1.202309131626/tools/bin/../lib/gcc/arm-none-eabi/11.3.1/thumb/v7-m/nofp/crtn.o
                0x0000000008009fec                . = ALIGN (0x4)
                0x0000000008009fec                _etext = .

.vfp11_veneer   0x0000000008009fec        0x0
 .vfp11_veneer  0x0000000008009fec        0x0 linker stubs

.v4_bx          0x0000000008009fec        0x0
 .v4_bx         0x0000000008009fec        0x0 linker stubs

.iplt           0x0000000008009fec        0x0
 .iplt          0x0000000008009fec        0x0 D:/Programy/ST/STM32CubeIDE_1.13.2/STM32CubeIDE/plugins/com.st.stm32cube.ide.mcu.externaltools.gnu-tools-for-stm32.11.3.rel1.win32_1.1.1.202309131626/tools/bin/../lib/gcc/arm-none-eabi/11.3.1/thumb/v7-m/nofp/crtbegin.o

.rodata         0x0000000008009fec       0xb8
                0x0000000008009fec                . = ALIGN (0x4)
 *(.rodata)
 .rodata        0x0000000008009fec       0x43 ./Core/Lib/Handler.o
 *(.rodata*)
 *fill*         0x000000000800a02f        0x1 
 .rodata.segmentMap
                0x000000000800a030       0x11 ./Core/Lib/TM1637.o
                0x000000000800a030                segmentMap
 *fill*         0x000000000800a041        0x3 
 .rodata.AHBPrescTable
                0x000000000800a044       0x10 ./Core/Src/system_stm32f1xx.o
                0x000000000800a044                AHBPrescTable
 .rodata.APBPrescTable
                0x000000000800a054        0x8 ./Core/Src/system_stm32f1xx.o
                0x000000000800a054                APBPrescTable
 .rodata.aPLLMULFactorTable.1
                0x000000000800a05c       0x10 ./Drivers/STM32F1xx_HAL_Driver/Src/stm32f1xx_hal_rcc.o
 .rodata.aPredivFactorTable.0
                0x000000000800a06c        0x2 ./Drivers/STM32F1xx_HAL_Driver/Src/stm32f1xx_hal_rcc.o
 .rodata._svfprintf_r.str1.1
                0x000000000800a06e       0x11 D:/Programy/ST/STM32CubeIDE_1.13.2/STM32CubeIDE/plugins/com.st.stm32cube.ide.mcu.externaltools.gnu-tools-for-stm32.11.3.rel1.win32_1.1.1.202309131626/tools/bin/../lib/gcc/arm-none-eabi/11.3.1/../../../../arm-none-eabi/lib/thumb/v7-m/nofp\libc_nano.a(libc_a-nano-svfprintf.o)
 .rodata._printf_i.str1.1
                0x000000000800a07f       0x22 D:/Programy/ST/STM32CubeIDE_1.13.2/STM32CubeIDE/plugins/com.st.stm32cube.ide.mcu.externaltools.gnu-tools-for-stm32.11.3.rel1.win32_1.1.1.202309131626/tools/bin/../lib/gcc/arm-none-eabi/11.3.1/../../../../arm-none-eabi/lib/thumb/v7-m/nofp\libc_nano.a(libc_a-nano-vfprintf_i.o)
                0x000000000800a0a4                . = ALIGN (0x4)
 *fill*         0x000000000800a0a1        0x3 

.rel.dyn        0x000000000800a0a4        0x0
 .rel.iplt      0x000000000800a0a4        0x0 D:/Programy/ST/STM32CubeIDE_1.13.2/STM32CubeIDE/plugins/com.st.stm32cube.ide.mcu.externaltools.gnu-tools-for-stm32.11.3.rel1.win32_1.1.1.202309131626/tools/bin/../lib/gcc/arm-none-eabi/11.3.1/thumb/v7-m/nofp/crtbegin.o

.ARM.extab      0x000000000800a0a4        0x0
                0x000000000800a0a4                . = ALIGN (0x4)
 *(.ARM.extab* .gnu.linkonce.armextab.*)
                0x000000000800a0a4                . = ALIGN (0x4)

.ARM            0x000000000800a0a4        0x0
                0x000000000800a0a4                . = ALIGN (0x4)
                0x000000000800a0a4                __exidx_start = .
 *(.ARM.exidx*)
                0x000000000800a0a4                __exidx_end = .
                0x000000000800a0a4                . = ALIGN (0x4)

.preinit_array  0x000000000800a0a4        0x0
                0x000000000800a0a4                . = ALIGN (0x4)
                0x000000000800a0a4                PROVIDE (__preinit_array_start = .)
 *(.preinit_array*)
                0x000000000800a0a4                PROVIDE (__preinit_array_end = .)
                0x000000000800a0a4                . = ALIGN (0x4)

.init_array     0x000000000800a0a4        0x4
                0x000000000800a0a4                . = ALIGN (0x4)
                0x000000000800a0a4                PROVIDE (__init_array_start = .)
 *(SORT_BY_NAME(.init_array.*))
 *(.init_array*)
 .init_array    0x000000000800a0a4        0x4 D:/Programy/ST/STM32CubeIDE_1.13.2/STM32CubeIDE/plugins/com.st.stm32cube.ide.mcu.externaltools.gnu-tools-for-stm32.11.3.rel1.win32_1.1.1.202309131626/tools/bin/../lib/gcc/arm-none-eabi/11.3.1/thumb/v7-m/nofp/crtbegin.o
                0x000000000800a0a8                PROVIDE (__init_array_end = .)
                0x000000000800a0a8                . = ALIGN (0x4)

.fini_array     0x000000000800a0a8        0x4
                0x000000000800a0a8                . = ALIGN (0x4)
                [!provide]                        PROVIDE (__fini_array_start = .)
 *(SORT_BY_NAME(.fini_array.*))
 *(.fini_array*)
 .fini_array    0x000000000800a0a8        0x4 D:/Programy/ST/STM32CubeIDE_1.13.2/STM32CubeIDE/plugins/com.st.stm32cube.ide.mcu.externaltools.gnu-tools-for-stm32.11.3.rel1.win32_1.1.1.202309131626/tools/bin/../lib/gcc/arm-none-eabi/11.3.1/thumb/v7-m/nofp/crtbegin.o
                [!provide]                        PROVIDE (__fini_array_end = .)
                0x000000000800a0ac                . = ALIGN (0x4)
                0x000000000800a0ac                _sidata = LOADADDR (.data)

.data           0x0000000020000000      0x31c load address 0x000000000800a0ac
                0x0000000020000000                . = ALIGN (0x4)
                0x0000000020000000                _sdata = .
 *(.data)
 *(.data*)
 .data.Dev      0x0000000020000000        0x4 ./Core/Lib/VL53_API_Interface.o
                0x0000000020000000                Dev
 .data.SystemCoreClock
                0x0000000020000004        0x4 ./Core/Src/system_stm32f1xx.o
                0x0000000020000004                SystemCoreClock
 .data.uwTickPrio
                0x0000000020000008        0x4 ./Drivers/STM32F1xx_HAL_Driver/Src/stm32f1xx_hal.o
                0x0000000020000008                uwTickPrio
 .data.uwTickFreq
                0x000000002000000c        0x1 ./Drivers/STM32F1xx_HAL_Driver/Src/stm32f1xx_hal.o
                0x000000002000000c                uwTickFreq
 *fill*         0x000000002000000d        0x3 
 .data.DefaultTuningSettings
                0x0000000020000010       0xf3 ./Drivers/VL53L0X/core/src/vl53l0x_api.o
                0x0000000020000010                DefaultTuningSettings
 *fill*         0x0000000020000103        0x1 
 .data.InterruptThresholdSettings
                0x0000000020000104      0x1b6 ./Drivers/VL53L0X/core/src/vl53l0x_api.o
                0x0000000020000104                InterruptThresholdSettings
 *fill*         0x00000000200002ba        0x2 
 .data.refArrayQuadrants
                0x00000000200002bc       0x10 ./Drivers/VL53L0X/core/src/vl53l0x_api_calibration.o
                0x00000000200002bc                refArrayQuadrants
 .data._impure_data
                0x00000000200002cc       0x4c D:/Programy/ST/STM32CubeIDE_1.13.2/STM32CubeIDE/plugins/com.st.stm32cube.ide.mcu.externaltools.gnu-tools-for-stm32.11.3.rel1.win32_1.1.1.202309131626/tools/bin/../lib/gcc/arm-none-eabi/11.3.1/../../../../arm-none-eabi/lib/thumb/v7-m/nofp\libc_nano.a(libc_a-impure.o)
                0x00000000200002cc                _impure_data
 .data._impure_ptr
                0x0000000020000318        0x4 D:/Programy/ST/STM32CubeIDE_1.13.2/STM32CubeIDE/plugins/com.st.stm32cube.ide.mcu.externaltools.gnu-tools-for-stm32.11.3.rel1.win32_1.1.1.202309131626/tools/bin/../lib/gcc/arm-none-eabi/11.3.1/../../../../arm-none-eabi/lib/thumb/v7-m/nofp\libc_nano.a(libc_a-impure.o)
                0x0000000020000318                _impure_ptr
 *(.RamFunc)
 *(.RamFunc*)
                0x000000002000031c                . = ALIGN (0x4)
                0x000000002000031c                _edata = .

.igot.plt       0x000000002000031c        0x0 load address 0x000000000800a3c8
 .igot.plt      0x000000002000031c        0x0 D:/Programy/ST/STM32CubeIDE_1.13.2/STM32CubeIDE/plugins/com.st.stm32cube.ide.mcu.externaltools.gnu-tools-for-stm32.11.3.rel1.win32_1.1.1.202309131626/tools/bin/../lib/gcc/arm-none-eabi/11.3.1/thumb/v7-m/nofp/crtbegin.o
                0x000000002000031c                . = ALIGN (0x4)

.bss            0x000000002000031c      0x508 load address 0x000000000800a3c8
                0x000000002000031c                _sbss = .
                0x000000002000031c                __bss_start__ = _sbss
 *(.bss)
 .bss           0x000000002000031c       0x1c D:/Programy/ST/STM32CubeIDE_1.13.2/STM32CubeIDE/plugins/com.st.stm32cube.ide.mcu.externaltools.gnu-tools-for-stm32.11.3.rel1.win32_1.1.1.202309131626/tools/bin/../lib/gcc/arm-none-eabi/11.3.1/thumb/v7-m/nofp/crtbegin.o
 *(.bss*)
 .bss.bytes_temp
                0x0000000020000338        0x4 ./Core/Lib/EEPROM.o
                0x0000000020000338                bytes_temp
 .bss.status    0x000000002000033c        0x1 ./Core/Lib/Handler.o
                0x000000002000033c                status
 *fill*         0x000000002000033d        0x3 
 .bss.RxBuf     0x0000000020000340        0xa ./Core/Lib/Handler.o
                0x0000000020000340                RxBuf
 .bss.mode      0x000000002000034a        0x1 ./Core/Lib/Handler.o
                0x000000002000034a                mode
 .bss.TofDataRead
                0x000000002000034b        0x1 ./Core/Lib/Handler.o
                0x000000002000034b                TofDataRead
 .bss.Measure   0x000000002000034c        0x2 ./Core/Lib/Handler.o
                0x000000002000034c                Measure
 *fill*         0x000000002000034e        0x2 
 .bss.announcement
                0x0000000020000350       0x14 ./Core/Lib/Handler.o
                0x0000000020000350                announcement
 .bss.state_flag
                0x0000000020000364        0x3 ./Core/Lib/Handler.o
                0x0000000020000364                state_flag
 *fill*         0x0000000020000367        0x1 
 .bss.RangingData
                0x0000000020000368       0x1c ./Core/Lib/VL53_API_Interface.o
                0x0000000020000368                RangingData
 .bss.vl53l0x_c
                0x0000000020000384      0x190 ./Core/Lib/VL53_API_Interface.o
                0x0000000020000384                vl53l0x_c
 .bss.hi2c1     0x0000000020000514       0x54 ./Core/Src/i2c.o
                0x0000000020000514                hi2c1
 .bss.hi2c2     0x0000000020000568       0x54 ./Core/Src/i2c.o
                0x0000000020000568                hi2c2
 .bss.__sbrk_heap_end
                0x00000000200005bc        0x4 ./Core/Src/sysmem.o
 .bss.htim1     0x00000000200005c0       0x48 ./Core/Src/tim.o
                0x00000000200005c0                htim1
 .bss.htim2     0x0000000020000608       0x48 ./Core/Src/tim.o
                0x0000000020000608                htim2
 .bss.huart2    0x0000000020000650       0x48 ./Core/Src/usart.o
                0x0000000020000650                huart2
 .bss.uwTick    0x0000000020000698        0x4 ./Drivers/STM32F1xx_HAL_Driver/Src/stm32f1xx_hal.o
                0x0000000020000698                uwTick
 .bss._I2CBuffer
                0x000000002000069c       0x40 ./Drivers/VL53L0X/platform/src/vl53l0x_platform.o
                0x000000002000069c                _I2CBuffer
 .bss.__sf      0x00000000200006dc      0x138 D:/Programy/ST/STM32CubeIDE_1.13.2/STM32CubeIDE/plugins/com.st.stm32cube.ide.mcu.externaltools.gnu-tools-for-stm32.11.3.rel1.win32_1.1.1.202309131626/tools/bin/../lib/gcc/arm-none-eabi/11.3.1/../../../../arm-none-eabi/lib/thumb/v7-m/nofp\libc_nano.a(libc_a-findfp.o)
                0x00000000200006dc                __sf
 .bss.errno     0x0000000020000814        0x4 D:/Programy/ST/STM32CubeIDE_1.13.2/STM32CubeIDE/plugins/com.st.stm32cube.ide.mcu.externaltools.gnu-tools-for-stm32.11.3.rel1.win32_1.1.1.202309131626/tools/bin/../lib/gcc/arm-none-eabi/11.3.1/../../../../arm-none-eabi/lib/thumb/v7-m/nofp\libc_nano.a(libc_a-reent.o)
                0x0000000020000814                errno
 .bss.__lock___malloc_recursive_mutex
                0x0000000020000818        0x1 D:/Programy/ST/STM32CubeIDE_1.13.2/STM32CubeIDE/plugins/com.st.stm32cube.ide.mcu.externaltools.gnu-tools-for-stm32.11.3.rel1.win32_1.1.1.202309131626/tools/bin/../lib/gcc/arm-none-eabi/11.3.1/../../../../arm-none-eabi/lib/thumb/v7-m/nofp\libc_nano.a(libc_a-lock.o)
                0x0000000020000818                __lock___malloc_recursive_mutex
 *fill*         0x0000000020000819        0x3 
 .bss.__malloc_free_list
                0x000000002000081c        0x4 D:/Programy/ST/STM32CubeIDE_1.13.2/STM32CubeIDE/plugins/com.st.stm32cube.ide.mcu.externaltools.gnu-tools-for-stm32.11.3.rel1.win32_1.1.1.202309131626/tools/bin/../lib/gcc/arm-none-eabi/11.3.1/../../../../arm-none-eabi/lib/thumb/v7-m/nofp\libc_nano.a(libc_a-mallocr.o)
                0x000000002000081c                __malloc_free_list
 .bss.__malloc_sbrk_start
                0x0000000020000820        0x4 D:/Programy/ST/STM32CubeIDE_1.13.2/STM32CubeIDE/plugins/com.st.stm32cube.ide.mcu.externaltools.gnu-tools-for-stm32.11.3.rel1.win32_1.1.1.202309131626/tools/bin/../lib/gcc/arm-none-eabi/11.3.1/../../../../arm-none-eabi/lib/thumb/v7-m/nofp\libc_nano.a(libc_a-mallocr.o)
                0x0000000020000820                __malloc_sbrk_start
 *(COMMON)
                0x0000000020000824                . = ALIGN (0x4)
                0x0000000020000824                _ebss = .
                0x0000000020000824                __bss_end__ = _ebss

._user_heap_stack
                0x0000000020000824      0x604 load address 0x000000000800a3c8
                0x0000000020000828                . = ALIGN (0x8)
 *fill*         0x0000000020000824        0x4 
                [!provide]                        PROVIDE (end = .)
                0x0000000020000828                PROVIDE (_end = .)
                0x0000000020000a28                . = (. + _Min_Heap_Size)
 *fill*         0x0000000020000828      0x200 
                0x0000000020000e28                . = (. + _Min_Stack_Size)
 *fill*         0x0000000020000a28      0x400 
                0x0000000020000e28                . = ALIGN (0x8)

/DISCARD/
 libc.a(*)
 libm.a(*)
 libgcc.a(*)

.ARM.attributes
                0x0000000000000000       0x29
 *(.ARM.attributes)
 .ARM.attributes
                0x0000000000000000       0x1d D:/Programy/ST/STM32CubeIDE_1.13.2/STM32CubeIDE/plugins/com.st.stm32cube.ide.mcu.externaltools.gnu-tools-for-stm32.11.3.rel1.win32_1.1.1.202309131626/tools/bin/../lib/gcc/arm-none-eabi/11.3.1/thumb/v7-m/nofp/crti.o
 .ARM.attributes
                0x000000000000001d       0x2d D:/Programy/ST/STM32CubeIDE_1.13.2/STM32CubeIDE/plugins/com.st.stm32cube.ide.mcu.externaltools.gnu-tools-for-stm32.11.3.rel1.win32_1.1.1.202309131626/tools/bin/../lib/gcc/arm-none-eabi/11.3.1/thumb/v7-m/nofp/crtbegin.o
 .ARM.attributes
                0x000000000000004a       0x2d ./Core/Lib/EEPROM.o
 .ARM.attributes
                0x0000000000000077       0x2d ./Core/Lib/Handler.o
 .ARM.attributes
                0x00000000000000a4       0x2d ./Core/Lib/TM1637.o
 .ARM.attributes
                0x00000000000000d1       0x2d ./Core/Lib/VL53_API_Interface.o
 .ARM.attributes
                0x00000000000000fe       0x2d ./Core/Src/gpio.o
 .ARM.attributes
                0x000000000000012b       0x2d ./Core/Src/i2c.o
 .ARM.attributes
                0x0000000000000158       0x2d ./Core/Src/main.o
 .ARM.attributes
                0x0000000000000185       0x2d ./Core/Src/stm32f1xx_hal_msp.o
 .ARM.attributes
                0x00000000000001b2       0x2d ./Core/Src/stm32f1xx_it.o
 .ARM.attributes
                0x00000000000001df       0x2d ./Core/Src/sysmem.o
 .ARM.attributes
                0x000000000000020c       0x2d ./Core/Src/system_stm32f1xx.o
 .ARM.attributes
                0x0000000000000239       0x2d ./Core/Src/tim.o
 .ARM.attributes
                0x0000000000000266       0x2d ./Core/Src/usart.o
 .ARM.attributes
                0x0000000000000293       0x21 ./Core/Startup/startup_stm32f103rbtx.o
 .ARM.attributes
                0x00000000000002b4       0x2d ./Drivers/STM32F1xx_HAL_Driver/Src/stm32f1xx_hal.o
 .ARM.attributes
                0x00000000000002e1       0x2d ./Drivers/STM32F1xx_HAL_Driver/Src/stm32f1xx_hal_cortex.o
 .ARM.attributes
                0x000000000000030e       0x2d ./Drivers/STM32F1xx_HAL_Driver/Src/stm32f1xx_hal_dma.o
 .ARM.attributes
                0x000000000000033b       0x2d ./Drivers/STM32F1xx_HAL_Driver/Src/stm32f1xx_hal_gpio.o
 .ARM.attributes
                0x0000000000000368       0x2d ./Drivers/STM32F1xx_HAL_Driver/Src/stm32f1xx_hal_i2c.o
 .ARM.attributes
                0x0000000000000395       0x2d ./Drivers/STM32F1xx_HAL_Driver/Src/stm32f1xx_hal_rcc.o
 .ARM.attributes
                0x00000000000003c2       0x2d ./Drivers/STM32F1xx_HAL_Driver/Src/stm32f1xx_hal_tim.o
 .ARM.attributes
                0x00000000000003ef       0x2d ./Drivers/STM32F1xx_HAL_Driver/Src/stm32f1xx_hal_tim_ex.o
 .ARM.attributes
                0x000000000000041c       0x2d ./Drivers/STM32F1xx_HAL_Driver/Src/stm32f1xx_hal_uart.o
 .ARM.attributes
                0x0000000000000449       0x2d ./Drivers/VL53L0X/core/src/vl53l0x_api.o
 .ARM.attributes
                0x0000000000000476       0x2d ./Drivers/VL53L0X/core/src/vl53l0x_api_calibration.o
 .ARM.attributes
                0x00000000000004a3       0x2d ./Drivers/VL53L0X/core/src/vl53l0x_api_core.o
 .ARM.attributes
                0x00000000000004d0       0x2d ./Drivers/VL53L0X/platform/src/vl53l0x_platform.o
 .ARM.attributes
                0x00000000000004fd       0x2d D:/Programy/ST/STM32CubeIDE_1.13.2/STM32CubeIDE/plugins/com.st.stm32cube.ide.mcu.externaltools.gnu-tools-for-stm32.11.3.rel1.win32_1.1.1.202309131626/tools/bin/../lib/gcc/arm-none-eabi/11.3.1/../../../../arm-none-eabi/lib/thumb/v7-m/nofp\libc_nano.a(libc_a-findfp.o)
 .ARM.attributes
                0x000000000000052a       0x2d D:/Programy/ST/STM32CubeIDE_1.13.2/STM32CubeIDE/plugins/com.st.stm32cube.ide.mcu.externaltools.gnu-tools-for-stm32.11.3.rel1.win32_1.1.1.202309131626/tools/bin/../lib/gcc/arm-none-eabi/11.3.1/../../../../arm-none-eabi/lib/thumb/v7-m/nofp\libc_nano.a(libc_a-sprintf.o)
 .ARM.attributes
                0x0000000000000557       0x2d D:/Programy/ST/STM32CubeIDE_1.13.2/STM32CubeIDE/plugins/com.st.stm32cube.ide.mcu.externaltools.gnu-tools-for-stm32.11.3.rel1.win32_1.1.1.202309131626/tools/bin/../lib/gcc/arm-none-eabi/11.3.1/../../../../arm-none-eabi/lib/thumb/v7-m/nofp\libc_nano.a(libc_a-memset.o)
 .ARM.attributes
                0x0000000000000584       0x2d D:/Programy/ST/STM32CubeIDE_1.13.2/STM32CubeIDE/plugins/com.st.stm32cube.ide.mcu.externaltools.gnu-tools-for-stm32.11.3.rel1.win32_1.1.1.202309131626/tools/bin/../lib/gcc/arm-none-eabi/11.3.1/../../../../arm-none-eabi/lib/thumb/v7-m/nofp\libc_nano.a(libc_a-reent.o)
 .ARM.attributes
                0x00000000000005b1       0x2d D:/Programy/ST/STM32CubeIDE_1.13.2/STM32CubeIDE/plugins/com.st.stm32cube.ide.mcu.externaltools.gnu-tools-for-stm32.11.3.rel1.win32_1.1.1.202309131626/tools/bin/../lib/gcc/arm-none-eabi/11.3.1/../../../../arm-none-eabi/lib/thumb/v7-m/nofp\libc_nano.a(libc_a-impure.o)
 .ARM.attributes
                0x00000000000005de       0x2d D:/Programy/ST/STM32CubeIDE_1.13.2/STM32CubeIDE/plugins/com.st.stm32cube.ide.mcu.externaltools.gnu-tools-for-stm32.11.3.rel1.win32_1.1.1.202309131626/tools/bin/../lib/gcc/arm-none-eabi/11.3.1/../../../../arm-none-eabi/lib/thumb/v7-m/nofp\libc_nano.a(libc_a-errno.o)
 .ARM.attributes
                0x000000000000060b       0x2d D:/Programy/ST/STM32CubeIDE_1.13.2/STM32CubeIDE/plugins/com.st.stm32cube.ide.mcu.externaltools.gnu-tools-for-stm32.11.3.rel1.win32_1.1.1.202309131626/tools/bin/../lib/gcc/arm-none-eabi/11.3.1/../../../../arm-none-eabi/lib/thumb/v7-m/nofp\libc_nano.a(libc_a-init.o)
 .ARM.attributes
                0x0000000000000638       0x2d D:/Programy/ST/STM32CubeIDE_1.13.2/STM32CubeIDE/plugins/com.st.stm32cube.ide.mcu.externaltools.gnu-tools-for-stm32.11.3.rel1.win32_1.1.1.202309131626/tools/bin/../lib/gcc/arm-none-eabi/11.3.1/../../../../arm-none-eabi/lib/thumb/v7-m/nofp\libc_nano.a(libc_a-lock.o)
 .ARM.attributes
                0x0000000000000665       0x1b D:/Programy/ST/STM32CubeIDE_1.13.2/STM32CubeIDE/plugins/com.st.stm32cube.ide.mcu.externaltools.gnu-tools-for-stm32.11.3.rel1.win32_1.1.1.202309131626/tools/bin/../lib/gcc/arm-none-eabi/11.3.1/../../../../arm-none-eabi/lib/thumb/v7-m/nofp\libc_nano.a(libc_a-strcmp.o)
 .ARM.attributes
                0x0000000000000680       0x2d D:/Programy/ST/STM32CubeIDE_1.13.2/STM32CubeIDE/plugins/com.st.stm32cube.ide.mcu.externaltools.gnu-tools-for-stm32.11.3.rel1.win32_1.1.1.202309131626/tools/bin/../lib/gcc/arm-none-eabi/11.3.1/../../../../arm-none-eabi/lib/thumb/v7-m/nofp\libc_nano.a(libc_a-strcpy.o)
 .ARM.attributes
                0x00000000000006ad       0x2d D:/Programy/ST/STM32CubeIDE_1.13.2/STM32CubeIDE/plugins/com.st.stm32cube.ide.mcu.externaltools.gnu-tools-for-stm32.11.3.rel1.win32_1.1.1.202309131626/tools/bin/../lib/gcc/arm-none-eabi/11.3.1/../../../../arm-none-eabi/lib/thumb/v7-m/nofp\libc_nano.a(libc_a-memcpy-stub.o)
 .ARM.attributes
                0x00000000000006da       0x17 D:/Programy/ST/STM32CubeIDE_1.13.2/STM32CubeIDE/plugins/com.st.stm32cube.ide.mcu.externaltools.gnu-tools-for-stm32.11.3.rel1.win32_1.1.1.202309131626/tools/bin/../lib/gcc/arm-none-eabi/11.3.1/../../../../arm-none-eabi/lib/thumb/v7-m/nofp\libc_nano.a(libc_a-strlen.o)
 .ARM.attributes
                0x00000000000006f1       0x2d D:/Programy/ST/STM32CubeIDE_1.13.2/STM32CubeIDE/plugins/com.st.stm32cube.ide.mcu.externaltools.gnu-tools-for-stm32.11.3.rel1.win32_1.1.1.202309131626/tools/bin/../lib/gcc/arm-none-eabi/11.3.1/../../../../arm-none-eabi/lib/thumb/v7-m/nofp\libc_nano.a(libc_a-freer.o)
 .ARM.attributes
                0x000000000000071e       0x2d D:/Programy/ST/STM32CubeIDE_1.13.2/STM32CubeIDE/plugins/com.st.stm32cube.ide.mcu.externaltools.gnu-tools-for-stm32.11.3.rel1.win32_1.1.1.202309131626/tools/bin/../lib/gcc/arm-none-eabi/11.3.1/../../../../arm-none-eabi/lib/thumb/v7-m/nofp\libc_nano.a(libc_a-mallocr.o)
 .ARM.attributes
                0x000000000000074b       0x2d D:/Programy/ST/STM32CubeIDE_1.13.2/STM32CubeIDE/plugins/com.st.stm32cube.ide.mcu.externaltools.gnu-tools-for-stm32.11.3.rel1.win32_1.1.1.202309131626/tools/bin/../lib/gcc/arm-none-eabi/11.3.1/../../../../arm-none-eabi/lib/thumb/v7-m/nofp\libc_nano.a(libc_a-mlock.o)
 .ARM.attributes
                0x0000000000000778       0x2d D:/Programy/ST/STM32CubeIDE_1.13.2/STM32CubeIDE/plugins/com.st.stm32cube.ide.mcu.externaltools.gnu-tools-for-stm32.11.3.rel1.win32_1.1.1.202309131626/tools/bin/../lib/gcc/arm-none-eabi/11.3.1/../../../../arm-none-eabi/lib/thumb/v7-m/nofp\libc_nano.a(libc_a-nano-svfprintf.o)
 .ARM.attributes
                0x00000000000007a5       0x2d D:/Programy/ST/STM32CubeIDE_1.13.2/STM32CubeIDE/plugins/com.st.stm32cube.ide.mcu.externaltools.gnu-tools-for-stm32.11.3.rel1.win32_1.1.1.202309131626/tools/bin/../lib/gcc/arm-none-eabi/11.3.1/../../../../arm-none-eabi/lib/thumb/v7-m/nofp\libc_nano.a(libc_a-nano-vfprintf_i.o)
 .ARM.attributes
                0x00000000000007d2       0x2d D:/Programy/ST/STM32CubeIDE_1.13.2/STM32CubeIDE/plugins/com.st.stm32cube.ide.mcu.externaltools.gnu-tools-for-stm32.11.3.rel1.win32_1.1.1.202309131626/tools/bin/../lib/gcc/arm-none-eabi/11.3.1/../../../../arm-none-eabi/lib/thumb/v7-m/nofp\libc_nano.a(libc_a-memmove.o)
 .ARM.attributes
                0x00000000000007ff       0x2d D:/Programy/ST/STM32CubeIDE_1.13.2/STM32CubeIDE/plugins/com.st.stm32cube.ide.mcu.externaltools.gnu-tools-for-stm32.11.3.rel1.win32_1.1.1.202309131626/tools/bin/../lib/gcc/arm-none-eabi/11.3.1/../../../../arm-none-eabi/lib/thumb/v7-m/nofp\libc_nano.a(libc_a-sbrkr.o)
 .ARM.attributes
                0x000000000000082c       0x2d D:/Programy/ST/STM32CubeIDE_1.13.2/STM32CubeIDE/plugins/com.st.stm32cube.ide.mcu.externaltools.gnu-tools-for-stm32.11.3.rel1.win32_1.1.1.202309131626/tools/bin/../lib/gcc/arm-none-eabi/11.3.1/../../../../arm-none-eabi/lib/thumb/v7-m/nofp\libc_nano.a(libc_a-memchr-stub.o)
 .ARM.attributes
                0x0000000000000859       0x2d D:/Programy/ST/STM32CubeIDE_1.13.2/STM32CubeIDE/plugins/com.st.stm32cube.ide.mcu.externaltools.gnu-tools-for-stm32.11.3.rel1.win32_1.1.1.202309131626/tools/bin/../lib/gcc/arm-none-eabi/11.3.1/../../../../arm-none-eabi/lib/thumb/v7-m/nofp\libc_nano.a(libc_a-reallocr.o)
 .ARM.attributes
                0x0000000000000886       0x2d D:/Programy/ST/STM32CubeIDE_1.13.2/STM32CubeIDE/plugins/com.st.stm32cube.ide.mcu.externaltools.gnu-tools-for-stm32.11.3.rel1.win32_1.1.1.202309131626/tools/bin/../lib/gcc/arm-none-eabi/11.3.1/../../../../arm-none-eabi/lib/thumb/v7-m/nofp\libc_nano.a(libc_a-msizer.o)
 .ARM.attributes
                0x00000000000008b3       0x1d D:/Programy/ST/STM32CubeIDE_1.13.2/STM32CubeIDE/plugins/com.st.stm32cube.ide.mcu.externaltools.gnu-tools-for-stm32.11.3.rel1.win32_1.1.1.202309131626/tools/bin/../lib/gcc/arm-none-eabi/11.3.1/thumb/v7-m/nofp\libgcc.a(_arm_addsubsf3.o)
 .ARM.attributes
                0x00000000000008d0       0x1d D:/Programy/ST/STM32CubeIDE_1.13.2/STM32CubeIDE/plugins/com.st.stm32cube.ide.mcu.externaltools.gnu-tools-for-stm32.11.3.rel1.win32_1.1.1.202309131626/tools/bin/../lib/gcc/arm-none-eabi/11.3.1/thumb/v7-m/nofp/crtn.o
OUTPUT(Projekt_PMIK.elf elf32-littlearm)
LOAD linker stubs
LOAD D:/Programy/ST/STM32CubeIDE_1.13.2/STM32CubeIDE/plugins/com.st.stm32cube.ide.mcu.externaltools.gnu-tools-for-stm32.11.3.rel1.win32_1.1.1.202309131626/tools/bin/../lib/gcc/arm-none-eabi/11.3.1/../../../../arm-none-eabi/lib/thumb/v7-m/nofp\libc.a
LOAD D:/Programy/ST/STM32CubeIDE_1.13.2/STM32CubeIDE/plugins/com.st.stm32cube.ide.mcu.externaltools.gnu-tools-for-stm32.11.3.rel1.win32_1.1.1.202309131626/tools/bin/../lib/gcc/arm-none-eabi/11.3.1/../../../../arm-none-eabi/lib/thumb/v7-m/nofp\libm.a
LOAD D:/Programy/ST/STM32CubeIDE_1.13.2/STM32CubeIDE/plugins/com.st.stm32cube.ide.mcu.externaltools.gnu-tools-for-stm32.11.3.rel1.win32_1.1.1.202309131626/tools/bin/../lib/gcc/arm-none-eabi/11.3.1/thumb/v7-m/nofp\libgcc.a

.comment        0x0000000000000000       0x43
 .comment       0x0000000000000000       0x43 D:/Programy/ST/STM32CubeIDE_1.13.2/STM32CubeIDE/plugins/com.st.stm32cube.ide.mcu.externaltools.gnu-tools-for-stm32.11.3.rel1.win32_1.1.1.202309131626/tools/bin/../lib/gcc/arm-none-eabi/11.3.1/thumb/v7-m/nofp/crtbegin.o
                                         0x44 (size before relaxing)
 .comment       0x0000000000000043       0x44 ./Core/Lib/EEPROM.o
 .comment       0x0000000000000043       0x44 ./Core/Lib/Handler.o
 .comment       0x0000000000000043       0x44 ./Core/Lib/TM1637.o
 .comment       0x0000000000000043       0x44 ./Core/Lib/VL53_API_Interface.o
 .comment       0x0000000000000043       0x44 ./Core/Src/gpio.o
 .comment       0x0000000000000043       0x44 ./Core/Src/i2c.o
 .comment       0x0000000000000043       0x44 ./Core/Src/main.o
 .comment       0x0000000000000043       0x44 ./Core/Src/stm32f1xx_hal_msp.o
 .comment       0x0000000000000043       0x44 ./Core/Src/stm32f1xx_it.o
 .comment       0x0000000000000043       0x44 ./Core/Src/sysmem.o
 .comment       0x0000000000000043       0x44 ./Core/Src/system_stm32f1xx.o
 .comment       0x0000000000000043       0x44 ./Core/Src/tim.o
 .comment       0x0000000000000043       0x44 ./Core/Src/usart.o
 .comment       0x0000000000000043       0x44 ./Drivers/STM32F1xx_HAL_Driver/Src/stm32f1xx_hal.o
 .comment       0x0000000000000043       0x44 ./Drivers/STM32F1xx_HAL_Driver/Src/stm32f1xx_hal_cortex.o
 .comment       0x0000000000000043       0x44 ./Drivers/STM32F1xx_HAL_Driver/Src/stm32f1xx_hal_dma.o
 .comment       0x0000000000000043       0x44 ./Drivers/STM32F1xx_HAL_Driver/Src/stm32f1xx_hal_gpio.o
 .comment       0x0000000000000043       0x44 ./Drivers/STM32F1xx_HAL_Driver/Src/stm32f1xx_hal_i2c.o
 .comment       0x0000000000000043       0x44 ./Drivers/STM32F1xx_HAL_Driver/Src/stm32f1xx_hal_rcc.o
 .comment       0x0000000000000043       0x44 ./Drivers/STM32F1xx_HAL_Driver/Src/stm32f1xx_hal_tim.o
 .comment       0x0000000000000043       0x44 ./Drivers/STM32F1xx_HAL_Driver/Src/stm32f1xx_hal_tim_ex.o
 .comment       0x0000000000000043       0x44 ./Drivers/STM32F1xx_HAL_Driver/Src/stm32f1xx_hal_uart.o
 .comment       0x0000000000000043       0x44 ./Drivers/VL53L0X/core/src/vl53l0x_api.o
 .comment       0x0000000000000043       0x44 ./Drivers/VL53L0X/core/src/vl53l0x_api_calibration.o
 .comment       0x0000000000000043       0x44 ./Drivers/VL53L0X/core/src/vl53l0x_api_core.o
 .comment       0x0000000000000043       0x44 ./Drivers/VL53L0X/platform/src/vl53l0x_platform.o

.debug_info     0x0000000000000000    0x19f74
 .debug_info    0x0000000000000000      0xa20 ./Core/Lib/EEPROM.o
 .debug_info    0x0000000000000a20      0xcd7 ./Core/Lib/Handler.o
 .debug_info    0x00000000000016f7      0x339 ./Core/Lib/TM1637.o
 .debug_info    0x0000000000001a30     0x1023 ./Core/Lib/VL53_API_Interface.o
 .debug_info    0x0000000000002a53      0x44e ./Core/Src/gpio.o
 .debug_info    0x0000000000002ea1      0x83b ./Core/Src/i2c.o
 .debug_info    0x00000000000036dc      0x873 ./Core/Src/main.o
 .debug_info    0x0000000000003f4f      0x1f1 ./Core/Src/stm32f1xx_hal_msp.o
 .debug_info    0x0000000000004140      0x99c ./Core/Src/stm32f1xx_it.o
 .debug_info    0x0000000000004adc      0x168 ./Core/Src/sysmem.o
 .debug_info    0x0000000000004c44      0x222 ./Core/Src/system_stm32f1xx.o
 .debug_info    0x0000000000004e66      0xa1a ./Core/Src/tim.o
 .debug_info    0x0000000000005880      0x92a ./Core/Src/usart.o
 .debug_info    0x00000000000061aa       0x23 ./Core/Startup/startup_stm32f103rbtx.o
 .debug_info    0x00000000000061cd      0x704 ./Drivers/STM32F1xx_HAL_Driver/Src/stm32f1xx_hal.o
 .debug_info    0x00000000000068d1      0xa87 ./Drivers/STM32F1xx_HAL_Driver/Src/stm32f1xx_hal_cortex.o
 .debug_info    0x0000000000007358      0x6d2 ./Drivers/STM32F1xx_HAL_Driver/Src/stm32f1xx_hal_dma.o
 .debug_info    0x0000000000007a2a      0x5ab ./Drivers/STM32F1xx_HAL_Driver/Src/stm32f1xx_hal_gpio.o
 .debug_info    0x0000000000007fd5     0x2515 ./Drivers/STM32F1xx_HAL_Driver/Src/stm32f1xx_hal_i2c.o
 .debug_info    0x000000000000a4ea      0x7d5 ./Drivers/STM32F1xx_HAL_Driver/Src/stm32f1xx_hal_rcc.o
 .debug_info    0x000000000000acbf     0x293b ./Drivers/STM32F1xx_HAL_Driver/Src/stm32f1xx_hal_tim.o
 .debug_info    0x000000000000d5fa     0x149b ./Drivers/STM32F1xx_HAL_Driver/Src/stm32f1xx_hal_tim_ex.o
 .debug_info    0x000000000000ea95     0x2fa8 ./Drivers/STM32F1xx_HAL_Driver/Src/stm32f1xx_hal_uart.o
 .debug_info    0x0000000000011a3d     0x3506 ./Drivers/VL53L0X/core/src/vl53l0x_api.o
 .debug_info    0x0000000000014f43     0x1cd3 ./Drivers/VL53L0X/core/src/vl53l0x_api_calibration.o
 .debug_info    0x0000000000016c16     0x2189 ./Drivers/VL53L0X/core/src/vl53l0x_api_core.o
 .debug_info    0x0000000000018d9f     0x11d5 ./Drivers/VL53L0X/platform/src/vl53l0x_platform.o

.debug_abbrev   0x0000000000000000     0x375a
 .debug_abbrev  0x0000000000000000      0x279 ./Core/Lib/EEPROM.o
 .debug_abbrev  0x0000000000000279      0x277 ./Core/Lib/Handler.o
 .debug_abbrev  0x00000000000004f0      0x1a1 ./Core/Lib/TM1637.o
 .debug_abbrev  0x0000000000000691      0x23f ./Core/Lib/VL53_API_Interface.o
 .debug_abbrev  0x00000000000008d0      0x161 ./Core/Src/gpio.o
 .debug_abbrev  0x0000000000000a31      0x1e4 ./Core/Src/i2c.o
 .debug_abbrev  0x0000000000000c15      0x220 ./Core/Src/main.o
 .debug_abbrev  0x0000000000000e35       0xdb ./Core/Src/stm32f1xx_hal_msp.o
 .debug_abbrev  0x0000000000000f10      0x1c9 ./Core/Src/stm32f1xx_it.o
 .debug_abbrev  0x00000000000010d9       0xbc ./Core/Src/sysmem.o
 .debug_abbrev  0x0000000000001195      0x13f ./Core/Src/system_stm32f1xx.o
 .debug_abbrev  0x00000000000012d4      0x21d ./Core/Src/tim.o
 .debug_abbrev  0x00000000000014f1      0x205 ./Core/Src/usart.o
 .debug_abbrev  0x00000000000016f6       0x12 ./Core/Startup/startup_stm32f103rbtx.o
 .debug_abbrev  0x0000000000001708      0x201 ./Drivers/STM32F1xx_HAL_Driver/Src/stm32f1xx_hal.o
 .debug_abbrev  0x0000000000001909      0x2f8 ./Drivers/STM32F1xx_HAL_Driver/Src/stm32f1xx_hal_cortex.o
 .debug_abbrev  0x0000000000001c01      0x20b ./Drivers/STM32F1xx_HAL_Driver/Src/stm32f1xx_hal_dma.o
 .debug_abbrev  0x0000000000001e0c      0x1ca ./Drivers/STM32F1xx_HAL_Driver/Src/stm32f1xx_hal_gpio.o
 .debug_abbrev  0x0000000000001fd6      0x2a3 ./Drivers/STM32F1xx_HAL_Driver/Src/stm32f1xx_hal_i2c.o
 .debug_abbrev  0x0000000000002279      0x2b3 ./Drivers/STM32F1xx_HAL_Driver/Src/stm32f1xx_hal_rcc.o
 .debug_abbrev  0x000000000000252c      0x277 ./Drivers/STM32F1xx_HAL_Driver/Src/stm32f1xx_hal_tim.o
 .debug_abbrev  0x00000000000027a3      0x282 ./Drivers/STM32F1xx_HAL_Driver/Src/stm32f1xx_hal_tim_ex.o
 .debug_abbrev  0x0000000000002a25      0x2f8 ./Drivers/STM32F1xx_HAL_Driver/Src/stm32f1xx_hal_uart.o
 .debug_abbrev  0x0000000000002d1d      0x2ae ./Drivers/VL53L0X/core/src/vl53l0x_api.o
 .debug_abbrev  0x0000000000002fcb      0x29f ./Drivers/VL53L0X/core/src/vl53l0x_api_calibration.o
 .debug_abbrev  0x000000000000326a      0x2b7 ./Drivers/VL53L0X/core/src/vl53l0x_api_core.o
 .debug_abbrev  0x0000000000003521      0x239 ./Drivers/VL53L0X/platform/src/vl53l0x_platform.o

.debug_aranges  0x0000000000000000     0x1600
 .debug_aranges
                0x0000000000000000       0x58 ./Core/Lib/EEPROM.o
 .debug_aranges
                0x0000000000000058       0x70 ./Core/Lib/Handler.o
 .debug_aranges
                0x00000000000000c8       0x78 ./Core/Lib/TM1637.o
 .debug_aranges
                0x0000000000000140       0x30 ./Core/Lib/VL53_API_Interface.o
 .debug_aranges
                0x0000000000000170       0x20 ./Core/Src/gpio.o
 .debug_aranges
                0x0000000000000190       0x38 ./Core/Src/i2c.o
 .debug_aranges
                0x00000000000001c8       0x30 ./Core/Src/main.o
 .debug_aranges
                0x00000000000001f8       0x20 ./Core/Src/stm32f1xx_hal_msp.o
 .debug_aranges
                0x0000000000000218       0x88 ./Core/Src/stm32f1xx_it.o
 .debug_aranges